BL51 BANKED LINKER/LOCATER V6.22                                                        07/27/2017  12:08:33  PAGE 1


BL51 BANKED LINKER/LOCATER V6.22, INVOKED BY:
C:\KEIL\C51\BIN\BL51.EXE a_comfunc.obj, a_ll1func.obj, a_strfunc.obj, a_timerfunc.obj, bmp180.obj, Delay_12M.obj, EEPROM
>> .obj, main.obj, mainioport.obj, mpu9250iica.obj, UNIQ_ID.obj, stc12_adc.obj, bmp280iica.obj TO 冻四电调MCU RAMSIZE (2
>> 56)


MEMORY MODEL: LARGE WITH FLOATING POINT ARITHMETIC


INPUT MODULES INCLUDED:
  a_comfunc.obj (A_COMFUNC)
  a_ll1func.obj (A_LL1FUNC)
  a_strfunc.obj (A_STRFUNC)
  a_timerfunc.obj (A_TIMERFUNC)
  bmp180.obj (BMP180)
  Delay_12M.obj (DELAY_12M)
  EEPROM.obj (EEPROM)
  main.obj (MAIN)
  mainioport.obj (MAINIOPORT)
  mpu9250iica.obj (MPU9250IICA)
  UNIQ_ID.obj (UNIQ_ID)
  stc12_adc.obj (STC12_ADC)
  bmp280iica.obj (BMP280IICA)
  C:\KEIL\C51\LIB\C51FPL.LIB (?C?FPADD)
  C:\KEIL\C51\LIB\C51FPL.LIB (?C?FPMUL)
  C:\KEIL\C51\LIB\C51FPL.LIB (?C?FPDIV)
  C:\KEIL\C51\LIB\C51FPL.LIB (?C?FCAST)
  C:\KEIL\C51\LIB\C51FPL.LIB (?C?CASTF)
  C:\KEIL\C51\LIB\C51FPL.LIB (PRINTF)
  C:\KEIL\C51\LIB\C51FPL.LIB (?C?FPGETOPN)
  C:\KEIL\C51\LIB\C51FPL.LIB (?C?FPROUND)
  C:\KEIL\C51\LIB\C51FPL.LIB (?C?FPCONVERT)
  C:\KEIL\C51\LIB\C51FPL.LIB (?C?FTNPWR)
  C:\KEIL\C51\LIB\C51L.LIB (?C_STARTUP)
  C:\KEIL\C51\LIB\C51L.LIB (?C?COPY)
  C:\KEIL\C51\LIB\C51L.LIB (?C?CLDPTR)
  C:\KEIL\C51\LIB\C51L.LIB (?C?CLDOPTR)
  C:\KEIL\C51\LIB\C51L.LIB (?C?CILDOPTR)
  C:\KEIL\C51\LIB\C51L.LIB (?C?CSTPTR)
  C:\KEIL\C51\LIB\C51L.LIB (?C?CSTOPTR)
  C:\KEIL\C51\LIB\C51L.LIB (?C?UIDIV)
  C:\KEIL\C51\LIB\C51L.LIB (?C?ILDPTR)
  C:\KEIL\C51\LIB\C51L.LIB (?C?ILDOPTR)
  C:\KEIL\C51\LIB\C51L.LIB (?C?IILDOPTR)
  C:\KEIL\C51\LIB\C51L.LIB (?C?ISTPTR)
  C:\KEIL\C51\LIB\C51L.LIB (?C?ISTOPTR)
  C:\KEIL\C51\LIB\C51L.LIB (?C?LMUL)
  C:\KEIL\C51\LIB\C51L.LIB (?C?ULDIV)
  C:\KEIL\C51\LIB\C51L.LIB (?C?SLDIV)
  C:\KEIL\C51\LIB\C51L.LIB (?C?LNEG)
  C:\KEIL\C51\LIB\C51L.LIB (?C?ULCMP)
  C:\KEIL\C51\LIB\C51L.LIB (?C?ULSHR)
  C:\KEIL\C51\LIB\C51L.LIB (?C?SLSHR)
  C:\KEIL\C51\LIB\C51L.LIB (?C?LSHL)
  C:\KEIL\C51\LIB\C51L.LIB (?C?LLDPTR)
  C:\KEIL\C51\LIB\C51L.LIB (?C?LLDOPTR)
  C:\KEIL\C51\LIB\C51L.LIB (?C?LSTPTR)
  C:\KEIL\C51\LIB\C51L.LIB (?C?LSTOPTR)
BL51 BANKED LINKER/LOCATER V6.22                                                      07/27/2017  12:08:33  PAGE 2


  C:\KEIL\C51\LIB\C51L.LIB (?C?LSTXDATA)
  C:\KEIL\C51\LIB\C51L.LIB (?C?LSTKXDATA)
  C:\KEIL\C51\LIB\C51L.LIB (?C?LSTKOPTR)
  C:\KEIL\C51\LIB\C51L.LIB (?C?PLDIXDATA)
  C:\KEIL\C51\LIB\C51L.LIB (?C?PSTXDATA)
  C:\KEIL\C51\LIB\C51L.LIB (?C?PLDPTR)
  C:\KEIL\C51\LIB\C51L.LIB (?C?PSTPTR)
  C:\KEIL\C51\LIB\C51L.LIB (?C?CCASE)
  C:\KEIL\C51\LIB\C51L.LIB (PUTCHAR)
  C:\KEIL\C51\LIB\C51L.LIB (?C?MEMSET)
  C:\KEIL\C51\LIB\C51L.LIB (?C_INIT)
  C:\KEIL\C51\LIB\C51L.LIB (?C?IILDX)
  C:\KEIL\C51\LIB\C51L.LIB (?C?LLDIDATA)
  C:\KEIL\C51\LIB\C51L.LIB (?C?LLDXDATA)
  C:\KEIL\C51\LIB\C51L.LIB (?C?LLDPDATA)
  C:\KEIL\C51\LIB\C51L.LIB (?C?LLDCODE)
  C:\KEIL\C51\LIB\C51L.LIB (?C?LSTIDATA)
  C:\KEIL\C51\LIB\C51L.LIB (?C?LSTPDATA)
  C:\KEIL\C51\LIB\C51L.LIB (?C?LSTKIDATA)
  C:\KEIL\C51\LIB\C51L.LIB (?C?LSTKPDATA)
  C:\KEIL\C51\LIB\C51L.LIB (?C?PLDIDATA)
  C:\KEIL\C51\LIB\C51L.LIB (?C?PSTIDATA)
  C:\KEIL\C51\LIB\C51L.LIB (?C?PLDXDATA)
  C:\KEIL\C51\LIB\C51L.LIB (?C?PLDPDATA)
  C:\KEIL\C51\LIB\C51L.LIB (?C?PSTPDATA)
  C:\KEIL\C51\LIB\C51L.LIB (?C?PLDCODE)


LINK MAP OF MODULE:  冻四电调MCU (A_COMFUNC)


            TYPE    BASE      LENGTH    RELOCATION   SEGMENT NAME
            -----------------------------------------------------

            * * * * * * *   D A T A   M E M O R Y   * * * * * * *
            REG     0000H     0008H     ABSOLUTE     "REG BANK 0"
            DATA    0008H     0005H     UNIT         _DATA_GROUP_
            IDATA   000DH     0003H     UNIT         ?ID?MAIN
                    0010H     0010H                  *** GAP ***
            BIT     0020H.0   0001H.1   UNIT         _BIT_GROUP_
                    0021H.1   0000H.7                *** GAP ***
            IDATA   0022H     0001H     UNIT         ?STACK

            * * * * * * *  X D A T A   M E M O R Y  * * * * * * *
            XDATA   0000H     01CBH     UNIT         ?XD?MAIN
            XDATA   01CBH     0054H     UNIT         _XDATA_GROUP_
            XDATA   021FH     003CH     UNIT         ?XD?BMP280IICA
            XDATA   025BH     0030H     UNIT         ?XD?BMP085CONVERT?BMP180
            XDATA   028BH     002AH     UNIT         ?XD?MPU9250IICA
            XDATA   02B5H     001EH     UNIT         ?XD?BMP180
            XDATA   02D3H     0017H     UNIT         ?XD?A_LL1FUNC
            XDATA   02EAH     0004H     UNIT         ?XD?_DELAY?BMP180
            XDATA   02EEH     0002H     UNIT         ?XD?A_COMFUNC

            * * * * * * *   C O D E   M E M O R Y   * * * * * * *
            CODE    0000H     0003H     ABSOLUTE     
            CODE    0003H     0008H     UNIT         ?PR?I2C_NOACK?MPU9250IICA
BL51 BANKED LINKER/LOCATER V6.22                                                      07/27/2017  12:08:33  PAGE 3


            CODE    000BH     0003H     ABSOLUTE     
            CODE    000EH     000DH     UNIT         ?PR?BMP085_RECVACK?BMP180
            CODE    001BH     0003H     ABSOLUTE     
                    001EH     0005H                  *** GAP ***
            CODE    0023H     0003H     ABSOLUTE     
            CODE    0026H     001DH     UNIT         ?PR?_BMP085_SENDBYTE?BMP180
            CODE    0043H     0003H     ABSOLUTE     
            CODE    0046H     0055H     UNIT         ?PR?_M22ATBUF_T_DEFAULT?MAIN
            CODE    009BH     0003H     ABSOLUTE     
                    009EH     0005H                  *** GAP ***
            CODE    00A3H     0003H     ABSOLUTE     
            CODE    00A6H     0C16H     UNIT         ?C?LIB_CODE
            CODE    0CBCH     05B4H     UNIT         ?PR?GET_BMP280?BMP280IICA
            CODE    1270H     04F1H     UNIT         ?PR?_TA3POSTCMD?MAIN
            CODE    1761H     048AH     UNIT         ?PR?BMP085CONVERT?BMP180
            CODE    1BEBH     0483H     UNIT         ?PR?PRINTF?PRINTF
            CODE    206EH     037CH     UNIT         ?PR?_TA4TK?MAIN
            CODE    23EAH     024AH     UNIT         ?PR?READ_MPU9250_GYRO?MPU9250IICA
            CODE    2634H     01C2H     UNIT         ?PR?RESET_BMP280?BMP280IICA
            CODE    27F6H     01C1H     UNIT         ?PR?MAIN?MAIN
            CODE    29B7H     01A8H     UNIT         ?PR?_TA62READDATA?MAIN
            CODE    2B5FH     0198H     UNIT         ?PR?READ_MPU9250_ACCEL?MPU9250IICA
            CODE    2CF7H     0192H     UNIT         ?PR?READ_MPU9250_MAG?MPU9250IICA
            CODE    2E89H     014DH     UNIT         ?PR?_TTA?MAIN
            CODE    2FD6H     012EH     UNIT         ?PR?_TA1COMRECV?MAIN
            CODE    3104H     0118H     UNIT         ?PR?_TTB?MAIN
            CODE    321CH     0118H     UNIT         ?PR?_TTC?MAIN
            CODE    3334H     0118H     UNIT         ?PR?_TTD?MAIN
            CODE    344CH     00F4H     UNIT         ?CO?MAIN
            CODE    3540H     00F2H     UNIT         ?PR?_TM_TK?A_TIMERFUNC
            CODE    3632H     00EDH     UNIT         ?PR?_SHAREDATA_MAIN_READY?A_STRFUNC
            CODE    371FH     00C3H     UNIT         ?PR?LL1_EAT_UINT?A_LL1FUNC
            CODE    37E2H     00ADH     UNIT         ?PR?_M1CONF_T_DEFAULT?MAIN
            CODE    388FH     00A8H     UNIT         ?PR?_SHAREDATA_INTERRUPT_FOLLOWREFRESH?A_STRFUNC
            CODE    3937H     0090H     UNIT         ?PR?INIT_BMP085?BMP180
            CODE    39C7H     008FH     UNIT         ?PR?_LL1_EAT_STR_WHITEVT?A_LL1FUNC
            CODE    3A56H     008EH     UNIT         ?PR?_TA71BEEPLONG?MAIN
            CODE    3AE4H     008EH     UNIT         ?PR?_TA72BEEPSHORT?MAIN
            CODE    3B72H     008CH     UNIT         ?C_C51STARTUP
            CODE    3BFEH     0083H     UNIT         ?PR?_LL1_EAT_SZVT?A_LL1FUNC
            CODE    3C81H     0080H     UNIT         ?PR?_TM_RST?A_TIMERFUNC
            CODE    3D01H     0080H     UNIT         ?PR?_TM_RST1?A_TIMERFUNC
            CODE    3D81H     0073H     UNIT         ?PR?LL1_EAT1?A_LL1FUNC
            CODE    3DF4H     006CH     UNIT         ?PR?_LL1_RESET?A_LL1FUNC
            CODE    3E60H     005DH     UNIT         ?PR?LL1_BACK1?A_LL1FUNC
            CODE    3EBDH     0059H     UNIT         ?PR?LL1_POP?A_LL1FUNC
            CODE    3F16H     0055H     UNIT         ?PR?_MANY_READ?BMP280IICA
            CODE    3F6BH     0054H     UNIT         ?PR?LL1_PUSH?A_LL1FUNC
            CODE    3FBFH     0051H     UNIT         ?PR?UART_SER?MAIN
            CODE    4010H     004BH     UNIT         ?PR?INIT_MPU9250?MPU9250IICA
            CODE    405BH     0049H     UNIT         ?C_INITSEG
            CODE    40A4H     0049H     UNIT         ?PR?MAINIOPORT_INIT?MAINIOPORT
            CODE    40EDH     0045H     UNIT         ?PR?_M5RUNTIME_T_DEFAULT?MAIN
            CODE    4132H     0044H     UNIT         ?C?LDIV
            CODE    4176H     0043H     UNIT         ?PR?_SINGLE_READ?MPU9250IICA
            CODE    41B9H     0042H     UNIT         ?PR?_DELAY?BMP180
            CODE    41FBH     0041H     UNIT         ?PR?TIMER0_ROUTINE?MAIN
BL51 BANKED LINKER/LOCATER V6.22                                                      07/27/2017  12:08:33  PAGE 4


            CODE    423CH     003BH     UNIT         ?PR?_MULTIPLE_READ?BMP180
            CODE    4277H     0036H     UNIT         ?PR?_M12PWM_T_DEFAULT?MAIN
            CODE    42ADH     0035H     UNIT         ?PR?TIMER1_ROUTINE?MAIN
            CODE    42E2H     0035H     UNIT         ?PR?TIMER3_ROUTINE?MAIN
            CODE    4317H     0035H     UNIT         ?PR?TIMER4_ROUTINE?MAIN
            CODE    434CH     0033H     UNIT         ?PR?_DELAYMS?DELAY_12M
            CODE    437FH     0031H     UNIT         ?PR?_TM_TK_N?A_TIMERFUNC
            CODE    43B0H     0030H     UNIT         ?PR?_SINGLE_WRITE?MPU9250IICA
            CODE    43E0H     0029H     UNIT         ?PR?UART2_SER?MAIN
            CODE    4409H     0028H     UNIT         ?PR?I2C_RADEBYTE?MPU9250IICA
            CODE    4431H     0027H     UNIT         ?PR?_TM_INIT?A_TIMERFUNC
            CODE    4458H     0027H     UNIT         ?PR?_I2C_SENDBYTE?MPU9250IICA
            CODE    447FH     0027H     UNIT         ?PR?PUTCHAR?PUTCHAR
            CODE    44A6H     0026H     UNIT         ?PR?_GETADCRESULT?STC12_ADC
            CODE    44CCH     0026H     UNIT         ?PR?_SINGLE_WRITE?BMP280IICA
            CODE    44F2H     0025H     UNIT         ?PR?_I2C_SENDBYTE?BMP280IICA
            CODE    4517H     0023H     UNIT         ?PR?I2C_WAITACK?BMP280IICA
            CODE    453AH     0022H     UNIT         ?PR?I2C_READBYTE?BMP280IICA
            CODE    455CH     0021H     UNIT         ?PR?BMP085_RECVBYTE?BMP180
            CODE    457DH     0020H     UNIT         ?PR?I2C_START?BMP280IICA
            CODE    459DH     001EH     UNIT         ?PR?BMP085READPRESSURE?BMP180
            CODE    45BBH     001CH     UNIT         ?PR?I2C_START?MPU9250IICA
            CODE    45D7H     001BH     UNIT         ?PR?I2C_WAITACK?MPU9250IICA
            CODE    45F2H     0019H     UNIT         ?PR?BMP085READTEMP?BMP180
            CODE    460BH     0015H     UNIT         ?PR?_DELAYUS2X?DELAY_12M
            CODE    4620H     0015H     UNIT         ?PR?_DELAYMS_SMALL?DELAY_12M
            CODE    4635H     0013H     UNIT         ?PR?_COM1SENDU8SS?A_COMFUNC
            CODE    4648H     0013H     UNIT         ?PR?_COM2SENDU8SS?A_COMFUNC
            CODE    465BH     0013H     UNIT         ?PR?UART1INIT?MAIN
            CODE    466EH     0011H     UNIT         ?PR?TIMER0INIT?MAIN
            CODE    467FH     0011H     UNIT         ?PR?TIMER1INIT?MAIN
            CODE    4690H     0011H     UNIT         ?PR?I2C_DELAY?MPU9250IICA
            CODE    46A1H     0011H     UNIT         ?PR?I2C_DELAY?BMP280IICA
            CODE    46B2H     0010H     UNIT         ?PR?UART2INIT?MAIN
            CODE    46C2H     0010H     UNIT         ?PR?_INITADC?STC12_ADC
            CODE    46D2H     000FH     UNIT         ?PR?BMP085_START?BMP180
            CODE    46E1H     000FH     UNIT         ?PR?I2C_STOP?MPU9250IICA
            CODE    46F0H     000FH     UNIT         ?PR?I2C_NOACK?BMP280IICA
            CODE    46FFH     000EH     UNIT         ?PR?_COM1SENDU8?A_COMFUNC
            CODE    470DH     000EH     UNIT         ?PR?_COM2SENDU8?A_COMFUNC
            CODE    471BH     000DH     UNIT         ?PR?TIMER3INIT?MAIN
            CODE    4728H     000DH     UNIT         ?PR?TIMER4INIT?MAIN
            CODE    4735H     000CH     UNIT         ?PR?I2C_DELAY?BMP180
            CODE    4741H     000BH     UNIT         ?PR?_DELAYMS?MPU9250IICA
            CODE    474CH     000AH     UNIT         ?PR?BMP085_STOP?BMP180
            CODE    4756H     000AH     UNIT         ?PR?BMP085_SENDACK?BMP180
            CODE    4760H     0008H     UNIT         ?PR?I2C_STOP?BMP280IICA
            CODE    4768H     0008H     UNIT         ?PR?I2C_ACK?BMP280IICA
            CODE    4770H     0007H     UNIT         ?PR?DELAY5MS?BMP180
            CODE    4777H     0007H     UNIT         ?PR?DELAY5MS?MPU9250IICA



OVERLAY MAP OF MODULE:   冻四电调MCU (A_COMFUNC)


SEGMENT                                             BIT_GROUP          DATA_GROUP          XDATA_GROUP
BL51 BANKED LINKER/LOCATER V6.22                                                      07/27/2017  12:08:33  PAGE 5


  +--> CALLED SEGMENT                            START    LENGTH     START    LENGTH     START    LENGTH
--------------------------------------------------------------------------------------------------------
?PR?TIMER0_ROUTINE?MAIN                          -----    -----      -----    -----      -----    -----
  +--> ?PR?_TTA?MAIN

?PR?_TTA?MAIN                                    -----    -----      -----    -----      01CBH    0003H
  +--> ?CO?MAIN
  +--> ?PR?_TA4TK?MAIN
  +--> ?PR?_SHAREDATA_INTERRUPT_FOLLOWREFRES...

?PR?_TA4TK?MAIN                                  -----    -----      -----    -----      01CEH    0003H

?PR?_SHAREDATA_INTERRUPT_FOLLOWREFRES...         -----    -----      -----    -----      01CEH    000BH

*** NEW ROOT ***************************************************

?PR?TIMER1_ROUTINE?MAIN                          -----    -----      -----    -----      -----    -----
  +--> ?PR?_TTB?MAIN

?PR?_TTB?MAIN                                    -----    -----      -----    -----      01D9H    0003H
  +--> ?CO?MAIN

*** NEW ROOT ***************************************************

?PR?TIMER3_ROUTINE?MAIN                          -----    -----      -----    -----      -----    -----
  +--> ?PR?_TTC?MAIN

?PR?_TTC?MAIN                                    -----    -----      -----    -----      01DCH    0003H
  +--> ?CO?MAIN

*** NEW ROOT ***************************************************

?PR?TIMER4_ROUTINE?MAIN                          -----    -----      -----    -----      -----    -----
  +--> ?PR?_TTD?MAIN

?PR?_TTD?MAIN                                    -----    -----      -----    -----      01DFH    0003H
  +--> ?CO?MAIN

*** NEW ROOT ***************************************************

?PR?UART_SER?MAIN                                -----    -----      -----    -----      -----    -----
  +--> ?PR?_TA1COMRECV?MAIN

?PR?_TA1COMRECV?MAIN                             -----    -----      -----    -----      01E2H    0003H
  +--> ?PR?_TM_RST?A_TIMERFUNC
  +--> ?CO?MAIN
  +--> ?PR?_LL1_RESET?A_LL1FUNC

?PR?_TM_RST?A_TIMERFUNC                          -----    -----      -----    -----      01E5H    0007H

?PR?_LL1_RESET?A_LL1FUNC                         -----    -----      -----    -----      01E5H    0003H

*** NEW ROOT ***************************************************

?C_C51STARTUP                                    -----    -----      -----    -----      -----    -----
  +--> ?PR?MAIN?MAIN
  +--> ?C_INITSEG
BL51 BANKED LINKER/LOCATER V6.22                                                      07/27/2017  12:08:33  PAGE 6



?PR?MAIN?MAIN                                    -----    -----      -----    -----      -----    -----
  +--> ?PR?TIMER0INIT?MAIN
  +--> ?PR?TIMER1INIT?MAIN
  +--> ?PR?TIMER3INIT?MAIN
  +--> ?PR?TIMER4INIT?MAIN
  +--> ?PR?UART1INIT?MAIN
  +--> ?PR?UART2INIT?MAIN
  +--> ?PR?MAINIOPORT_INIT?MAINIOPORT
  +--> ?PR?_M1CONF_T_DEFAULT?MAIN
  +--> ?PR?_M5RUNTIME_T_DEFAULT?MAIN
  +--> ?PR?_M12PWM_T_DEFAULT?MAIN
  +--> ?PR?_M22ATBUF_T_DEFAULT?MAIN
  +--> ?PR?INIT_MPU9250?MPU9250IICA
  +--> ?PR?INIT_BMP085?BMP180
  +--> ?PR?_TM_INIT?A_TIMERFUNC
  +--> ?PR?_DELAYMS?DELAY_12M
  +--> ?PR?GET_BMP280?BMP280IICA
  +--> ?CO?MAIN
  +--> ?PR?PRINTF?PRINTF
  +--> ?PR?_COM1SENDU8SS?A_COMFUNC
  +--> ?PR?READ_MPU9250_ACCEL?MPU9250IICA
  +--> ?PR?_TA3POSTCMD?MAIN
  +--> ?PR?_TA62READDATA?MAIN
  +--> ?PR?_TM_TK_N?A_TIMERFUNC
  +--> ?PR?_TA71BEEPLONG?MAIN
  +--> ?PR?_TA72BEEPSHORT?MAIN

?PR?_M1CONF_T_DEFAULT?MAIN                       -----    -----      -----    -----      01ECH    0003H

?PR?_M22ATBUF_T_DEFAULT?MAIN                     -----    -----      -----    -----      01ECH    0003H

?PR?INIT_MPU9250?MPU9250IICA                     -----    -----      -----    -----      -----    -----
  +--> ?PR?_SINGLE_WRITE?MPU9250IICA

?PR?_SINGLE_WRITE?MPU9250IICA                    -----    -----      -----    -----      -----    -----
  +--> ?PR?I2C_START?MPU9250IICA
  +--> ?PR?_I2C_SENDBYTE?MPU9250IICA
  +--> ?PR?I2C_WAITACK?MPU9250IICA
  +--> ?PR?I2C_STOP?MPU9250IICA
  +--> ?PR?DELAY5MS?MPU9250IICA

?PR?I2C_START?MPU9250IICA                        -----    -----      -----    -----      -----    -----
  +--> ?PR?I2C_DELAY?MPU9250IICA

?PR?_I2C_SENDBYTE?MPU9250IICA                    -----    -----      -----    -----      -----    -----
  +--> ?PR?I2C_DELAY?MPU9250IICA

?PR?I2C_WAITACK?MPU9250IICA                      -----    -----      -----    -----      -----    -----
  +--> ?PR?_I2C_SENDBYTE?MPU9250IICA
  +--> ?PR?I2C_DELAY?MPU9250IICA

?PR?I2C_STOP?MPU9250IICA                         -----    -----      -----    -----      -----    -----
  +--> ?PR?I2C_DELAY?MPU9250IICA

?PR?DELAY5MS?MPU9250IICA                         -----    -----      -----    -----      -----    -----
  +--> ?PR?_DELAYMS?DELAY_12M
BL51 BANKED LINKER/LOCATER V6.22                                                      07/27/2017  12:08:33  PAGE 7



?PR?_DELAYMS?DELAY_12M                           -----    -----      -----    -----      01EFH    0001H
  +--> ?PR?_DELAYMS_SMALL?DELAY_12M

?PR?_DELAYMS_SMALL?DELAY_12M                     -----    -----      -----    -----      -----    -----
  +--> ?PR?_DELAYUS2X?DELAY_12M

?PR?INIT_BMP085?BMP180                           -----    -----      -----    -----      -----    -----
  +--> ?PR?_MULTIPLE_READ?BMP180

?PR?_MULTIPLE_READ?BMP180                        -----    -----      -----    -----      01ECH    0002H
  +--> ?PR?_BMP085_SENDBYTE?BMP180
  +--> ?PR?BMP085_START?BMP180
  +--> ?PR?BMP085_RECVBYTE?BMP180
  +--> ?PR?BMP085_SENDACK?BMP180
  +--> ?PR?BMP085_STOP?BMP180
  +--> ?PR?DELAY5MS?BMP180

?PR?_BMP085_SENDBYTE?BMP180                      -----    -----      -----    -----      -----    -----
  +--> ?PR?BMP085_START?BMP180
  +--> ?PR?I2C_DELAY?BMP180
  +--> ?PR?BMP085_RECVACK?BMP180

?PR?BMP085_START?BMP180                          -----    -----      -----    -----      -----    -----
  +--> ?PR?I2C_DELAY?BMP180

?PR?BMP085_RECVACK?BMP180                        -----    -----      -----    -----      -----    -----
  +--> ?PR?I2C_DELAY?BMP180

?PR?BMP085_RECVBYTE?BMP180                       -----    -----      -----    -----      -----    -----
  +--> ?PR?I2C_DELAY?BMP180

?PR?BMP085_SENDACK?BMP180                        0020H.0  0000H.1    -----    -----      -----    -----
  +--> ?PR?I2C_DELAY?BMP180

?PR?BMP085_STOP?BMP180                           -----    -----      -----    -----      -----    -----
  +--> ?PR?I2C_DELAY?BMP180

?PR?DELAY5MS?BMP180                              -----    -----      -----    -----      -----    -----
  +--> ?PR?_DELAYMS?DELAY_12M

?PR?_TM_INIT?A_TIMERFUNC                         -----    -----      -----    -----      01ECH    0003H

?PR?GET_BMP280?BMP280IICA                        -----    -----      -----    -----      01EFH    001CH
  +--> ?PR?_MANY_READ?BMP280IICA

?PR?_MANY_READ?BMP280IICA                        -----    -----      -----    -----      -----    -----
  +--> ?PR?I2C_START?BMP280IICA
  +--> ?PR?I2C_WAITACK?BMP280IICA
  +--> ?PR?_I2C_SENDBYTE?BMP280IICA
  +--> ?PR?I2C_READBYTE?BMP280IICA
  +--> ?PR?I2C_ACK?BMP280IICA
  +--> ?PR?I2C_NOACK?BMP280IICA
  +--> ?PR?I2C_STOP?BMP280IICA

?PR?I2C_START?BMP280IICA                         -----    -----      -----    -----      -----    -----
  +--> ?PR?I2C_DELAY?BMP280IICA
BL51 BANKED LINKER/LOCATER V6.22                                                      07/27/2017  12:08:33  PAGE 8



?PR?I2C_WAITACK?BMP280IICA                       -----    -----      -----    -----      -----    -----
  +--> ?PR?_I2C_SENDBYTE?BMP280IICA
  +--> ?PR?I2C_DELAY?BMP280IICA

?PR?_I2C_SENDBYTE?BMP280IICA                     -----    -----      -----    -----      -----    -----
  +--> ?PR?I2C_DELAY?BMP280IICA

?PR?I2C_READBYTE?BMP280IICA                      -----    -----      -----    -----      -----    -----
  +--> ?PR?I2C_DELAY?BMP280IICA

?PR?I2C_ACK?BMP280IICA                           -----    -----      -----    -----      -----    -----
  +--> ?PR?I2C_DELAY?BMP280IICA

?PR?I2C_NOACK?BMP280IICA                         -----    -----      -----    -----      -----    -----
  +--> ?PR?I2C_DELAY?BMP280IICA

?PR?I2C_STOP?BMP280IICA                          -----    -----      -----    -----      -----    -----
  +--> ?PR?I2C_DELAY?BMP280IICA

?PR?PRINTF?PRINTF                                0020H.0  0001H.1    0008H    0005H      01EFH    0030H
  +--> ?PR?PUTCHAR?PUTCHAR

?PR?_COM1SENDU8SS?A_COMFUNC                      -----    -----      -----    -----      -----    -----
  +--> ?PR?_COM1SENDU8?A_COMFUNC

?PR?READ_MPU9250_ACCEL?MPU9250IICA               -----    -----      -----    -----      -----    -----
  +--> ?PR?_SINGLE_READ?MPU9250IICA

?PR?_SINGLE_READ?MPU9250IICA                     -----    -----      -----    -----      -----    -----
  +--> ?PR?I2C_START?MPU9250IICA
  +--> ?PR?I2C_WAITACK?MPU9250IICA
  +--> ?PR?I2C_STOP?MPU9250IICA
  +--> ?PR?_I2C_SENDBYTE?MPU9250IICA
  +--> ?PR?I2C_RADEBYTE?MPU9250IICA
  +--> ?PR?I2C_NOACK?MPU9250IICA

?PR?I2C_RADEBYTE?MPU9250IICA                     -----    -----      -----    -----      -----    -----
  +--> ?PR?I2C_DELAY?MPU9250IICA

?PR?I2C_NOACK?MPU9250IICA                        -----    -----      -----    -----      -----    -----
  +--> ?PR?I2C_DELAY?MPU9250IICA

?PR?_TA3POSTCMD?MAIN                             -----    -----      -----    -----      01ECH    0003H
  +--> ?PR?LL1_PUSH?A_LL1FUNC
  +--> ?CO?MAIN
  +--> ?PR?_LL1_EAT_SZVT?A_LL1FUNC
  +--> ?PR?_LL1_EAT_STR_WHITEVT?A_LL1FUNC
  +--> ?PR?LL1_EAT_UINT?A_LL1FUNC
  +--> ?PR?_SHAREDATA_MAIN_READY?A_STRFUNC
  +--> ?PR?LL1_POP?A_LL1FUNC
  +--> ?PR?PRINTF?PRINTF
  +--> ?PR?_COM1SENDU8SS?A_COMFUNC

?PR?_LL1_EAT_SZVT?A_LL1FUNC                      -----    -----      -----    -----      01EFH    0003H
  +--> ?PR?LL1_EAT1?A_LL1FUNC
  +--> ?PR?LL1_BACK1?A_LL1FUNC
BL51 BANKED LINKER/LOCATER V6.22                                                      07/27/2017  12:08:33  PAGE 9



?PR?_LL1_EAT_STR_WHITEVT?A_LL1FUNC               -----    -----      -----    -----      01EFH    0005H
  +--> ?PR?LL1_EAT1?A_LL1FUNC
  +--> ?PR?LL1_BACK1?A_LL1FUNC

?PR?LL1_EAT_UINT?A_LL1FUNC                       -----    -----      -----    -----      01EFH    0006H
  +--> ?PR?LL1_EAT1?A_LL1FUNC
  +--> ?PR?LL1_BACK1?A_LL1FUNC

?PR?_SHAREDATA_MAIN_READY?A_STRFUNC              -----    -----      -----    -----      01EFH    000BH

?PR?_TA62READDATA?MAIN                           -----    -----      -----    -----      01ECH    0003H
  +--> ?PR?READ_MPU9250_ACCEL?MPU9250IICA
  +--> ?PR?READ_MPU9250_GYRO?MPU9250IICA
  +--> ?PR?READ_MPU9250_MAG?MPU9250IICA
  +--> ?PR?GET_BMP280?BMP280IICA

?PR?READ_MPU9250_GYRO?MPU9250IICA                -----    -----      -----    -----      -----    -----
  +--> ?PR?_SINGLE_READ?MPU9250IICA

?PR?READ_MPU9250_MAG?MPU9250IICA                 -----    -----      -----    -----      -----    -----
  +--> ?PR?_SINGLE_WRITE?MPU9250IICA
  +--> ?PR?_DELAYMS?MPU9250IICA
  +--> ?PR?_SINGLE_READ?MPU9250IICA

?PR?_DELAYMS?MPU9250IICA                         -----    -----      -----    -----      -----    -----
  +--> ?PR?_DELAYMS?DELAY_12M

?PR?_TM_TK_N?A_TIMERFUNC                         -----    -----      -----    -----      01ECH    0005H
  +--> ?PR?_TM_TK?A_TIMERFUNC

?PR?_TM_TK?A_TIMERFUNC                           -----    -----      -----    -----      01F1H    0003H

?PR?_TA71BEEPLONG?MAIN                           -----    -----      -----    -----      01ECH    0003H
  +--> ?PR?_TM_RST1?A_TIMERFUNC

?PR?_TM_RST1?A_TIMERFUNC                         -----    -----      -----    -----      01EFH    0007H

?PR?_TA72BEEPSHORT?MAIN                          -----    -----      -----    -----      01ECH    0003H
  +--> ?PR?_TM_RST1?A_TIMERFUNC



SYMBOL TABLE OF MODULE:  冻四电调MCU (A_COMFUNC)

  VALUE           TYPE          NAME
  ----------------------------------

  -------         MODULE        A_COMFUNC
  C:0000H         SYMBOL        _ICE_DUMMY_
  D:0080H         PUBLIC        P0
  D:0090H         PUBLIC        P1
  D:00A0H         PUBLIC        P2
  D:00B0H         PUBLIC        P3
  D:00C0H         PUBLIC        P4
  D:00C8H         PUBLIC        P5
  D:00E8H         PUBLIC        P6
BL51 BANKED LINKER/LOCATER V6.22                                                      07/27/2017  12:08:33  PAGE 10


  D:00F8H         PUBLIC        P7
  D:00A8H         PUBLIC        IE
  D:00B8H         PUBLIC        IP
  D:00D8H         PUBLIC        CCON
  D:0099H         PUBLIC        SBUF
  D:0098H         PUBLIC        SCON
  D:0088H         PUBLIC        TCON
  X:02EEH         PUBLIC        Com1_TI_flag
  X:02EFH         PUBLIC        Com2_TI_flag
  C:4635H         PUBLIC        _Com1SendU8ss
  C:4648H         PUBLIC        _Com2SendU8ss
  D:009BH         PUBLIC        S2BUF
  C:46FFH         PUBLIC        _Com1SendU8
  C:470DH         PUBLIC        _Com2SendU8
  D:00D0H         PUBLIC        PSW
  -------         PROC          _COM1SENDU8
  D:0007H         SYMBOL        c
  C:46FFH         LINE#         20
  C:46FFH         LINE#         21
  C:46FFH         LINE#         22
  C:470AH         LINE#         23
  C:470CH         LINE#         24
  -------         ENDPROC       _COM1SENDU8
  -------         PROC          _COM1SENDU8SS
  D:0001H         SYMBOL        s
  C:4635H         LINE#         30
  C:4635H         LINE#         31
  C:4635H         LINE#         32
  C:4635H         LINE#         33
  C:4635H         LINE#         34
  C:463BH         LINE#         35
  C:463EH         LINE#         36
  C:4645H         LINE#         37
  C:4647H         LINE#         38
  -------         ENDPROC       _COM1SENDU8SS
  -------         PROC          _COM2SENDU8
  D:0007H         SYMBOL        c
  C:470DH         LINE#         118
  C:470DH         LINE#         119
  C:470DH         LINE#         120
  C:4718H         LINE#         121
  C:471AH         LINE#         122
  -------         ENDPROC       _COM2SENDU8
  -------         PROC          _COM2SENDU8SS
  D:0001H         SYMBOL        s
  C:4648H         LINE#         128
  C:4648H         LINE#         129
  C:4648H         LINE#         130
  C:4648H         LINE#         131
  C:4648H         LINE#         132
  C:464EH         LINE#         133
  C:4651H         LINE#         134
  C:4658H         LINE#         135
  C:465AH         LINE#         136
  -------         ENDPROC       _COM2SENDU8SS
  -------         ENDMOD        A_COMFUNC

BL51 BANKED LINKER/LOCATER V6.22                                                      07/27/2017  12:08:33  PAGE 11


  -------         MODULE        A_LL1FUNC
  C:0000H         SYMBOL        _ICE_DUMMY_
  X:02D3H         PUBLIC        ll1_ws0
  C:3DF4H         PUBLIC        _ll1_reset
  C:3F6BH         PUBLIC        ll1_push
  C:3E60H         PUBLIC        ll1_back1
  C:3EBDH         PUBLIC        ll1_pop
  X:02E7H         PUBLIC        ll1_pws
  C:371FH         PUBLIC        ll1_eat_uint
  C:39C7H         PUBLIC        _ll1_eat_str_whitevt
  C:3D81H         PUBLIC        ll1_eat1
  C:3BFEH         PUBLIC        _ll1_eat_szvt
  -------         PROC          _LL1_RESET
  X:01E5H         SYMBOL        psenbuf
  D:0004H         SYMBOL        senbuflen
  C:3DF4H         LINE#         23
  C:3DFFH         LINE#         24
  C:3DFFH         LINE#         25
  C:3E0DH         LINE#         27
  C:3E2CH         LINE#         28
  C:3E42H         LINE#         29
  C:3E4BH         LINE#         30
  C:3E52H         LINE#         31
  C:3E59H         LINE#         32
  -------         ENDPROC       _LL1_RESET
  -------         PROC          LL1_EAT1
  C:3D81H         LINE#         42
  C:3D81H         LINE#         43
  C:3D81H         LINE#         44
  C:3DA2H         LINE#         45
  C:3DA2H         LINE#         46
  C:3DA9H         LINE#         47
  C:3DB0H         LINE#         49
  C:3DB0H         LINE#         51
  C:3DC3H         LINE#         52
  C:3DE9H         LINE#         53
  C:3DF3H         LINE#         54
  -------         ENDPROC       LL1_EAT1
  -------         PROC          LL1_BACK1
  C:3E60H         LINE#         64
  C:3E60H         LINE#         65
  C:3E60H         LINE#         66
  C:3E7DH         LINE#         67
  C:3E7DH         LINE#         68
  C:3E81H         LINE#         69
  C:3E87H         LINE#         71
  C:3E87H         LINE#         73
  C:3E8CH         LINE#         74
  C:3E96H         LINE#         75
  C:3EBCH         LINE#         76
  -------         ENDPROC       LL1_BACK1
  -------         PROC          _LL1_EAT_SZVT
  X:01EFH         SYMBOL        sz
  -------         DO            
  D:0004H         SYMBOL        j
  -------         ENDDO         
  C:3BFEH         LINE#         116
BL51 BANKED LINKER/LOCATER V6.22                                                      07/27/2017  12:08:33  PAGE 12


  C:3C09H         LINE#         117
  C:3C09H         LINE#         120
  C:3C20H         LINE#         121
  C:3C20H         LINE#         124
  C:3C23H         LINE#         126
  C:3C36H         LINE#         127
  C:3C36H         LINE#         129
  C:3C36H         LINE#         131
  C:3C5DH         LINE#         132
  C:3C5DH         LINE#         133
  C:3C60H         LINE#         134
  C:3C72H         LINE#         135
  C:3C79H         LINE#         137
  C:3C79H         LINE#         138
  C:3C80H         LINE#         139
  -------         ENDPROC       _LL1_EAT_SZVT
  -------         PROC          LL1_EAT_UINT
  -------         DO            
  X:01EFH         SYMBOL        j
  X:01F1H         SYMBOL        u
  -------         ENDDO         
  C:371FH         LINE#         149
  C:371FH         LINE#         150
  C:371FH         LINE#         152
  C:3729H         LINE#         154
  C:3730H         LINE#         155
  C:3730H         LINE#         156
  C:3733H         LINE#         160
  C:3750H         LINE#         161
  C:3750H         LINE#         162
  C:376DH         LINE#         163
  C:37B8H         LINE#         164
  C:37BAH         LINE#         166
  C:37BAH         LINE#         167
  C:37BDH         LINE#         168
  C:37BFH         LINE#         169
  C:37BFH         LINE#         170
  C:37D3H         LINE#         172
  C:37E1H         LINE#         173
  -------         ENDPROC       LL1_EAT_UINT
  -------         PROC          _LL1_EAT_STR_WHITEVT
  X:01EFH         SYMBOL        whitevtset
  -------         DO            
  X:01F2H         SYMBOL        beginindex
  D:0004H         SYMBOL        x
  -------         ENDDO         
  C:39C7H         LINE#         222
  C:39D2H         LINE#         223
  C:39D2H         LINE#         227
  C:39EDH         LINE#         229
  C:39EDH         LINE#         230
  C:39EDH         LINE#         231
  C:39F0H         LINE#         233
  C:3A03H         LINE#         234
  C:3A03H         LINE#         236
  C:3A1BH         LINE#         237
  C:3A1BH         LINE#         238
BL51 BANKED LINKER/LOCATER V6.22                                                      07/27/2017  12:08:33  PAGE 13


  C:3A2FH         LINE#         239
  C:3A2FH         LINE#         240
  C:3A36H         LINE#         242
  C:3A4AH         LINE#         243
  C:3A4AH         LINE#         244
  C:3A4DH         LINE#         245
  C:3A4DH         LINE#         246
  C:3A4DH         LINE#         247
  C:3A4DH         LINE#         249
  C:3A55H         LINE#         250
  -------         ENDPROC       _LL1_EAT_STR_WHITEVT
  -------         PROC          LL1_PUSH
  C:3F6BH         LINE#         261
  C:3F6BH         LINE#         262
  C:3F6BH         LINE#         263
  C:3FACH         LINE#         264
  -------         ENDPROC       LL1_PUSH
  -------         PROC          LL1_POP
  C:3EBDH         LINE#         274
  C:3EBDH         LINE#         275
  C:3EBDH         LINE#         276
  C:3ED0H         LINE#         277
  -------         ENDPROC       LL1_POP
  -------         ENDMOD        A_LL1FUNC

  -------         MODULE        A_STRFUNC
  C:0000H         SYMBOL        _ICE_DUMMY_
  C:3632H         PUBLIC        _sharedata_main_ready
  C:388FH         PUBLIC        _sharedata_interrupt_followrefresh
  -------         PROC          _SHAREDATA_MAIN_READY
  X:01EFH         SYMBOL        tWork
  X:01F2H         SYMBOL        t0
  X:01F5H         SYMBOL        t1
  X:01F8H         SYMBOL        len
  C:3632H         LINE#         103
  C:363DH         LINE#         104
  C:363DH         LINE#         105
  C:364BH         LINE#         106
  C:365EH         LINE#         107
  C:369DH         LINE#         108
  C:36ACH         LINE#         110
  C:36BCH         LINE#         111
  C:36CFH         LINE#         112
  C:3710H         LINE#         113
  -------         ENDPROC       _SHAREDATA_MAIN_READY
  -------         PROC          _SHAREDATA_INTERRUPT_FOLLOWREFRESH
  X:01CEH         SYMBOL        t0
  X:01D1H         SYMBOL        t1
  X:01D4H         SYMBOL        t2
  X:01D7H         SYMBOL        len
  C:388FH         LINE#         118
  C:389AH         LINE#         119
  C:389AH         LINE#         120
  C:38AAH         LINE#         121
  C:38B2H         LINE#         122
  C:38B2H         LINE#         123
  C:38D6H         LINE#         124
BL51 BANKED LINKER/LOCATER V6.22                                                      07/27/2017  12:08:33  PAGE 14


  C:38E8H         LINE#         125
  C:38E8H         LINE#         127
  C:38F8H         LINE#         128
  C:3900H         LINE#         129
  C:3900H         LINE#         130
  C:3924H         LINE#         131
  C:3936H         LINE#         132
  C:3936H         LINE#         133
  -------         ENDPROC       _SHAREDATA_INTERRUPT_FOLLOWREFRESH
  -------         ENDMOD        A_STRFUNC

  -------         MODULE        A_TIMERFUNC
  C:0000H         SYMBOL        _ICE_DUMMY_
  C:3C81H         PUBLIC        _tm_rst
  C:3540H         PUBLIC        _tm_tk
  C:3D01H         PUBLIC        _tm_rst1
  C:437FH         PUBLIC        _tm_tk_n
  C:4431H         PUBLIC        _tm_init
  -------         PROC          _TM_INIT
  X:01ECH         SYMBOL        t
  C:4431H         LINE#         49
  C:443CH         LINE#         50
  C:443CH         LINE#         65
  C:4445H         LINE#         67
  -------         ENDPROC       _TM_INIT
  -------         PROC          _TM_TK
  X:01F1H         SYMBOL        t
  C:3540H         LINE#         73
  C:354BH         LINE#         74
  C:354BH         LINE#         75
  C:355BH         LINE#         76
  C:355BH         LINE#         77
  C:3567H         LINE#         79
  C:356EH         LINE#         83
  C:3572H         LINE#         95
  C:3572H         LINE#         98
  C:3572H         LINE#         100
  C:358EH         LINE#         101
  C:358EH         LINE#         102
  C:358EH         LINE#         103
  C:3590H         LINE#         104
  C:3590H         LINE#         106
  C:35A3H         LINE#         108
  C:35BFH         LINE#         110
  C:35D0H         LINE#         111
  C:35D0H         LINE#         112
  C:35E3H         LINE#         113
  C:35E3H         LINE#         114
  C:35E3H         LINE#         116
  C:35E3H         LINE#         118
  C:35F6H         LINE#         119
  C:35F6H         LINE#         120
  C:3602H         LINE#         121
  C:360AH         LINE#         122
  C:360AH         LINE#         124
  C:361DH         LINE#         125
  C:361DH         LINE#         126
BL51 BANKED LINKER/LOCATER V6.22                                                      07/27/2017  12:08:33  PAGE 15


  C:3629H         LINE#         127
  C:3631H         LINE#         128
  C:3631H         LINE#         129
  -------         ENDPROC       _TM_TK
  -------         PROC          _TM_TK_N
  X:01ECH         SYMBOL        t
  X:01EFH         SYMBOL        t1
  X:01F0H         SYMBOL        t2
  C:437FH         LINE#         136
  C:438DH         LINE#         137
  C:438DH         LINE#         138
  C:4399H         LINE#         139
  C:43AFH         LINE#         140
  -------         ENDPROC       _TM_TK_N
  -------         PROC          _TM_RST
  X:01E5H         SYMBOL        t
  X:01E8H         SYMBOL        rst_value
  C:3C81H         LINE#         175
  C:3C92H         LINE#         176
  C:3C92H         LINE#         180
  C:3C97H         LINE#         185
  C:3CB6H         LINE#         187
  C:3CF0H         LINE#         191
  C:3D00H         LINE#         195
  -------         ENDPROC       _TM_RST
  -------         PROC          _TM_RST1
  X:01EFH         SYMBOL        t
  X:01F2H         SYMBOL        rst_value
  C:3D01H         LINE#         209
  C:3D12H         LINE#         210
  C:3D12H         LINE#         212
  C:3D17H         LINE#         217
  C:3D36H         LINE#         219
  C:3D70H         LINE#         222
  C:3D80H         LINE#         226
  -------         ENDPROC       _TM_RST1
  -------         ENDMOD        A_TIMERFUNC

  -------         MODULE        BMP180
  C:0000H         SYMBOL        _ICE_DUMMY_
  D:0080H         PUBLIC        P0
  D:0090H         PUBLIC        P1
  C:002BH         PUBLIC        _BMP085_SendByte
  D:00A0H         PUBLIC        P2
  D:00B0H         PUBLIC        P3
  D:00C0H         PUBLIC        P4
  D:00C8H         PUBLIC        P5
  X:02B5H         PUBLIC        g_bmp085_pressure
  D:00E8H         PUBLIC        P6
  C:474CH         PUBLIC        BMP085_Stop
  D:00F8H         PUBLIC        P7
  C:455CH         PUBLIC        BMP085_RecvByte
  C:4770H         SYMBOL        Delay5ms
  D:00A8H         PUBLIC        IE
  C:41C3H         SYMBOL        _delay
  X:02B9H         PUBLIC        b1
  X:02BBH         PUBLIC        b2
BL51 BANKED LINKER/LOCATER V6.22                                                      07/27/2017  12:08:33  PAGE 16


  D:00B8H         PUBLIC        IP
  B:00D0H.7       PUBLIC        CY
  D:00D8H         PUBLIC        CCON
  C:473CH         SYMBOL        I2C_delay
  D:0098H         PUBLIC        SCON
  D:0088H         PUBLIC        TCON
  C:4756H         PUBLIC        BMP085_SendACK
  C:459DH         PUBLIC        bmp085ReadPressure
  X:02BDH         PUBLIC        g_bmp085_temperature
  C:000EH         PUBLIC        BMP085_RecvACK
  C:1761H         PUBLIC        bmp085Convert
  X:02C1H         PUBLIC        mb
  C:423CH         PUBLIC        _Multiple_read
  X:02C3H         PUBLIC        mc
  X:02C5H         PUBLIC        md
  B:00C0H.4       PUBLIC        SDA
  B:00A0H.0       PUBLIC        SCL
  C:46D2H         PUBLIC        BMP085_Start
  C:3937H         PUBLIC        Init_BMP085
  X:02C7H         PUBLIC        ac1
  C:45F2H         PUBLIC        bmp085ReadTemp
  X:02C9H         PUBLIC        ac2
  X:02CBH         PUBLIC        ac3
  X:02CDH         PUBLIC        ac4
  X:02CFH         PUBLIC        ac5
  X:02D1H         PUBLIC        ac6
  D:00D0H         PUBLIC        PSW
  -------         PROC          L?0034
  -------         ENDPROC       L?0034
  -------         PROC          _DELAY
  X:02EAH         SYMBOL        k
  -------         DO            
  X:02ECH         SYMBOL        ll
  -------         ENDDO         
  C:41C3H         LINE#         76
  C:41CBH         LINE#         77
  C:41CBH         LINE#         79
  C:41E5H         LINE#         80
  C:41FAH         LINE#         81
  -------         ENDPROC       _DELAY
  C:4737H         SYMBOL        L?0031
  -------         PROC          L?0030
  -------         ENDPROC       L?0030
  C:4737H         SYMBOL        L?0031
  -------         PROC          I2C_DELAY
  -------         DO            
  D:0007H         SYMBOL        i
  -------         ENDDO         
  C:473CH         LINE#         93
  C:473CH         LINE#         94
  C:473CH         LINE#         95
  C:473EH         LINE#         96
  C:473EH         LINE#         97
  C:473EH         LINE#         98
  C:4740H         LINE#         99
  C:4740H         LINE#         100
  -------         ENDPROC       I2C_DELAY
BL51 BANKED LINKER/LOCATER V6.22                                                      07/27/2017  12:08:33  PAGE 17


  -------         PROC          DELAY5MS
  C:4770H         LINE#         127
  C:4770H         LINE#         128
  C:4770H         LINE#         129
  -------         ENDPROC       DELAY5MS
  -------         PROC          BMP085_START
  C:46D2H         LINE#         137
  C:46D2H         LINE#         138
  C:46D2H         LINE#         139
  C:46D4H         LINE#         140
  C:46D4H         LINE#         141
  C:46D4H         LINE#         142
  C:46D7H         LINE#         143
  C:46D9H         LINE#         144
  C:46DCH         LINE#         145
  C:46DEH         LINE#         146
  -------         ENDPROC       BMP085_START
  -------         PROC          BMP085_STOP
  C:474CH         LINE#         152
  C:474CH         LINE#         153
  C:474CH         LINE#         154
  C:474EH         LINE#         155
  C:474EH         LINE#         156
  C:474EH         LINE#         157
  C:4751H         LINE#         158
  C:4753H         LINE#         159
  -------         ENDPROC       BMP085_STOP
  -------         PROC          BMP085_SENDACK
  B:0020H.0       SYMBOL        ack
  C:4756H         LINE#         166
  C:4756H         LINE#         167
  C:4756H         LINE#         168
  C:4758H         LINE#         169
  C:4758H         LINE#         170
  C:4758H         LINE#         171
  C:475BH         LINE#         172
  C:475DH         LINE#         173
  -------         ENDPROC       BMP085_SENDACK
  -------         PROC          BMP085_RECVACK
  C:000EH         LINE#         179
  C:000EH         LINE#         180
  C:000EH         LINE#         181
  C:0010H         LINE#         182
  C:0013H         LINE#         183
  C:0015H         LINE#         184
  C:0017H         LINE#         185
  C:001AH         LINE#         187
  C:001AH         LINE#         188
  -------         ENDPROC       BMP085_RECVACK
  C:0026H         SYMBOL        L?0033
  -------         PROC          L?0032
  -------         ENDPROC       L?0032
  C:0026H         SYMBOL        L?0033
  -------         PROC          _BMP085_SENDBYTE
  D:0006H         SYMBOL        dat
  -------         DO            
  D:0005H         SYMBOL        i
BL51 BANKED LINKER/LOCATER V6.22                                                      07/27/2017  12:08:33  PAGE 18


  -------         ENDDO         
  C:002BH         LINE#         193
  C:002DH         LINE#         194
  C:002DH         LINE#         197
  C:002FH         LINE#         198
  C:002FH         LINE#         199
  C:0033H         LINE#         200
  C:0033H         LINE#         201
  C:0033H         LINE#         202
  C:0033H         LINE#         203
  C:0036H         LINE#         204
  C:0038H         LINE#         205
  C:003BH         LINE#         206
  C:0040H         LINE#         207
  -------         ENDPROC       _BMP085_SENDBYTE
  -------         PROC          BMP085_RECVBYTE
  -------         DO            
  D:0005H         SYMBOL        i
  D:0006H         SYMBOL        dat
  -------         ENDDO         
  C:455CH         LINE#         213
  C:455CH         LINE#         214
  C:455CH         LINE#         216
  C:455EH         LINE#         218
  C:4560H         LINE#         219
  C:4561H         LINE#         220
  C:4561H         LINE#         221
  C:4565H         LINE#         222
  C:4567H         LINE#         223
  C:456AH         LINE#         224
  C:4570H         LINE#         225
  C:4572H         LINE#         226
  C:4575H         LINE#         227
  C:457AH         LINE#         228
  C:457CH         LINE#         229
  -------         ENDPROC       BMP085_RECVBYTE
  -------         PROC          _MULTIPLE_READ
  D:0004H         SYMBOL        ST_Address
  -------         DO            
  X:01ECH         SYMBOL        msb
  X:01EDH         SYMBOL        lsb
  D:0006H         SYMBOL        _data
  -------         ENDDO         
  C:423CH         LINE#         260
  C:423EH         LINE#         261
  C:423EH         LINE#         264
  C:423EH         LINE#         265
  C:4241H         LINE#         266
  C:4246H         LINE#         267
  C:4249H         LINE#         268
  C:424EH         LINE#         270
  C:4256H         LINE#         271
  C:425BH         LINE#         272
  C:4261H         LINE#         273
  C:4266H         LINE#         275
  C:4269H         LINE#         276
  C:426CH         LINE#         277
BL51 BANKED LINKER/LOCATER V6.22                                                      07/27/2017  12:08:33  PAGE 19


  C:4271H         LINE#         278
  C:4276H         LINE#         279
  C:4276H         LINE#         280
  -------         ENDPROC       _MULTIPLE_READ
  -------         PROC          BMP085READTEMP
  C:45F2H         LINE#         283
  C:45F2H         LINE#         284
  C:45F2H         LINE#         285
  C:45F2H         LINE#         286
  C:45F5H         LINE#         287
  C:45FAH         LINE#         288
  C:45FCH         LINE#         289
  C:45FCH         LINE#         290
  C:45FFH         LINE#         292
  C:460AH         LINE#         293
  -------         ENDPROC       BMP085READTEMP
  -------         PROC          BMP085READPRESSURE
  -------         DO            
  D:0004H         SYMBOL        pressure
  -------         ENDDO         
  C:459DH         LINE#         295
  C:459DH         LINE#         296
  C:459DH         LINE#         297
  C:45A5H         LINE#         299
  C:45A5H         LINE#         300
  C:45A8H         LINE#         301
  C:45ADH         LINE#         302
  C:45AFH         LINE#         303
  C:45AFH         LINE#         304
  C:45B2H         LINE#         306
  C:45B7H         LINE#         307
  C:45BAH         LINE#         309
  C:45BAH         LINE#         311
  -------         ENDPROC       BMP085READPRESSURE
  -------         PROC          INIT_BMP085
  C:3937H         LINE#         316
  C:3937H         LINE#         317
  C:3937H         LINE#         318
  C:3944H         LINE#         319
  C:3951H         LINE#         320
  C:395EH         LINE#         321
  C:396BH         LINE#         322
  C:3978H         LINE#         323
  C:3985H         LINE#         324
  C:3992H         LINE#         325
  C:399FH         LINE#         326
  C:39ACH         LINE#         327
  C:39B9H         LINE#         328
  C:39C6H         LINE#         329
  -------         ENDPROC       INIT_BMP085
  -------         PROC          BMP085CONVERT
  -------         DO            
  X:025BH         SYMBOL        ut
  X:025FH         SYMBOL        up
  X:0263H         SYMBOL        x1
  X:0267H         SYMBOL        x2
  X:026BH         SYMBOL        b5
BL51 BANKED LINKER/LOCATER V6.22                                                      07/27/2017  12:08:33  PAGE 20


  X:026FH         SYMBOL        b6
  X:0273H         SYMBOL        x3
  X:0277H         SYMBOL        b3
  X:027BH         SYMBOL        p
  X:027FH         SYMBOL        b4
  X:0283H         SYMBOL        b7
  D:0004H         SYMBOL        temperature
  X:0287H         SYMBOL        pressure
  -------         ENDDO         
  C:1761H         LINE#         333
  C:1761H         LINE#         334
  C:1761H         LINE#         342
  C:176AH         LINE#         343
  C:1773H         LINE#         344
  C:177CH         LINE#         345
  C:1785H         LINE#         347
  C:17C3H         LINE#         348
  C:1813H         LINE#         349
  C:183FH         LINE#         350
  C:185DH         LINE#         351
  C:1863H         LINE#         354
  C:1883H         LINE#         355
  C:18C4H         LINE#         356
  C:18EEH         LINE#         357
  C:191AH         LINE#         358
  C:1965H         LINE#         359
  C:198FH         LINE#         360
  C:19D7H         LINE#         361
  C:1A15H         LINE#         362
  C:1A4EH         LINE#         363
  C:1A9DH         LINE#         364
  C:1AB7H         LINE#         365
  C:1ADCH         LINE#         367
  C:1B08H         LINE#         368
  C:1B47H         LINE#         369
  C:1B6AH         LINE#         370
  C:1B8EH         LINE#         371
  -------         ENDPROC       BMP085CONVERT
  -------         ENDMOD        BMP180

  -------         MODULE        DELAY_12M
  C:0000H         SYMBOL        _ICE_DUMMY_
  D:0090H         PUBLIC        P1
  D:00B0H         PUBLIC        P3
  D:00A8H         PUBLIC        IE
  D:00B8H         PUBLIC        IP
  C:4620H         PUBLIC        _DelayMs_small
  C:434CH         PUBLIC        _DelayMs
  D:0098H         PUBLIC        SCON
  D:0088H         PUBLIC        TCON
  C:460BH         PUBLIC        _DelayUs2x
  D:00C8H         PUBLIC        T2CON
  D:00D0H         PUBLIC        PSW
  -------         PROC          _DELAYUS2X
  D:0007H         SYMBOL        t
  -------         DO            
  D:0004H         SYMBOL        i
BL51 BANKED LINKER/LOCATER V6.22                                                      07/27/2017  12:08:33  PAGE 21


  -------         ENDDO         
  C:460BH         LINE#         13
  C:460BH         LINE#         14
  C:460BH         LINE#         16
  C:460FH         LINE#         17
  C:460FH         LINE#         18
  C:4616H         LINE#         19
  C:461BH         LINE#         20
  C:461FH         LINE#         21
  -------         ENDPROC       _DELAYUS2X
  -------         PROC          _DELAYMS_SMALL
  D:0006H         SYMBOL        t
  C:4620H         LINE#         77
  C:4622H         LINE#         78
  C:4622H         LINE#         79
  C:4628H         LINE#         80
  C:4628H         LINE#         82
  C:462DH         LINE#         83
  C:4632H         LINE#         84
  C:4634H         LINE#         85
  -------         ENDPROC       _DELAYMS_SMALL
  -------         PROC          _DELAYMS
  D:0002H         SYMBOL        t
  -------         DO            
  X:01EFH         SYMBOL        i
  D:0003H         SYMBOL        j
  -------         ENDDO         
  C:434CH         LINE#         88
  C:4350H         LINE#         89
  C:4350H         LINE#         92
  C:435CH         LINE#         93
  C:4369H         LINE#         95
  C:4373H         LINE#         96
  C:4373H         LINE#         97
  C:4378H         LINE#         98
  C:437AH         LINE#         100
  -------         ENDPROC       _DELAYMS
  -------         ENDMOD        DELAY_12M

  -------         MODULE        EEPROM
  C:0000H         SYMBOL        _ICE_DUMMY_
  -------         ENDMOD        EEPROM

  -------         MODULE        MAIN
  C:0000H         SYMBOL        _ICE_DUMMY_
  X:0000H         PUBLIC        ta62readdata_state
  D:0080H         PUBLIC        P0
  X:0002H         PUBLIC        ta1comrecv_state
  D:0090H         PUBLIC        P1
  X:0004H         PUBLIC        M5
  D:00A0H         PUBLIC        P2
  D:00B0H         PUBLIC        P3
  I:000DH         PUBLIC        g_ctrl_timer
  D:00C0H         PUBLIC        P4
  D:00C8H         PUBLIC        P5
  C:4277H         PUBLIC        _M12Pwm_t_default
  B:00A8H.7       PUBLIC        EA
BL51 BANKED LINKER/LOCATER V6.22                                                      07/27/2017  12:08:33  PAGE 22


  D:00E8H         PUBLIC        P6
  B:0090H.5       PUBLIC        LED1
  D:00F8H         PUBLIC        P7
  B:0090H.4       PUBLIC        LED2
  C:3FBFH         PUBLIC        UART_SER
  C:1270H         PUBLIC        _ta3postcmd
  C:40EDH         PUBLIC        _M5Runtime_t_default
  X:0011H         PUBLIC        ta1comrecv_bufp
  D:00BAH         PUBLIC        P_SW2
  X:0014H         PUBLIC        ta3postcmd_state
  D:00A8H         PUBLIC        IE
  C:3A56H         PUBLIC        _ta71beeplong
  C:3AE4H         PUBLIC        _ta72beepshort
  X:0016H         PUBLIC        ta71beeplong_state
  C:3537H         PUBLIC        tta_maxwidth
  X:0018H         PUBLIC        ta72beepshort_state
  C:3539H         PUBLIC        ttb_maxwidth
  B:00A8H.4       PUBLIC        ES
  C:353BH         PUBLIC        ttc_maxwidth
  D:00B8H         PUBLIC        IP
  C:353DH         PUBLIC        ttd_maxwidth
  B:0098H.0       PUBLIC        RI
  B:0098H.1       PUBLIC        TI
  D:00D8H         PUBLIC        CCON
  C:0046H         PUBLIC        _M22ATbuf_t_default
  C:37E2H         PUBLIC        _M1Conf_t_default
  C:27F6H         PUBLIC        main
  X:001AH         PUBLIC        M12
  X:0042H         PUBLIC        M22
  D:0099H         PUBLIC        SBUF
  D:0098H         PUBLIC        SCON
  X:009CH         PUBLIC        ta3postcmd_ch
  D:0089H         PUBLIC        TMOD
  D:0088H         PUBLIC        TCON
  X:009EH         PUBLIC        tta_p_ctrl_timer
  X:00A1H         PUBLIC        ta3postcmd_speedall
  X:00A9H         PUBLIC        ttb_p_ctrl_timer
  X:00ACH         PUBLIC        ttc_p_ctrl_timer
  C:43E0H         PUBLIC        UART2_SER
  X:00AFH         PUBLIC        ttd_p_ctrl_timer
  X:00B2H         PUBLIC        ta1comrecv_tm
  C:41FBH         PUBLIC        timer0_routine
  D:00AFH         PUBLIC        IE2
  C:42ADH         PUBLIC        timer1_routine
  X:00CDH         PUBLIC        MPU9250_data
  D:008EH         PUBLIC        AUXR
  C:42E2H         PUBLIC        timer3_routine
  C:353FH         PUBLIC        ta1comrecv_bufMax
  C:4317H         PUBLIC        timer4_routine
  B:0080H.6       PUBLIC        OUTtta
  B:0080H.7       PUBLIC        OUTttb
  B:0090H.3       PUBLIC        OUTttc
  B:0090H.2       PUBLIC        OUTttd
  B:00A8H.1       PUBLIC        ET0
  C:2E89H         PUBLIC        _tta
  B:0088H.5       PUBLIC        TF0
  B:00A8H.3       PUBLIC        ET1
BL51 BANKED LINKER/LOCATER V6.22                                                      07/27/2017  12:08:33  PAGE 23


  C:466EH         PUBLIC        Timer0Init
  C:3104H         PUBLIC        _ttb
  B:0088H.7       PUBLIC        TF1
  C:467FH         PUBLIC        Timer1Init
  C:321CH         PUBLIC        _ttc
  D:008CH         PUBLIC        TH0
  C:3334H         PUBLIC        _ttd
  D:008DH         PUBLIC        TH1
  X:00FDH         PUBLIC        flag2
  C:471BH         PUBLIC        Timer3Init
  B:0090H.6       PUBLIC        BEEP1
  D:00D6H         PUBLIC        T2H
  C:4728H         PUBLIC        Timer4Init
  X:00FEH         PUBLIC        tta_state
  D:00D4H         PUBLIC        T3H
  X:0100H         PUBLIC        ttb_state
  D:00D2H         PUBLIC        T4H
  D:008AH         PUBLIC        TL0
  X:0102H         PUBLIC        ttc_state
  D:008BH         PUBLIC        TL1
  X:0104H         PUBLIC        ttd_state
  D:00D7H         PUBLIC        T2L
  X:0106H         PUBLIC        ta71beeplong_tm
  D:00D5H         PUBLIC        T3L
  I:000FH         PUBLIC        g_p_ctrl_timer
  D:00D3H         PUBLIC        T4L
  X:0121H         PUBLIC        ta72beepshort_tm
  B:0088H.4       PUBLIC        TR0
  B:0088H.6       PUBLIC        TR1
  D:00D1H         PUBLIC        T4T3M
  X:013CH         PUBLIC        ta1comrecv_bufidx
  C:465BH         PUBLIC        Uart1Init
  D:009AH         PUBLIC        S2CON
  C:46B2H         PUBLIC        Uart2Init
  X:013DH         PUBLIC        tta_ctrl_timer
  X:013FH         PUBLIC        ttb_ctrl_timer
  X:0141H         PUBLIC        ta1comrecv_1stgetinput_flag
  X:0142H         PUBLIC        ttc_ctrl_timer
  X:0144H         PUBLIC        ta3postcmd_check
  X:0146H         PUBLIC        ttd_ctrl_timer
  C:206EH         PUBLIC        _ta4tk
  X:0148H         PUBLIC        ta4tk_state
  X:014AH         PUBLIC        printbuf
  X:0181H         PUBLIC        tta_phightime
  X:0184H         PUBLIC        ttb_phightime
  X:0187H         PUBLIC        ttc_phightime
  X:018AH         PUBLIC        ttd_phightime
  X:018DH         PUBLIC        ta1comrecv_tempc
  C:29B7H         PUBLIC        _ta62readdata
  D:00D0H         PUBLIC        PSW
  C:2FD6H         PUBLIC        _ta1comrecv
  X:018EH         PUBLIC        ta3postcmd_speed
  X:0190H         PUBLIC        M1
  -------         PROC          _M1CONF_T_DEFAULT
  X:01ECH         SYMBOL        t
  C:37E2H         LINE#         66
  C:37EDH         LINE#         67
BL51 BANKED LINKER/LOCATER V6.22                                                      07/27/2017  12:08:33  PAGE 24


  C:37EDH         LINE#         68
  C:3801H         LINE#         69
  C:3813H         LINE#         70
  C:3823H         LINE#         71
  C:383CH         LINE#         72
  C:3851H         LINE#         73
  C:385BH         LINE#         74
  C:3866H         LINE#         75
  C:3876H         LINE#         76
  -------         ENDPROC       _M1CONF_T_DEFAULT
  -------         PROC          _M5RUNTIME_T_DEFAULT
  D:0001H         SYMBOL        t
  C:40EDH         LINE#         82
  C:40EDH         LINE#         83
  C:40EDH         LINE#         84
  C:40F1H         LINE#         85
  C:40F7H         LINE#         86
  C:40FEH         LINE#         87
  C:4108H         LINE#         88
  C:410FH         LINE#         89
  C:4116H         LINE#         90
  C:411DH         LINE#         91
  C:4124H         LINE#         92
  C:412BH         LINE#         93
  -------         ENDPROC       _M5RUNTIME_T_DEFAULT
  -------         PROC          _M12PWM_T_DEFAULT
  D:0001H         SYMBOL        t
  C:4277H         LINE#         99
  C:4277H         LINE#         100
  C:4277H         LINE#         101
  C:427BH         LINE#         102
  C:4281H         LINE#         103
  C:428CH         LINE#         104
  C:4297H         LINE#         105
  C:42A2H         LINE#         106
  -------         ENDPROC       _M12PWM_T_DEFAULT
  -------         PROC          _M22ATBUF_T_DEFAULT
  X:01ECH         SYMBOL        t
  C:0046H         LINE#         112
  C:0051H         LINE#         113
  C:0051H         LINE#         114
  C:0060H         LINE#         115
  C:0072H         LINE#         116
  C:0082H         LINE#         117
  -------         ENDPROC       _M22ATBUF_T_DEFAULT
  -------         PROC          _TA4TK
  X:01CEH         SYMBOL        pstate
  -------         DO            
  C:212AH         SYMBOL        LL_1
  C:213CH         SYMBOL        LL_2
  C:214EH         SYMBOL        LL_3
  C:2160H         SYMBOL        LL_4
  C:2172H         SYMBOL        LL_5
  C:2184H         SYMBOL        LL_6
  C:2196H         SYMBOL        LL_7
  C:21A8H         SYMBOL        LL_8
  C:21BAH         SYMBOL        LL_9
BL51 BANKED LINKER/LOCATER V6.22                                                      07/27/2017  12:08:33  PAGE 25


  C:21CCH         SYMBOL        LL_10
  C:21DEH         SYMBOL        LL_11
  C:21F0H         SYMBOL        LL_12
  C:2202H         SYMBOL        LL_13
  C:2214H         SYMBOL        LL_14
  C:2226H         SYMBOL        LL_15
  C:2238H         SYMBOL        LL_16
  C:224AH         SYMBOL        LL_17
  C:225CH         SYMBOL        LL_18
  C:226EH         SYMBOL        LL_19
  C:2280H         SYMBOL        LL_20
  C:2292H         SYMBOL        LL_21
  C:22A4H         SYMBOL        LL_22
  C:22B6H         SYMBOL        LL_23
  C:22C8H         SYMBOL        LL_24
  C:22DAH         SYMBOL        LL_25
  C:22ECH         SYMBOL        LL_26
  C:22FEH         SYMBOL        LL_27
  C:2310H         SYMBOL        LL_28
  C:2322H         SYMBOL        LL_29
  C:2334H         SYMBOL        LL_30
  C:2346H         SYMBOL        LL_31
  C:2358H         SYMBOL        LL_32
  C:2369H         SYMBOL        LL_33
  C:237AH         SYMBOL        LL_34
  C:238BH         SYMBOL        LL_35
  C:239CH         SYMBOL        LL_36
  C:23ADH         SYMBOL        LL_37
  C:23BEH         SYMBOL        LL_38
  C:23CFH         SYMBOL        LL_39
  C:23E1H         SYMBOL        LL_40
  -------         ENDDO         
  C:206EH         LINE#         70
  C:2079H         LINE#         71
  C:2079H         LINE#         73
  C:2116H         LINE#         74
  C:2116H         LINE#         75
  C:2118H         LINE#         76
  C:2118H         LINE#         77
  C:2118H         LINE#         78
  C:2118H         LINE#         79
  C:2118H         LINE#         80
  C:2118H         LINE#         81
  C:2118H         LINE#         82
  C:2118H         LINE#         83
  C:2118H         LINE#         84
  C:2118H         LINE#         85
  C:2118H         LINE#         86
  C:2118H         LINE#         87
  C:2118H         LINE#         88
  C:2118H         LINE#         89
  C:2118H         LINE#         90
  C:2118H         LINE#         91
  C:2118H         LINE#         92
  C:2118H         LINE#         93
  C:2118H         LINE#         94
  C:2118H         LINE#         95
BL51 BANKED LINKER/LOCATER V6.22                                                      07/27/2017  12:08:33  PAGE 26


  C:2118H         LINE#         96
  C:2118H         LINE#         97
  C:2118H         LINE#         98
  C:2118H         LINE#         99
  C:2118H         LINE#         100
  C:2118H         LINE#         101
  C:2118H         LINE#         102
  C:2118H         LINE#         103
  C:2118H         LINE#         104
  C:2118H         LINE#         105
  C:2118H         LINE#         106
  C:2118H         LINE#         107
  C:2118H         LINE#         108
  C:2118H         LINE#         109
  C:2118H         LINE#         110
  C:2118H         LINE#         111
  C:2118H         LINE#         112
  C:2118H         LINE#         113
  C:2118H         LINE#         114
  C:2118H         LINE#         115
  C:2118H         LINE#         118
  C:2118H         LINE#         119
  C:2118H         LINE#         121
  C:212AH         LINE#         123
  C:212AH         LINE#         124
  C:213CH         LINE#         126
  C:213CH         LINE#         127
  C:214EH         LINE#         129
  C:214EH         LINE#         130
  C:2160H         LINE#         132
  C:2160H         LINE#         133
  C:2172H         LINE#         135
  C:2172H         LINE#         136
  C:2184H         LINE#         138
  C:2184H         LINE#         139
  C:2196H         LINE#         141
  C:2196H         LINE#         142
  C:21A8H         LINE#         144
  C:21A8H         LINE#         145
  C:21BAH         LINE#         147
  C:21BAH         LINE#         148
  C:21CCH         LINE#         150
  C:21CCH         LINE#         151
  C:21DEH         LINE#         153
  C:21DEH         LINE#         154
  C:21F0H         LINE#         156
  C:21F0H         LINE#         157
  C:2202H         LINE#         159
  C:2202H         LINE#         160
  C:2214H         LINE#         162
  C:2214H         LINE#         163
  C:2226H         LINE#         165
  C:2226H         LINE#         166
  C:2238H         LINE#         168
  C:2238H         LINE#         169
  C:224AH         LINE#         171
  C:224AH         LINE#         172
BL51 BANKED LINKER/LOCATER V6.22                                                      07/27/2017  12:08:33  PAGE 27


  C:225CH         LINE#         174
  C:225CH         LINE#         175
  C:226EH         LINE#         177
  C:226EH         LINE#         178
  C:2280H         LINE#         180
  C:2280H         LINE#         181
  C:2292H         LINE#         183
  C:2292H         LINE#         184
  C:22A4H         LINE#         186
  C:22A4H         LINE#         187
  C:22B6H         LINE#         189
  C:22B6H         LINE#         190
  C:22C8H         LINE#         192
  C:22C8H         LINE#         193
  C:22DAH         LINE#         195
  C:22DAH         LINE#         196
  C:22ECH         LINE#         198
  C:22ECH         LINE#         199
  C:22FEH         LINE#         201
  C:22FEH         LINE#         202
  C:2310H         LINE#         204
  C:2310H         LINE#         205
  C:2322H         LINE#         207
  C:2322H         LINE#         208
  C:2334H         LINE#         210
  C:2334H         LINE#         211
  C:2346H         LINE#         213
  C:2346H         LINE#         214
  C:2358H         LINE#         216
  C:2358H         LINE#         217
  C:2369H         LINE#         219
  C:2369H         LINE#         220
  C:237AH         LINE#         222
  C:237AH         LINE#         223
  C:238BH         LINE#         225
  C:238BH         LINE#         226
  C:239CH         LINE#         228
  C:239CH         LINE#         229
  C:23ADH         LINE#         231
  C:23ADH         LINE#         232
  C:23BEH         LINE#         234
  C:23BEH         LINE#         235
  C:23CFH         LINE#         237
  C:23CFH         LINE#         238
  C:23E1H         LINE#         240
  C:23E1H         LINE#         242
  C:23E7H         LINE#         243
  -------         ENDPROC       _TA4TK
  -------         PROC          _TTA
  X:01CBH         SYMBOL        pstate
  -------         DO            
  C:2F54H         SYMBOL        LL_1
  C:2FD1H         SYMBOL        LL_2
  -------         ENDDO         
  C:2E89H         LINE#         98
  C:2E94H         LINE#         99
  C:2E94H         LINE#         101
BL51 BANKED LINKER/LOCATER V6.22                                                      07/27/2017  12:08:33  PAGE 28


  C:2EA8H         LINE#         102
  C:2EA8H         LINE#         103
  C:2EABH         LINE#         104
  C:2EABH         LINE#         105
  C:2EABH         LINE#         108
  C:2EB9H         LINE#         110
  C:2EC7H         LINE#         112
  C:2F00H         LINE#         115
  C:2F00H         LINE#         116
  C:2F00H         LINE#         145
  C:2F00H         LINE#         146
  C:2F00H         LINE#         147
  C:2F39H         LINE#         148
  C:2F3FH         LINE#         149
  C:2F43H         LINE#         151
  C:2F54H         LINE#         153
  C:2F54H         LINE#         155
  C:2F56H         LINE#         157
  C:2F5FH         LINE#         159
  C:2F5FH         LINE#         162
  C:2F5FH         LINE#         163
  C:2F5FH         LINE#         164
  C:2F8BH         LINE#         165
  C:2F91H         LINE#         166
  C:2F95H         LINE#         170
  C:2FBFH         LINE#         172
  C:2FD1H         LINE#         174
  C:2FD1H         LINE#         176
  C:2FD3H         LINE#         177
  C:2FD3H         LINE#         178
  -------         ENDPROC       _TTA
  -------         PROC          _TTB
  X:01D9H         SYMBOL        pstate
  -------         DO            
  C:31CDH         SYMBOL        LL_1
  C:3217H         SYMBOL        LL_2
  -------         ENDDO         
  C:3104H         LINE#         66
  C:310FH         LINE#         67
  C:310FH         LINE#         69
  C:3121H         LINE#         70
  C:3121H         LINE#         71
  C:3124H         LINE#         72
  C:3124H         LINE#         73
  C:3124H         LINE#         76
  C:3132H         LINE#         78
  C:3140H         LINE#         80
  C:3179H         LINE#         83
  C:3179H         LINE#         84
  C:3179H         LINE#         85
  C:3179H         LINE#         86
  C:3179H         LINE#         87
  C:31B2H         LINE#         88
  C:31B8H         LINE#         89
  C:31BCH         LINE#         92
  C:31CDH         LINE#         94
  C:31CDH         LINE#         96
BL51 BANKED LINKER/LOCATER V6.22                                                      07/27/2017  12:08:33  PAGE 29


  C:31CFH         LINE#         97
  C:31CFH         LINE#         100
  C:31CFH         LINE#         101
  C:31CFH         LINE#         102
  C:31FBH         LINE#         103
  C:3201H         LINE#         104
  C:3205H         LINE#         107
  C:3217H         LINE#         109
  C:3217H         LINE#         111
  C:3219H         LINE#         112
  C:3219H         LINE#         114
  -------         ENDPROC       _TTB
  -------         PROC          _TTC
  X:01DCH         SYMBOL        pstate
  -------         DO            
  C:32E5H         SYMBOL        LL_1
  C:332FH         SYMBOL        LL_2
  -------         ENDDO         
  C:321CH         LINE#         68
  C:3227H         LINE#         69
  C:3227H         LINE#         71
  C:3239H         LINE#         72
  C:3239H         LINE#         73
  C:323CH         LINE#         74
  C:323CH         LINE#         75
  C:323CH         LINE#         78
  C:324AH         LINE#         80
  C:3258H         LINE#         82
  C:3291H         LINE#         85
  C:3291H         LINE#         86
  C:3291H         LINE#         87
  C:3291H         LINE#         88
  C:3291H         LINE#         89
  C:32CAH         LINE#         90
  C:32D0H         LINE#         91
  C:32D4H         LINE#         94
  C:32E5H         LINE#         96
  C:32E5H         LINE#         98
  C:32E7H         LINE#         99
  C:32E7H         LINE#         102
  C:32E7H         LINE#         103
  C:32E7H         LINE#         104
  C:3313H         LINE#         105
  C:3319H         LINE#         106
  C:331DH         LINE#         111
  C:332FH         LINE#         113
  C:332FH         LINE#         115
  C:3331H         LINE#         116
  C:3331H         LINE#         118
  -------         ENDPROC       _TTC
  -------         PROC          _TTD
  X:01DFH         SYMBOL        pstate
  -------         DO            
  C:33FDH         SYMBOL        LL_1
  C:3447H         SYMBOL        LL_2
  -------         ENDDO         
  C:3334H         LINE#         68
BL51 BANKED LINKER/LOCATER V6.22                                                      07/27/2017  12:08:33  PAGE 30


  C:333FH         LINE#         69
  C:333FH         LINE#         71
  C:3351H         LINE#         72
  C:3351H         LINE#         73
  C:3354H         LINE#         74
  C:3354H         LINE#         75
  C:3354H         LINE#         78
  C:3362H         LINE#         80
  C:3370H         LINE#         82
  C:33A9H         LINE#         85
  C:33A9H         LINE#         86
  C:33A9H         LINE#         87
  C:33A9H         LINE#         88
  C:33A9H         LINE#         89
  C:33E2H         LINE#         90
  C:33E8H         LINE#         91
  C:33ECH         LINE#         94
  C:33FDH         LINE#         96
  C:33FDH         LINE#         98
  C:33FFH         LINE#         99
  C:33FFH         LINE#         102
  C:33FFH         LINE#         103
  C:33FFH         LINE#         104
  C:342BH         LINE#         105
  C:3431H         LINE#         106
  C:3435H         LINE#         111
  C:3447H         LINE#         113
  C:3447H         LINE#         115
  C:3449H         LINE#         116
  C:3449H         LINE#         118
  -------         ENDPROC       _TTD
  -------         PROC          _TA1COMRECV
  X:01E2H         SYMBOL        pstate
  -------         DO            
  C:3016H         SYMBOL        LL_1
  C:3033H         SYMBOL        LL_2
  C:3083H         SYMBOL        LL_3
  C:2FF9H         SYMBOL        LLL_10
  C:301BH         SYMBOL        LLL_5
  C:3060H         SYMBOL        LLL_8
  C:30D0H         SYMBOL        LLL_9
  -------         ENDDO         
  C:2FD6H         LINE#         113
  C:2FE1H         LINE#         114
  C:2FE1H         LINE#         116
  C:2FF7H         LINE#         117
  C:2FF7H         LINE#         118
  C:2FF9H         LINE#         119
  C:2FF9H         LINE#         120
  C:2FF9H         LINE#         121
  C:2FF9H         LINE#         123
  C:2FF9H         LINE#         124
  C:2FF9H         LINE#         126
  C:2FF9H         LINE#         127
  C:2FFFH         LINE#         128
  C:2FFFH         LINE#         129
  C:3002H         LINE#         130
BL51 BANKED LINKER/LOCATER V6.22                                                      07/27/2017  12:08:33  PAGE 31


  C:3004H         LINE#         132
  C:3004H         LINE#         133
  C:3015H         LINE#         135
  C:3015H         LINE#         137
  C:301BH         LINE#         138
  C:301BH         LINE#         140
  C:3022H         LINE#         141
  C:3022H         LINE#         143
  C:3022H         LINE#         147
  C:3022H         LINE#         148
  C:3033H         LINE#         150
  C:3033H         LINE#         151
  C:3039H         LINE#         152
  C:303DH         LINE#         153
  C:303DH         LINE#         155
  C:303DH         LINE#         159
  C:303DH         LINE#         163
  C:304BH         LINE#         164
  C:3050H         LINE#         165
  C:305EH         LINE#         166
  C:3060H         LINE#         167
  C:3071H         LINE#         174
  C:3083H         LINE#         176
  C:3083H         LINE#         177
  C:3089H         LINE#         180
  C:308FH         LINE#         181
  C:308FH         LINE#         182
  C:308FH         LINE#         183
  C:308FH         LINE#         186
  C:30A1H         LINE#         187
  C:30A1H         LINE#         188
  C:30A1H         LINE#         189
  C:30A1H         LINE#         191
  C:30AAH         LINE#         192
  C:30AAH         LINE#         193
  C:30AAH         LINE#         194
  C:30AAH         LINE#         196
  C:30AAH         LINE#         197
  C:30AAH         LINE#         198
  C:30BEH         LINE#         199
  C:30C4H         LINE#         200
  C:30CEH         LINE#         202
  C:30D0H         LINE#         203
  C:30D0H         LINE#         205
  C:30D0H         LINE#         207
  C:30D9H         LINE#         208
  C:30D9H         LINE#         209
  C:30EBH         LINE#         210
  C:30FBH         LINE#         211
  C:3101H         LINE#         212
  C:3101H         LINE#         214
  -------         ENDPROC       _TA1COMRECV
  -------         PROC          _TA3POSTCMD
  X:01ECH         SYMBOL        pstate
  -------         DO            
  C:1767H         SYMBOL        LL_1
  C:1747H         SYMBOL        LLL_15
BL51 BANKED LINKER/LOCATER V6.22                                                      07/27/2017  12:08:33  PAGE 32


  -------         ENDDO         
  C:1270H         LINE#         287
  C:127BH         LINE#         288
  C:127BH         LINE#         290
  C:1281H         LINE#         291
  C:1281H         LINE#         292
  C:1281H         LINE#         293
  C:1281H         LINE#         295
  C:1281H         LINE#         296
  C:1281H         LINE#         297
  C:128AH         LINE#         298
  C:128AH         LINE#         304
  C:128DH         LINE#         305
  C:129BH         LINE#         306
  C:12B1H         LINE#         307
  C:12B1H         LINE#         308
  C:12BAH         LINE#         309
  C:12C5H         LINE#         310
  C:12CEH         LINE#         312
  C:12DDH         LINE#         313
  C:12DDH         LINE#         314
  C:12E3H         LINE#         316
  C:12E6H         LINE#         317
  C:12E6H         LINE#         319
  C:12EFH         LINE#         320
  C:1302H         LINE#         321
  C:1302H         LINE#         322
  C:1308H         LINE#         324
  C:130BH         LINE#         325
  C:130BH         LINE#         327
  C:1316H         LINE#         329
  C:132AH         LINE#         330
  C:132AH         LINE#         331
  C:1330H         LINE#         333
  C:1333H         LINE#         334
  C:1333H         LINE#         336
  C:133CH         LINE#         337
  C:134FH         LINE#         338
  C:134FH         LINE#         339
  C:1355H         LINE#         341
  C:1358H         LINE#         342
  C:1358H         LINE#         344
  C:1363H         LINE#         349
  C:136FH         LINE#         350
  C:136FH         LINE#         351
  C:1379H         LINE#         352
  C:1379H         LINE#         353
  C:137BH         LINE#         354
  C:1387H         LINE#         355
  C:1387H         LINE#         356
  C:1391H         LINE#         357
  C:1391H         LINE#         358
  C:1393H         LINE#         359
  C:139FH         LINE#         360
  C:139FH         LINE#         361
  C:13A9H         LINE#         362
  C:13A9H         LINE#         363
BL51 BANKED LINKER/LOCATER V6.22                                                      07/27/2017  12:08:33  PAGE 33


  C:13ABH         LINE#         364
  C:13B7H         LINE#         365
  C:13B7H         LINE#         366
  C:13C6H         LINE#         367
  C:13F0H         LINE#         368
  C:13F0H         LINE#         371
  C:13F6H         LINE#         373
  C:13F9H         LINE#         375
  C:13F9H         LINE#         377
  C:13F9H         LINE#         378
  C:13FCH         LINE#         379
  C:13FCH         LINE#         391
  C:13FFH         LINE#         392
  C:140DH         LINE#         393
  C:1423H         LINE#         394
  C:1423H         LINE#         395
[...]
  C:457DH         SYMBOL        I2C_Start
  C:46ADH         SYMBOL        I2C_delay
  C:453AH         SYMBOL        I2C_ReadByte
  D:0098H         PUBLIC        SCON
  D:0088H         PUBLIC        TCON
  X:023BH         PUBLIC        BMP280_Pressure
  C:44F2H         SYMBOL        _I2C_SendByte
  C:451DH         SYMBOL        I2C_WaitAck
  C:4760H         SYMBOL        I2C_Stop
  C:44CCH         SYMBOL        _Single_Write
  B:00C0H.4       PUBLIC        SDA
  X:023FH         SYMBOL        BUF
  C:2634H         PUBLIC        Reset_BMP280
  B:00A0H.0       PUBLIC        SCL
  C:46F0H         SYMBOL        I2C_NoAck
  X:0257H         PUBLIC        BMP280_Temperature
  C:3F16H         SYMBOL        _Many_Read
  D:00D0H         PUBLIC        PSW
  C:0CBCH         PUBLIC        Get_BMP280
  C:46A8H         SYMBOL        L?0035
  -------         PROC          L?0034
  -------         ENDPROC       L?0034
  C:46A8H         SYMBOL        L?0035
  -------         PROC          I2C_DELAY
  -------         DO            
  D:0007H         SYMBOL        i
  -------         ENDDO         
  C:46ADH         LINE#         80
  C:46ADH         LINE#         81
  C:46ADH         LINE#         82
  C:46AFH         LINE#         83
  C:46AFH         LINE#         84
  C:46AFH         LINE#         85
  C:46B1H         LINE#         86
  C:46B1H         LINE#         87
  -------         ENDPROC       I2C_DELAY
  -------         PROC          I2C_START
  C:457DH         LINE#         111
  C:457DH         LINE#         112
  C:457DH         LINE#         113
  C:457FH         LINE#         114
  C:4581H         LINE#         115
BL51 BANKED LINKER/LOCATER V6.22                                                      07/27/2017  12:08:33  PAGE 49


  C:4584H         LINE#         116
  C:458AH         LINE#         117
  C:458CH         LINE#         118
  C:458FH         LINE#         119
  C:4595H         LINE#         120
  C:4597H         LINE#         121
  C:459AH         LINE#         122
  C:459CH         LINE#         123
  -------         ENDPROC       I2C_START
  -------         PROC          I2C_STOP
  C:4760H         LINE#         132
  C:4760H         LINE#         133
  C:4760H         LINE#         134
  C:4760H         LINE#         135
  C:4760H         LINE#         136
  C:4760H         LINE#         137
  C:4760H         LINE#         138
  C:4760H         LINE#         139
  C:4763H         LINE#         140
  C:4765H         LINE#         141
  -------         ENDPROC       I2C_STOP
  -------         PROC          I2C_ACK
  C:4768H         LINE#         151
  C:4768H         LINE#         152
  C:4768H         LINE#         153
  C:4768H         LINE#         154
  C:4768H         LINE#         155
  C:4768H         LINE#         156
  C:4768H         LINE#         157
  C:4768H         LINE#         158
  C:476BH         LINE#         159
  C:476DH         LINE#         160
  -------         ENDPROC       I2C_ACK
  -------         PROC          I2C_NOACK
  C:46F0H         LINE#         170
  C:46F0H         LINE#         171
  C:46F0H         LINE#         172
  C:46F2H         LINE#         173
  C:46F5H         LINE#         174
  C:46F7H         LINE#         175
  C:46F7H         LINE#         176
  C:46F7H         LINE#         177
  C:46FAH         LINE#         178
  C:46FCH         LINE#         179
  -------         ENDPROC       I2C_NOACK
  C:4519H         SYMBOL        L?0037
  -------         PROC          L?0036
  -------         ENDPROC       L?0036
  C:4519H         SYMBOL        L?0037
  -------         PROC          I2C_WAITACK
  C:451DH         LINE#         189
  C:451DH         LINE#         190
  C:451DH         LINE#         191
  C:451FH         LINE#         192
  C:4522H         LINE#         193
  C:4524H         LINE#         194
  C:4524H         LINE#         195
BL51 BANKED LINKER/LOCATER V6.22                                                      07/27/2017  12:08:33  PAGE 50


  C:4524H         LINE#         196
  C:4527H         LINE#         197
  C:452AH         LINE#         198
  C:452AH         LINE#         199
  C:452CH         LINE#         200
  C:452FH         LINE#         201
  C:4532H         LINE#         202
  C:4532H         LINE#         203
  C:4534H         LINE#         204
  C:4537H         LINE#         205
  C:4539H         LINE#         206
  -------         ENDPROC       I2C_WAITACK
  -------         PROC          _I2C_SENDBYTE
  D:0006H         SYMBOL        SendByte
  -------         DO            
  D:0005H         SYMBOL        i
  -------         ENDDO         
  C:44F2H         LINE#         215
  C:44F4H         LINE#         216
  C:44F4H         LINE#         217
  C:44F6H         LINE#         218
  C:44FCH         LINE#         219
  C:44FCH         LINE#         220
  C:44FEH         LINE#         221
  C:4501H         LINE#         222
  C:4505H         LINE#         223
  C:4509H         LINE#         225
  C:450BH         LINE#         226
  C:450FH         LINE#         227
  C:450FH         LINE#         228
  C:450FH         LINE#         229
  C:4512H         LINE#         230
  C:4514H         LINE#         231
  C:4516H         LINE#         232
  -------         ENDPROC       _I2C_SENDBYTE
  -------         PROC          I2C_READBYTE
  -------         DO            
  D:0006H         SYMBOL        i
  D:0005H         SYMBOL        ReceiveByte
  -------         ENDDO         
  C:453AH         LINE#         241
  C:453AH         LINE#         242
  C:453AH         LINE#         243
  C:453CH         LINE#         244
  C:453EH         LINE#         246
  C:4540H         LINE#         247
  C:4546H         LINE#         248
  C:4546H         LINE#         249
  C:454AH         LINE#         250
  C:454CH         LINE#         251
  C:454CH         LINE#         252
  C:454CH         LINE#         253
  C:454FH         LINE#         254
  C:4552H         LINE#         255
  C:4552H         LINE#         256
  C:4555H         LINE#         257
  C:4555H         LINE#         258
BL51 BANKED LINKER/LOCATER V6.22                                                      07/27/2017  12:08:33  PAGE 51


  C:4557H         LINE#         259
  C:4559H         LINE#         260
  C:455BH         LINE#         261
  -------         ENDPROC       I2C_READBYTE
  -------         PROC          _SINGLE_WRITE
  D:0006H         SYMBOL        SlaveAddress
  D:0004H         SYMBOL        REG_Address
  D:0003H         SYMBOL        REG_data
  C:44CCH         LINE#         265
  C:44D0H         LINE#         266
  C:44D0H         LINE#         267
  C:44D8H         LINE#         268
  C:44D9H         LINE#         269
  C:44DCH         LINE#         270
  C:44DCH         LINE#         273
  C:44DCH         LINE#         275
  C:44E1H         LINE#         276
  C:44E4H         LINE#         278
  C:44E9H         LINE#         279
  C:44ECH         LINE#         281
  C:44EFH         LINE#         283
  C:44F1H         LINE#         284
  -------         ENDPROC       _SINGLE_WRITE
  -------         PROC          _MANY_READ
  D:0004H         SYMBOL        SlaveAddress
  D:0002H         SYMBOL        REG_Address
  D:0003H         SYMBOL        ret_len
  -------         DO            
  D:0004H         SYMBOL        i
  -------         ENDDO         
  C:3F16H         LINE#         288
  C:3F1AH         LINE#         289
  C:3F1AH         LINE#         292
  C:3F26H         LINE#         293
  C:3F27H         LINE#         294
  C:3F2AH         LINE#         295
  C:3F2AH         LINE#         298
  C:3F2AH         LINE#         300
  C:3F2FH         LINE#         301
  C:3F32H         LINE#         303
  C:3F35H         LINE#         304
  C:3F39H         LINE#         305
  C:3F3CH         LINE#         307
  C:3F43H         LINE#         308
  C:3F43H         LINE#         309
  C:3F52H         LINE#         310
  C:3F5AH         LINE#         311
  C:3F5DH         LINE#         313
  C:3F60H         LINE#         314
  C:3F63H         LINE#         315
  C:3F6AH         LINE#         316
  -------         ENDPROC       _MANY_READ
  -------         PROC          RESET_BMP280
  C:2634H         LINE#         336
  C:2634H         LINE#         337
  C:2634H         LINE#         338
  C:2642H         LINE#         346
BL51 BANKED LINKER/LOCATER V6.22                                                      07/27/2017  12:08:33  PAGE 52


  C:264BH         LINE#         347
  C:2654H         LINE#         348
  C:2657H         LINE#         349
  C:265AH         LINE#         350
  C:2661H         LINE#         353
  C:2680H         LINE#         354
  C:269FH         LINE#         355
  C:26BEH         LINE#         356
  C:26DDH         LINE#         357
  C:26FCH         LINE#         358
  C:271BH         LINE#         359
  C:273AH         LINE#         360
  C:2759H         LINE#         361
  C:2778H         LINE#         362
  C:2797H         LINE#         363
  C:27B6H         LINE#         364
  C:27D5H         LINE#         368
  C:27DEH         LINE#         369
  C:27E5H         LINE#         373
  C:27EEH         LINE#         374
  C:27F5H         LINE#         376
  -------         ENDPROC       RESET_BMP280
  -------         PROC          GET_BMP280
  -------         DO            
  X:01EFH         SYMBOL        adc_p
  X:01F3H         SYMBOL        adc_t
  X:01F7H         SYMBOL        var1
  X:01FBH         SYMBOL        var2
  X:01FFH         SYMBOL        t_fine
  X:0203H         SYMBOL        cTemp
  X:0207H         SYMBOL        p
  -------         ENDDO         
  C:0CBCH         LINE#         382
  C:0CBCH         LINE#         383
  C:0CBCH         LINE#         392
  C:0CCAH         LINE#         427
  C:0CD3H         LINE#         431
  C:0D3FH         LINE#         432
  C:0DABH         LINE#         440
  C:0E1DH         LINE#         441
  C:0EEBH         LINE#         442
  C:0F17H         LINE#         443
  C:0F46H         LINE#         444
  C:0F6EH         LINE#         447
  C:0F95H         LINE#         448
  C:0FDBH         LINE#         449
  C:1028H         LINE#         450
  C:106FH         LINE#         451
  C:10E5H         LINE#         452
  C:112BH         LINE#         453
  C:1155H         LINE#         454
  C:11A8H         LINE#         455
  C:11E5H         LINE#         456
  C:1211H         LINE#         457
  -------         ENDPROC       GET_BMP280
  -------         ENDMOD        BMP280IICA

BL51 BANKED LINKER/LOCATER V6.22                                                      07/27/2017  12:08:33  PAGE 53


  -------         MODULE        ?C?FPADD
  C:00ADH         PUBLIC        ?C?FPADD
  C:00A9H         PUBLIC        ?C?FPSUB
  -------         ENDMOD        ?C?FPADD

  -------         MODULE        ?C?FPMUL
  C:019EH         PUBLIC        ?C?FPMUL
  -------         ENDMOD        ?C?FPMUL

  -------         MODULE        ?C?FPDIV
  C:02A7H         PUBLIC        ?C?FPDIV
  -------         ENDMOD        ?C?FPDIV

  -------         MODULE        ?C?FCAST
  C:034EH         PUBLIC        ?C?FCASTC
  C:0349H         PUBLIC        ?C?FCASTI
  C:0344H         PUBLIC        ?C?FCASTL
  -------         ENDMOD        ?C?FCAST

  -------         MODULE        ?C?CASTF
  C:0382H         PUBLIC        ?C?CASTF
  -------         ENDMOD        ?C?CASTF

  -------         MODULE        PRINTF
  X:01EFH         PUBLIC        ?_PRINTF?BYTE
  X:01EFH         PUBLIC        ?_SPRINTF?BYTE
  C:1C56H         PUBLIC        _PRINTF
  C:1C50H         PUBLIC        _SPRINTF
  -------         ENDMOD        PRINTF

  -------         MODULE        ?C?FPROUND
  C:0403H         PUBLIC        ?C?FPROUND
  -------         ENDMOD        ?C?FPROUND

  -------         MODULE        ?C?FPCONVERT
  C:0440H         PUBLIC        ?C?FPCONVERT
  -------         ENDMOD        ?C?FPCONVERT

  -------         MODULE        ?C?FTNPWR
  C:0575H         PUBLIC        ?C?FTNPWR
  -------         ENDMOD        ?C?FTNPWR

  -------         MODULE        ?C?COPY
  C:0685H         PUBLIC        ?C?COPY
  -------         ENDMOD        ?C?COPY

  -------         MODULE        ?C?CLDPTR
  C:06ABH         PUBLIC        ?C?CLDPTR
  -------         ENDMOD        ?C?CLDPTR

  -------         MODULE        ?C?CLDOPTR
  C:06C4H         PUBLIC        ?C?CLDOPTR
  -------         ENDMOD        ?C?CLDOPTR

  -------         MODULE        ?C?CILDOPTR
  C:06F1H         PUBLIC        ?C?CILDOPTR
  -------         ENDMOD        ?C?CILDOPTR
BL51 BANKED LINKER/LOCATER V6.22                                                      07/27/2017  12:08:33  PAGE 54



  -------         MODULE        ?C?CSTPTR
  C:0724H         PUBLIC        ?C?CSTPTR
  -------         ENDMOD        ?C?CSTPTR

  -------         MODULE        ?C?CSTOPTR
  C:0736H         PUBLIC        ?C?CSTOPTR
  -------         ENDMOD        ?C?CSTOPTR

  -------         MODULE        ?C?UIDIV
  C:0758H         PUBLIC        ?C?UIDIV
  -------         ENDMOD        ?C?UIDIV

  -------         MODULE        ?C?ILDPTR
  C:07ADH         PUBLIC        ?C?ILDPTR
  -------         ENDMOD        ?C?ILDPTR

  -------         MODULE        ?C?ILDOPTR
  C:07D8H         PUBLIC        ?C?ILDOPTR
  -------         ENDMOD        ?C?ILDOPTR

  -------         MODULE        ?C?IILDOPTR
  C:0810H         PUBLIC        ?C?IILDOPTR
  -------         ENDMOD        ?C?IILDOPTR

  -------         MODULE        ?C?ISTPTR
  C:085DH         PUBLIC        ?C?ISTPTR
  -------         ENDMOD        ?C?ISTPTR

  -------         MODULE        ?C?ISTOPTR
  C:087CH         PUBLIC        ?C?ISTOPTR
  -------         ENDMOD        ?C?ISTOPTR

  -------         MODULE        ?C?LMUL
  C:08A9H         PUBLIC        ?C?LMUL
  -------         ENDMOD        ?C?LMUL

  -------         MODULE        ?C?ULDIV
  C:0934H         PUBLIC        ?C?ULDIV
  -------         ENDMOD        ?C?ULDIV

  -------         MODULE        ?C?SLDIV
  C:4132H         PUBLIC        ?C?SLDIV
  -------         ENDMOD        ?C?SLDIV

  -------         MODULE        ?C?LNEG
  C:09C6H         PUBLIC        ?C?LNEG
  -------         ENDMOD        ?C?LNEG

  -------         MODULE        ?C?ULCMP
  C:09D4H         PUBLIC        ?C?ULCMP
  -------         ENDMOD        ?C?ULCMP

  -------         MODULE        ?C?ULSHR
  C:09E5H         PUBLIC        ?C?ULSHR
  -------         ENDMOD        ?C?ULSHR

BL51 BANKED LINKER/LOCATER V6.22                                                      07/27/2017  12:08:33  PAGE 55


  -------         MODULE        ?C?SLSHR
  C:09F8H         PUBLIC        ?C?SLSHR
  -------         ENDMOD        ?C?SLSHR

  -------         MODULE        ?C?LSHL
  C:0A0CH         PUBLIC        ?C?LSHL
  -------         ENDMOD        ?C?LSHL

  -------         MODULE        ?C?LLDPTR
  C:0A1FH         PUBLIC        ?C?LLDPTR
  -------         ENDMOD        ?C?LLDPTR

  -------         MODULE        ?C?LLDOPTR
  C:0A3FH         PUBLIC        ?C?LLDOPTR
  -------         ENDMOD        ?C?LLDOPTR

  -------         MODULE        ?C?LSTPTR
  C:0A6FH         PUBLIC        ?C?LSTPTR
  -------         ENDMOD        ?C?LSTPTR

  -------         MODULE        ?C?LSTOPTR
  C:0A89H         PUBLIC        ?C?LSTOPTR
  -------         ENDMOD        ?C?LSTOPTR

  -------         MODULE        ?C?LSTXDATA
  C:0AADH         PUBLIC        ?C?LSTXDATA
  -------         ENDMOD        ?C?LSTXDATA

  -------         MODULE        ?C?LSTKXDATA
  C:0AB9H         PUBLIC        ?C?LSTKXDATA
  -------         ENDMOD        ?C?LSTKXDATA

  -------         MODULE        ?C?LSTKOPTR
  C:0AEAH         PUBLIC        ?C?LSTKOPTR
  -------         ENDMOD        ?C?LSTKOPTR

  -------         MODULE        ?C?PLDIXDATA
  C:0B0EH         PUBLIC        ?C?PLDIXDATA
  -------         ENDMOD        ?C?PLDIXDATA

  -------         MODULE        ?C?PSTXDATA
  C:0B25H         PUBLIC        ?C?PSTXDATA
  -------         ENDMOD        ?C?PSTXDATA

  -------         MODULE        ?C?PLDPTR
  C:0B2EH         PUBLIC        ?C?PLDPTR
  -------         ENDMOD        ?C?PLDPTR

  -------         MODULE        ?C?PSTPTR
  C:0B4EH         PUBLIC        ?C?PSTPTR
  -------         ENDMOD        ?C?PSTPTR

  -------         MODULE        ?C?CCASE
  C:0B9DH         PUBLIC        ?C?CCASE
  -------         ENDMOD        ?C?CCASE

  -------         MODULE        PUTCHAR
BL51 BANKED LINKER/LOCATER V6.22                                                      07/27/2017  12:08:33  PAGE 56


  C:447FH         PUBLIC        _PUTCHAR
  -------         ENDMOD        PUTCHAR

  -------         MODULE        ?C?MEMSET
  C:0BC3H         PUBLIC        ?C?MEMSET
  -------         ENDMOD        ?C?MEMSET

  -------         MODULE        ?C?IILDX
  C:0BEFH         PUBLIC        ?C?IILDX
  -------         ENDMOD        ?C?IILDX

  -------         MODULE        ?C?LLDIDATA
  C:0C05H         PUBLIC        ?C?LLDIDATA
  -------         ENDMOD        ?C?LLDIDATA

  -------         MODULE        ?C?LLDXDATA
  C:0C11H         PUBLIC        ?C?LLDXDATA
  -------         ENDMOD        ?C?LLDXDATA

  -------         MODULE        ?C?LLDPDATA
  C:0C1DH         PUBLIC        ?C?LLDPDATA
  -------         ENDMOD        ?C?LLDPDATA

  -------         MODULE        ?C?LLDCODE
  C:0C29H         PUBLIC        ?C?LLDCODE
  -------         ENDMOD        ?C?LLDCODE

  -------         MODULE        ?C?LSTIDATA
  C:0C39H         PUBLIC        ?C?LSTIDATA
  -------         ENDMOD        ?C?LSTIDATA

  -------         MODULE        ?C?LSTPDATA
  C:0C45H         PUBLIC        ?C?LSTPDATA
  -------         ENDMOD        ?C?LSTPDATA

  -------         MODULE        ?C?LSTKIDATA
  C:0C51H         PUBLIC        ?C?LSTKIDATA
  -------         ENDMOD        ?C?LSTKIDATA

  -------         MODULE        ?C?LSTKPDATA
  C:0C6AH         PUBLIC        ?C?LSTKPDATA
  -------         ENDMOD        ?C?LSTKPDATA

  -------         MODULE        ?C?PLDIDATA
  C:0C83H         PUBLIC        ?C?PLDIDATA
  -------         ENDMOD        ?C?PLDIDATA

  -------         MODULE        ?C?PSTIDATA
  C:0C8CH         PUBLIC        ?C?PSTIDATA
  -------         ENDMOD        ?C?PSTIDATA

  -------         MODULE        ?C?PLDXDATA
  C:0C95H         PUBLIC        ?C?PLDXDATA
  -------         ENDMOD        ?C?PLDXDATA

  -------         MODULE        ?C?PLDPDATA
  C:0C9EH         PUBLIC        ?C?PLDPDATA
BL51 BANKED LINKER/LOCATER V6.22                                                      07/27/2017  12:08:33  PAGE 57


  -------         ENDMOD        ?C?PLDPDATA

  -------         MODULE        ?C?PSTPDATA
  C:0CA7H         PUBLIC        ?C?PSTPDATA
  -------         ENDMOD        ?C?PSTPDATA

  -------         MODULE        ?C?PLDCODE
  C:0CB0H         PUBLIC        ?C?PLDCODE
  -------         ENDMOD        ?C?PLDCODE

*** WARNING L16: UNCALLED SEGMENT, IGNORED FOR OVERLAY PROCESS
    SEGMENT: ?PR?_COM2SENDU8SS?A_COMFUNC

*** WARNING L16: UNCALLED SEGMENT, IGNORED FOR OVERLAY PROCESS
    SEGMENT: ?PR?BMP085CONVERT?BMP180

*** WARNING L16: UNCALLED SEGMENT, IGNORED FOR OVERLAY PROCESS
    SEGMENT: ?PR?_INITADC?STC12_ADC

*** WARNING L16: UNCALLED SEGMENT, IGNORED FOR OVERLAY PROCESS
    SEGMENT: ?PR?_GETADCRESULT?STC12_ADC

*** WARNING L16: UNCALLED SEGMENT, IGNORED FOR OVERLAY PROCESS
    SEGMENT: ?PR?RESET_BMP280?BMP280IICA

Program Size: data=18.1 xdata=752 code=18292
LINK/LOCATE RUN COMPLETE.  5 WARNING(S),  0 ERROR(S)
