ARM Linker, 5.03 [Build 76] [MDK-ARM Standard]

==============================================================================

Section Cross References

    startup_stm32f10x_hd.o(RESET) refers to startup_stm32f10x_hd.o(STACK) for __initial_sp
    startup_stm32f10x_hd.o(RESET) refers to startup_stm32f10x_hd.o(.text) for Reset_Handler
    startup_stm32f10x_hd.o(RESET) refers to stm32f10x_it.o(.text) for NMI_Handler
    startup_stm32f10x_hd.o(RESET) refers to systick.o(.text) for SysTick_Handler
    startup_stm32f10x_hd.o(.text) refers to system_stm32f10x.o(.text) for SystemInit
    startup_stm32f10x_hd.o(.text) refers to entry.o(.ARM.Collect$$$$00000000) for __main
    main.o(.text) refers to fflti.o(.text) for __aeabi_i2f
    main.o(.text) refers to fmul.o(.text) for __aeabi_fmul
    main.o(.text) refers to ffixi.o(.text) for __aeabi_f2iz
    main.o(.text) refers to dmul.o(.text) for __aeabi_dmul
    main.o(.text) refers to cos.o(i.cos) for cos
    main.o(.text) refers to dflti.o(.text) for __aeabi_i2d
    main.o(.text) refers to sin.o(i.sin) for sin
    main.o(.text) refers to dadd.o(.text) for __aeabi_dsub
    main.o(.text) refers to atan2.o(i.atan2) for atan2
    main.o(.text) refers to sqrt.o(i.sqrt) for sqrt
    main.o(.text) refers to ddiv.o(.text) for __aeabi_ddiv
    main.o(.text) refers to atan.o(i.atan) for atan
    main.o(.text) refers to memseta.o(.text) for __aeabi_memclr4
    main.o(.text) refers to usart1.o(.text) for USART1_Config
    main.o(.text) refers to systick.o(.text) for initSystick
    main.o(.text) refers to i2c.o(.text) for bsp_I2c_Init
    main.o(.text) refers to eeprom.o(.text) for I2c_EEPROM_Init
    main.o(.text) refers to mpu6050.o(.text) for Init_MPU6050
    main.o(.text) refers to hmc5883l.o(.text) for Init_Hmc5883
    main.o(.text) refers to kalman.o(.text) for xInit_Kalman
    main.o(.text) refers to printfa.o(i.__0sprintf) for __2sprintf
    main.o(.text) refers to dfltui.o(.text) for __aeabi_ui2d
    main.o(.text) refers to cdcmple.o(.text) for __aeabi_cdcmple
    main.o(.text) refers to hmc5883l.o(.data) for magX
    main.o(.text) refers to hmc5883l.o(.bss) for magGain
    main.o(.text) refers to main.o(.data) for kalAngleX
    main.o(.text) refers to mpu6050.o(.bss) for six_axis
    main.o(.text) refers to systick.o(.data) for idleMax
    main.o(.text) refers to cdrcmple.o(.text) for __aeabi_cdrcmple
    main.o(.text) refers to dfixi.o(.text) for __aeabi_d2iz
    main.o(.text) refers to main.o(.constdata) for .constdata
    stm32f10x_it.o(.text) refers to stm32f10x_usart.o(.text) for USART_GetITStatus
    stm32f10x_it.o(.text) refers to usart1.o(.text) for myPrintf
    usart1.o(.text) refers to stm32f10x_rcc.o(.text) for RCC_APB2PeriphClockCmd
    usart1.o(.text) refers to stm32f10x_gpio.o(.text) for GPIO_Init
    usart1.o(.text) refers to stm32f10x_usart.o(.text) for USART_Init
    usart1.o(.text) refers to misc.o(.text) for NVIC_PriorityGroupConfig
    usart1.o(.text) refers to printfa.o(i.__0vsnprintf) for __c89vsnprintf
    stm32f10x_rcc.o(.text) refers to stm32f10x_rcc.o(.data) for APBAHBPrescTable
    stm32f10x_gpio.o(.text) refers to stm32f10x_rcc.o(.text) for RCC_APB2PeriphResetCmd
    stm32f10x_usart.o(.text) refers to stm32f10x_rcc.o(.text) for RCC_APB2PeriphResetCmd
    stm32f10x_adc.o(.text) refers to stm32f10x_rcc.o(.text) for RCC_APB2PeriphResetCmd
    stm32f10x_bkp.o(.text) refers to stm32f10x_rcc.o(.text) for RCC_BackupResetCmd
    stm32f10x_can.o(.text) refers to stm32f10x_rcc.o(.text) for RCC_APB1PeriphResetCmd
    stm32f10x_cec.o(.text) refers to stm32f10x_rcc.o(.text) for RCC_APB1PeriphResetCmd
    stm32f10x_dac.o(.text) refers to stm32f10x_rcc.o(.text) for RCC_APB1PeriphResetCmd
    stm32f10x_i2c.o(.text) refers to stm32f10x_rcc.o(.text) for RCC_APB1PeriphResetCmd
    stm32f10x_pwr.o(.text) refers to stm32f10x_rcc.o(.text) for RCC_APB1PeriphResetCmd
    stm32f10x_spi.o(.text) refers to stm32f10x_rcc.o(.text) for RCC_APB2PeriphResetCmd
    stm32f10x_tim.o(.text) refers to stm32f10x_rcc.o(.text) for RCC_APB2PeriphResetCmd
    stm32f10x_wwdg.o(.text) refers to stm32f10x_rcc.o(.text) for RCC_APB1PeriphResetCmd
    system_stm32f10x.o(.text) refers to system_stm32f10x.o(.data) for SystemCoreClock
    i2c.o(.text) refers to stm32f10x_rcc.o(.text) for RCC_APB2PeriphClockCmd
    i2c.o(.text) refers to stm32f10x_gpio.o(.text) for GPIO_Init
    i2c.o(.text) refers to stm32f10x_i2c.o(.text) for I2C_Cmd
    eeprom.o(.text) refers to stm32f10x_i2c.o(.text) for I2C_GenerateSTART
    eeprom.o(.text) refers to usart1.o(.text) for myPrintf
    eeprom.o(.text) refers to eeprom.o(.data) for EEPROM_ADDRESS
    eeprom.o(.text) refers to eeprom.o(.bss) for I2c_Buf_Write
    mpu6050.o(.text) refers to i2c.o(.text) for I2C_ByteWrite
    mpu6050.o(.text) refers to systick.o(.text) for delay_x_ms
    mpu6050.o(.text) refers to usart1.o(.text) for myPrintf
[...]
    printfa.o(i._printf_core) refers to printfa.o(i._printf_post_padding) for _printf_post_padding
    printfa.o(i._printf_core) refers to printfa.o(i._fp_digits) for _fp_digits
    printfa.o(i._printf_core) refers to uidiv.o(.text) for __aeabi_uidivmod
    printfa.o(i._printf_post_padding) refers (Special) to iusefp.o(.text) for __I$use$fp
    printfa.o(i._printf_pre_padding) refers (Special) to iusefp.o(.text) for __I$use$fp
    printfa.o(i._snputc) refers (Special) to iusefp.o(.text) for __I$use$fp
    printfa.o(i._sputc) refers (Special) to iusefp.o(.text) for __I$use$fp
    fadd.o(.text) refers (Special) to iusefp.o(.text) for __I$use$fp
    fadd.o(.text) refers to fepilogue.o(.text) for _float_epilogue
    fmul.o(.text) refers (Special) to iusefp.o(.text) for __I$use$fp
    fdiv.o(.text) refers (Special) to iusefp.o(.text) for __I$use$fp
    fdiv.o(.text) refers to fepilogue.o(.text) for _float_round
    dadd.o(.text) refers (Special) to iusefp.o(.text) for __I$use$fp
    dadd.o(.text) refers to llshl.o(.text) for __aeabi_llsl
    dadd.o(.text) refers to llsshr.o(.text) for __aeabi_lasr
    dadd.o(.text) refers to depilogue.o(.text) for _double_epilogue
    dmul.o(.text) refers (Special) to iusefp.o(.text) for __I$use$fp
    dmul.o(.text) refers to depilogue.o(.text) for _double_epilogue
    ddiv.o(.text) refers (Special) to iusefp.o(.text) for __I$use$fp
    ddiv.o(.text) refers to depilogue.o(.text) for _double_round
    fflti.o(.text) refers (Special) to iusefp.o(.text) for __I$use$fp
    fflti.o(.text) refers to fepilogue.o(.text) for _float_epilogue
    ffltui.o(.text) refers (Special) to iusefp.o(.text) for __I$use$fp
    ffltui.o(.text) refers to fepilogue.o(.text) for _float_epilogue
    dflti.o(.text) refers (Special) to iusefp.o(.text) for __I$use$fp
    dflti.o(.text) refers to depilogue.o(.text) for _double_epilogue
    dfltui.o(.text) refers (Special) to iusefp.o(.text) for __I$use$fp
    dfltui.o(.text) refers to depilogue.o(.text) for _double_epilogue
    ffixi.o(.text) refers (Special) to iusefp.o(.text) for __I$use$fp
    ffixui.o(.text) refers (Special) to iusefp.o(.text) for __I$use$fp
    dfixi.o(.text) refers (Special) to iusefp.o(.text) for __I$use$fp
    dfixi.o(.text) refers to llushr.o(.text) for __aeabi_llsr
    f2d.o(.text) refers (Special) to iusefp.o(.text) for __I$use$fp
    cdcmple.o(.text) refers (Special) to iusefp.o(.text) for __I$use$fp
    cdrcmple.o(.text) refers (Special) to iusefp.o(.text) for __I$use$fp
    d2f.o(.text) refers (Special) to iusefp.o(.text) for __I$use$fp
    d2f.o(.text) refers to fepilogue.o(.text) for _float_round
    cfcmple.o(.text) refers (Special) to iusefp.o(.text) for __I$use$fp
    cfrcmple.o(.text) refers (Special) to iusefp.o(.text) for __I$use$fp
    cos_i.o(i.__kernel_cos) refers (Special) to iusefp.o(.text) for __I$use$fp
    cos_i.o(i.__kernel_cos) refers to dfixi.o(.text) for __aeabi_d2iz
    cos_i.o(i.__kernel_cos) refers to dmul.o(.text) for __aeabi_dmul
    cos_i.o(i.__kernel_cos) refers to poly.o(i.__kernel_poly) for __kernel_poly
    cos_i.o(i.__kernel_cos) refers to dadd.o(.text) for __aeabi_dsub
    cos_i.o(i.__kernel_cos) refers to dscalb.o(.text) for __ARM_scalbn
    cos_i.o(i.__kernel_cos) refers to cos_i.o(.constdata) for .constdata
    cos_i.o(.constdata) refers (Special) to iusefp.o(.text) for __I$use$fp
    dunder.o(i.__mathlib_dbl_underflow) refers to dscalb.o(.text) for __ARM_scalbn
    fpclassify.o(i.__ARM_fpclassify) refers (Special) to iusefp.o(.text) for __I$use$fp
    poly.o(i.__kernel_poly) refers (Special) to iusefp.o(.text) for __I$use$fp
    poly.o(i.__kernel_poly) refers to dmul.o(.text) for __aeabi_dmul
    poly.o(i.__kernel_poly) refers to dadd.o(.text) for __aeabi_dadd
    qnan.o(.constdata) refers (Special) to iusefp.o(.text) for __I$use$fp
    rred.o(i.__ieee754_rem_pio2) refers (Special) to iusefp.o(.text) for __I$use$fp
    rred.o(i.__ieee754_rem_pio2) refers to dadd.o(.text) for __aeabi_dsub
    rred.o(i.__ieee754_rem_pio2) refers to dmul.o(.text) for __aeabi_dmul
    rred.o(i.__ieee754_rem_pio2) refers to dfixi.o(.text) for __aeabi_d2iz
    rred.o(i.__ieee754_rem_pio2) refers to dflti.o(.text) for __aeabi_i2d
    rred.o(i.__ieee754_rem_pio2) refers to dfltui.o(.text) for __aeabi_ui2d
    rred.o(i.__ieee754_rem_pio2) refers to dscalb.o(.text) for __ARM_scalbn
    rred.o(i.__ieee754_rem_pio2) refers to rred.o(.constdata) for .constdata
    rred.o(i.__use_accurate_range_reduction) refers (Special) to iusefp.o(.text) for __I$use$fp
    rred.o(.constdata) refers (Special) to iusefp.o(.text) for __I$use$fp
    sin_i.o(i.__kernel_sin) refers (Special) to iusefp.o(.text) for __I$use$fp
    sin_i.o(i.__kernel_sin) refers to fpclassify.o(i.__ARM_fpclassify) for __ARM_fpclassify
    sin_i.o(i.__kernel_sin) refers to dunder.o(i.__mathlib_dbl_underflow) for __mathlib_dbl_underflow
    sin_i.o(i.__kernel_sin) refers to dmul.o(.text) for __aeabi_dmul
    sin_i.o(i.__kernel_sin) refers to poly.o(i.__kernel_poly) for __kernel_poly
    sin_i.o(i.__kernel_sin) refers to dscalb.o(.text) for __ARM_scalbn
    sin_i.o(i.__kernel_sin) refers to dadd.o(.text) for __aeabi_dsub
    sin_i.o(i.__kernel_sin) refers to sin_i.o(.constdata) for .constdata
    sin_i.o(.constdata) refers (Special) to iusefp.o(.text) for __I$use$fp
    sin_i_x.o(i.____kernel_sin$lsc) refers (Special) to iusefp.o(.text) for __I$use$fp
    sin_i_x.o(i.____kernel_sin$lsc) refers to dmul.o(.text) for __aeabi_dmul
    sin_i_x.o(i.____kernel_sin$lsc) refers to poly.o(i.__kernel_poly) for __kernel_poly
    sin_i_x.o(i.____kernel_sin$lsc) refers to dscalb.o(.text) for __ARM_scalbn
    sin_i_x.o(i.____kernel_sin$lsc) refers to dadd.o(.text) for __aeabi_dsub
    sin_i_x.o(i.____kernel_sin$lsc) refers to sin_i_x.o(.constdata) for .constdata
    sin_i_x.o(.constdata) refers (Special) to iusefp.o(.text) for __I$use$fp
    entry2.o(.ARM.Collect$$$$00000001) refers to entry2.o(.ARM.Collect$$$$00002712) for __lit__00000000
    entry2.o(.ARM.Collect$$$$00002712) refers to startup_stm32f10x_hd.o(STACK) for __initial_sp
    entry2.o(__vectab_stack_and_reset_area) refers to startup_stm32f10x_hd.o(STACK) for __initial_sp
    entry2.o(__vectab_stack_and_reset_area) refers to entry.o(.ARM.Collect$$$$00000000) for __main
    entry5.o(.ARM.Collect$$$$00000004) refers to init.o(.text) for __scatterload
    entry9a.o(.ARM.Collect$$$$0000000B) refers to main.o(.text) for main
    entry9b.o(.ARM.Collect$$$$0000000C) refers to main.o(.text) for main
    fputc.o(i.fputc) refers (Special) to iusesemip.o(.text) for __I$use$semihosting$fputc
    fputc.o(i.fputc) refers (Special) to semi.o(.text) for __semihosting_library_function
    uldiv.o(.text) refers to llushr.o(.text) for __aeabi_llsr
    uldiv.o(.text) refers to llshl.o(.text) for __aeabi_llsl
    errno.o(i.__aeabi_errno_addr) refers to errno.o(.data) for .data
    errno.o(i.__read_errno) refers to errno.o(.data) for .data
    errno.o(i.__set_errno) refers to errno.o(.data) for .data
    depilogue.o(.text) refers to llshl.o(.text) for __aeabi_llsl
    depilogue.o(.text) refers to llushr.o(.text) for __aeabi_llsr
    dsqrt.o(.text) refers to llushr.o(.text) for __aeabi_llsr
    dsqrt.o(.text) refers to depilogue.o(.text) for _double_round
    dfixul.o(.text) refers to llushr.o(.text) for __aeabi_llsr
    dfixul.o(.text) refers to llshl.o(.text) for __aeabi_llsl
    init.o(.text) refers to entry5.o(.ARM.Collect$$$$00000004) for __main_after_scatterload


==============================================================================

Removing Unused input sections from the image.

    Removing startup_stm32f10x_hd.o(HEAP), (512 bytes).
    Removing stm32f10x_adc.o(.text), (1102 bytes).
    Removing stm32f10x_bkp.o(.text), (196 bytes).
    Removing stm32f10x_can.o(.text), (2540 bytes).
    Removing stm32f10x_cec.o(.text), (288 bytes).
    Removing stm32f10x_crc.o(.text), (72 bytes).
    Removing stm32f10x_dac.o(.text), (396 bytes).
    Removing stm32f10x_dbgmcu.o(.text), (48 bytes).
    Removing stm32f10x_dma.o(.text), (592 bytes).
    Removing stm32f10x_exti.o(.text), (284 bytes).
    Removing stm32f10x_flash.o(.text), (1468 bytes).
    Removing stm32f10x_fsmc.o(.text), (1560 bytes).
    Removing stm32f10x_iwdg.o(.text), (64 bytes).
    Removing stm32f10x_pwr.o(.text), (204 bytes).
    Removing stm32f10x_rtc.o(.text), (324 bytes).
    Removing stm32f10x_sdio.o(.text), (472 bytes).
    Removing stm32f10x_spi.o(.text), (780 bytes).
    Removing stm32f10x_tim.o(.text), (3610 bytes).
    Removing stm32f10x_wwdg.o(.text), (136 bytes).
    Removing core_cm3.o(.emb_text), (32 bytes).
    Removing twatch.o(.text), (54 bytes).
    Removing twatch.o(.data), (8 bytes).
    Removing inv_mpu.o(.text), (8920 bytes).
    Removing inv_mpu.o(.constdata), (157 bytes).
    Removing inv_mpu.o(.data), (53 bytes).
    Removing inv_mpu_dmp_motion_driver.o(.text), (3436 bytes).
    Removing inv_mpu_dmp_motion_driver.o(.bss), (16 bytes).
    Removing inv_mpu_dmp_motion_driver.o(.constdata), (3062 bytes).
    Removing ffltui.o(.text), (10 bytes).
    Removing ffixui.o(.text), (40 bytes).
    Removing f2d.o(.text), (38 bytes).
    Removing cfrcmple.o(.text), (20 bytes).

32 unused section(s) (total 30494 bytes) removed from the image.

==============================================================================

Image Symbol Table

    Local Symbols

    Symbol Name                              Value     Ov Type        Size  Object(Section)

    ../clib/../cmprslib/zerorunl2.c          0x00000000   Number         0  __dczerorl2.o ABSOLUTE
    ../clib/microlib/division.c              0x00000000   Number         0  ldiv.o ABSOLUTE
    ../clib/microlib/division.c              0x00000000   Number         0  uidiv.o ABSOLUTE
    ../clib/microlib/division.c              0x00000000   Number         0  uldiv.o ABSOLUTE
    ../clib/microlib/errno.c                 0x00000000   Number         0  errno.o ABSOLUTE
    ../clib/microlib/init/entry.s            0x00000000   Number         0  entry5.o ABSOLUTE
    ../clib/microlib/init/entry.s            0x00000000   Number         0  entry9b.o ABSOLUTE
    ../clib/microlib/init/entry.s            0x00000000   Number         0  entry7a.o ABSOLUTE
    ../clib/microlib/init/entry.s            0x00000000   Number         0  entry10a.o ABSOLUTE
    ../clib/microlib/init/entry.s            0x00000000   Number         0  entry10b.o ABSOLUTE
    ../clib/microlib/init/entry.s            0x00000000   Number         0  entry8a.o ABSOLUTE
    ../clib/microlib/init/entry.s            0x00000000   Number         0  entry11a.o ABSOLUTE
    ../clib/microlib/init/entry.s            0x00000000   Number         0  entry.o ABSOLUTE
    ../clib/microlib/init/entry.s            0x00000000   Number         0  entry8b.o ABSOLUTE
    ../clib/microlib/init/entry.s            0x00000000   Number         0  entry11b.o ABSOLUTE
    ../clib/microlib/init/entry.s            0x00000000   Number         0  entry9a.o ABSOLUTE
    ../clib/microlib/init/entry.s            0x00000000   Number         0  entry7b.o ABSOLUTE
    ../clib/microlib/init/entry.s            0x00000000   Number         0  entry2.o ABSOLUTE
    ../clib/microlib/longlong.c              0x00000000   Number         0  llushr.o ABSOLUTE
    ../clib/microlib/longlong.c              0x00000000   Number         0  llshl.o ABSOLUTE
    ../clib/microlib/longlong.c              0x00000000   Number         0  llsshr.o ABSOLUTE
    ../clib/microlib/printf/printf.c         0x00000000   Number         0  printf4.o ABSOLUTE
    ../clib/microlib/printf/printf.c         0x00000000   Number         0  printfb.o ABSOLUTE
    ../clib/microlib/printf/printf.c         0x00000000   Number         0  printf0.o ABSOLUTE
    ../clib/microlib/printf/printf.c         0x00000000   Number         0  printf1.o ABSOLUTE
    ../clib/microlib/printf/printf.c         0x00000000   Number         0  printf2.o ABSOLUTE
    ../clib/microlib/printf/printf.c         0x00000000   Number         0  printf3.o ABSOLUTE
    ../clib/microlib/printf/printf.c         0x00000000   Number         0  printf5.o ABSOLUTE
    ../clib/microlib/printf/printf.c         0x00000000   Number         0  printf6.o ABSOLUTE
    ../clib/microlib/printf/printf.c         0x00000000   Number         0  printf7.o ABSOLUTE
    ../clib/microlib/printf/printf.c         0x00000000   Number         0  printfa.o ABSOLUTE
    ../clib/microlib/printf/printf.c         0x00000000   Number         0  printf8.o ABSOLUTE
    ../clib/microlib/printf/stubs.s          0x00000000   Number         0  stubs.o ABSOLUTE
    ../clib/microlib/stdio/fputc.c           0x00000000   Number         0  fputc.o ABSOLUTE
    ../clib/microlib/stdio/semi.s            0x00000000   Number         0  semi.o ABSOLUTE
    ../clib/microlib/stdio/streams.c         0x00000000   Number         0  stdout.o ABSOLUTE
    ../clib/microlib/string/memcmp.c         0x00000000   Number         0  memcmp.o ABSOLUTE
    ../clib/microlib/string/memset.c         0x00000000   Number         0  memseta.o ABSOLUTE
    ../clib/microlib/stubs.s                 0x00000000   Number         0  iusefp.o ABSOLUTE
    ../clib/microlib/stubs.s                 0x00000000   Number         0  iusesemip.o ABSOLUTE
    ../fplib/microlib/d2f.c                  0x00000000   Number         0  d2f.o ABSOLUTE
    ../fplib/microlib/f2d.c                  0x00000000   Number         0  f2d.o ABSOLUTE
    ../fplib/microlib/fpadd.c                0x00000000   Number         0  dadd.o ABSOLUTE
    ../fplib/microlib/fpadd.c                0x00000000   Number         0  fadd.o ABSOLUTE
    ../fplib/microlib/fpdiv.c                0x00000000   Number         0  fdiv.o ABSOLUTE
    ../fplib/microlib/fpdiv.c                0x00000000   Number         0  ddiv.o ABSOLUTE
    ../fplib/microlib/fpepilogue.c           0x00000000   Number         0  fepilogue.o ABSOLUTE
    ../fplib/microlib/fpepilogue.c           0x00000000   Number         0  depilogue.o ABSOLUTE
    ../fplib/microlib/fpfix.c                0x00000000   Number         0  dfixul.o ABSOLUTE
    ../fplib/microlib/fpfix.c                0x00000000   Number         0  ffixui.o ABSOLUTE
    ../fplib/microlib/fpfix.c                0x00000000   Number         0  ffixi.o ABSOLUTE
    ../fplib/microlib/fpfix.c                0x00000000   Number         0  dfixi.o ABSOLUTE
    ../fplib/microlib/fpflt.c                0x00000000   Number         0  ffltui.o ABSOLUTE
    ../fplib/microlib/fpflt.c                0x00000000   Number         0  fflti.o ABSOLUTE
    ../fplib/microlib/fpflt.c                0x00000000   Number         0  dfltui.o ABSOLUTE
    ../fplib/microlib/fpflt.c                0x00000000   Number         0  dflti.o ABSOLUTE
    ../fplib/microlib/fpmul.c                0x00000000   Number         0  fmul.o ABSOLUTE
    ../fplib/microlib/fpmul.c                0x00000000   Number         0  dmul.o ABSOLUTE
    ../fplib/microlib/fpscalb.c              0x00000000   Number         0  dscalb.o ABSOLUTE
    ../fplib/microlib/fpsqrt.c               0x00000000   Number         0  dsqrt.o ABSOLUTE
    ../mathlib/asin.c                        0x00000000   Number         0  asin_x.o ABSOLUTE
    ../mathlib/asin.c                        0x00000000   Number         0  asin.o ABSOLUTE
    ../mathlib/atan.c                        0x00000000   Number         0  atan.o ABSOLUTE
    ../mathlib/atan.c                        0x00000000   Number         0  atan_x.o ABSOLUTE
    ../mathlib/atan2.c                       0x00000000   Number         0  atan2.o ABSOLUTE
    ../mathlib/atan2.c                       0x00000000   Number         0  atan2_x.o ABSOLUTE
    ../mathlib/cos.c                         0x00000000   Number         0  cos.o ABSOLUTE
    ../mathlib/cos.c                         0x00000000   Number         0  cos_x.o ABSOLUTE
    ../mathlib/cos_i.c                       0x00000000   Number         0  cos_i.o ABSOLUTE
    ../mathlib/dunder.c                      0x00000000   Number         0  dunder.o ABSOLUTE
    ../mathlib/fpclassify.c                  0x00000000   Number         0  fpclassify.o ABSOLUTE
    ../mathlib/poly.c                        0x00000000   Number         0  poly.o ABSOLUTE
    ../mathlib/qnan.c                        0x00000000   Number         0  qnan.o ABSOLUTE
    ../mathlib/rred.c                        0x00000000   Number         0  rred.o ABSOLUTE
    ../mathlib/sin.c                         0x00000000   Number         0  sin_x.o ABSOLUTE
    ../mathlib/sin.c                         0x00000000   Number         0  sin.o ABSOLUTE
    ../mathlib/sin_i.c                       0x00000000   Number         0  sin_i.o ABSOLUTE
    ../mathlib/sin_i.c                       0x00000000   Number         0  sin_i_x.o ABSOLUTE
    ../mathlib/sqrt.c                        0x00000000   Number         0  sqrt_x.o ABSOLUTE
    ../mathlib/sqrt.c                        0x00000000   Number         0  sqrt.o ABSOLUTE
    ..\CMSIS\core_cm3.c                      0x00000000   Number         0  core_cm3.o ABSOLUTE
    ..\CMSIS\startup\startup_stm32f10x_hd.s  0x00000000   Number         0  startup_stm32f10x_hd.o ABSOLUTE
    ..\CMSIS\system_stm32f10x.c              0x00000000   Number         0  system_stm32f10x.o ABSOLUTE
    ..\FWlib\src\misc.c                      0x00000000   Number         0  misc.o ABSOLUTE
    ..\FWlib\src\stm32f10x_adc.c             0x00000000   Number         0  stm32f10x_adc.o ABSOLUTE
    ..\FWlib\src\stm32f10x_bkp.c             0x00000000   Number         0  stm32f10x_bkp.o ABSOLUTE
    ..\FWlib\src\stm32f10x_can.c             0x00000000   Number         0  stm32f10x_can.o ABSOLUTE
    ..\FWlib\src\stm32f10x_cec.c             0x00000000   Number         0  stm32f10x_cec.o ABSOLUTE
    ..\FWlib\src\stm32f10x_crc.c             0x00000000   Number         0  stm32f10x_crc.o ABSOLUTE
    ..\FWlib\src\stm32f10x_dac.c             0x00000000   Number         0  stm32f10x_dac.o ABSOLUTE
    ..\FWlib\src\stm32f10x_dbgmcu.c          0x00000000   Number         0  stm32f10x_dbgmcu.o ABSOLUTE
    ..\FWlib\src\stm32f10x_dma.c             0x00000000   Number         0  stm32f10x_dma.o ABSOLUTE
    ..\FWlib\src\stm32f10x_exti.c            0x00000000   Number         0  stm32f10x_exti.o ABSOLUTE
    ..\FWlib\src\stm32f10x_flash.c           0x00000000   Number         0  stm32f10x_flash.o ABSOLUTE
    ..\FWlib\src\stm32f10x_fsmc.c            0x00000000   Number         0  stm32f10x_fsmc.o ABSOLUTE
    ..\FWlib\src\stm32f10x_gpio.c            0x00000000   Number         0  stm32f10x_gpio.o ABSOLUTE
    ..\FWlib\src\stm32f10x_i2c.c             0x00000000   Number         0  stm32f10x_i2c.o ABSOLUTE
    ..\FWlib\src\stm32f10x_iwdg.c            0x00000000   Number         0  stm32f10x_iwdg.o ABSOLUTE
    ..\FWlib\src\stm32f10x_pwr.c             0x00000000   Number         0  stm32f10x_pwr.o ABSOLUTE
    ..\FWlib\src\stm32f10x_rcc.c             0x00000000   Number         0  stm32f10x_rcc.o ABSOLUTE
    ..\FWlib\src\stm32f10x_rtc.c             0x00000000   Number         0  stm32f10x_rtc.o ABSOLUTE
    ..\FWlib\src\stm32f10x_sdio.c            0x00000000   Number         0  stm32f10x_sdio.o ABSOLUTE
    ..\FWlib\src\stm32f10x_spi.c             0x00000000   Number         0  stm32f10x_spi.o ABSOLUTE
    ..\FWlib\src\stm32f10x_tim.c             0x00000000   Number         0  stm32f10x_tim.o ABSOLUTE
    ..\FWlib\src\stm32f10x_usart.c           0x00000000   Number         0  stm32f10x_usart.o ABSOLUTE
    ..\FWlib\src\stm32f10x_wwdg.c            0x00000000   Number         0  stm32f10x_wwdg.o ABSOLUTE
    ..\HW_BSP\EEPROM.C                       0x00000000   Number         0  eeprom.o ABSOLUTE
    ..\HW_BSP\HMC5883L.C                     0x00000000   Number         0  hmc5883l.o ABSOLUTE
    ..\HW_BSP\I2C.C                          0x00000000   Number         0  i2c.o ABSOLUTE
    ..\HW_BSP\Kalman.c                       0x00000000   Number         0  kalman.o ABSOLUTE
    ..\HW_BSP\MPU6050.C                      0x00000000   Number         0  mpu6050.o ABSOLUTE
    ..\HW_BSP\SYSTICK.C                      0x00000000   Number         0  systick.o ABSOLUTE
    ..\HW_BSP\tWatch.c                       0x00000000   Number         0  twatch.o ABSOLUTE
    ..\\CMSIS\\core_cm3.c                    0x00000000   Number         0  core_cm3.o ABSOLUTE
    ..\eMPL\inv_mpu.c                        0x00000000   Number         0  inv_mpu.o ABSOLUTE
    ..\eMPL\inv_mpu_dmp_motion_driver.c      0x00000000   Number         0  inv_mpu_dmp_motion_driver.o ABSOLUTE
    cdcmple.s                                0x00000000   Number         0  cdcmple.o ABSOLUTE
    cdrcmple.s                               0x00000000   Number         0  cdrcmple.o ABSOLUTE
    cfcmple.s                                0x00000000   Number         0  cfcmple.o ABSOLUTE
    cfrcmple.s                               0x00000000   Number         0  cfrcmple.o ABSOLUTE
    dc.s                                     0x00000000   Number         0  dc.o ABSOLUTE
    handlers.s                               0x00000000   Number         0  handlers.o ABSOLUTE
    init.s                                   0x00000000   Number         0  init.o ABSOLUTE
    main.c                                   0x00000000   Number         0  main.o ABSOLUTE
    stm32f10x_it.c                           0x00000000   Number         0  stm32f10x_it.o ABSOLUTE
    usart1.c                                 0x00000000   Number         0  usart1.o ABSOLUTE
    RESET                                    0x08000000   Section      304  startup_stm32f10x_hd.o(RESET)
    .ARM.Collect$$$$00000000                 0x08000130   Section        0  entry.o(.ARM.Collect$$$$00000000)
    .ARM.Collect$$$$00000001                 0x08000130   Section        4  entry2.o(.ARM.Collect$$$$00000001)
    .ARM.Collect$$$$00000004                 0x08000134   Section        4  entry5.o(.ARM.Collect$$$$00000004)
    .ARM.Collect$$$$00000008                 0x08000138   Section        0  entry7b.o(.ARM.Collect$$$$00000008)
    .ARM.Collect$$$$0000000A                 0x08000138   Section        0  entry8b.o(.ARM.Collect$$$$0000000A)
    .ARM.Collect$$$$0000000B                 0x08000138   Section        8  entry9a.o(.ARM.Collect$$$$0000000B)
    .ARM.Collect$$$$0000000D                 0x08000140   Section        0  entry10a.o(.ARM.Collect$$$$0000000D)
    .ARM.Collect$$$$0000000F                 0x08000140   Section        0  entry11a.o(.ARM.Collect$$$$0000000F)
    .ARM.Collect$$$$00002712                 0x08000140   Section        4  entry2.o(.ARM.Collect$$$$00002712)
    __lit__00000000                          0x08000140   Data           4  entry2.o(.ARM.Collect$$$$00002712)
    .text                                    0x08000144   Section       36  startup_stm32f10x_hd.o(.text)
    .text                                    0x08000168   Section        0  main.o(.text)
    .text                                    0x08000adc   Section        0  stm32f10x_it.o(.text)
    .text                                    0x08000b1c   Section        0  usart1.o(.text)
    .text                                    0x08000c24   Section        0  stm32f10x_rcc.o(.text)
    .text                                    0x08000fc8   Section        0  stm32f10x_gpio.o(.text)
    .text                                    0x08001320   Section        0  stm32f10x_usart.o(.text)
    .text                                    0x08001728   Section        0  misc.o(.text)
    .text                                    0x08001804   Section        0  stm32f10x_i2c.o(.text)
    .text                                    0x08001c08   Section        0  system_stm32f10x.o(.text)
    SetSysClockTo72                          0x08001c09   Thumb Code   212  system_stm32f10x.o(.text)
    SetSysClock                              0x08001cdd   Thumb Code     8  system_stm32f10x.o(.text)
    .text                                    0x08001de4   Section        0  i2c.o(.text)
    .text                                    0x08002040   Section        0  eeprom.o(.text)
    .text                                    0x080024cc   Section        0  mpu6050.o(.text)
    .text                                    0x0800276c   Section        0  systick.o(.text)
    systick_check_underflow                  0x08002801   Thumb Code    12  systick.o(.text)
    .text                                    0x080028d4   Section        0  hmc5883l.o(.text)
    .text                                    0x08002c14   Section        0  kalman.o(.text)
    .text                                    0x080034ec   Section        0  memseta.o(.text)
    .text                                    0x08003510   Section        0  fadd.o(.text)
    .text                                    0x080035c0   Section        0  fmul.o(.text)
    .text                                    0x0800362c   Section        0  fdiv.o(.text)
    .text                                    0x080036ac   Section        0  dadd.o(.text)
    .text                                    0x080037fa   Section        0  dmul.o(.text)
    .text                                    0x080038de   Section        0  ddiv.o(.text)
    .text                                    0x080039bc   Section        0  fflti.o(.text)
    .text                                    0x080039ce   Section        0  dflti.o(.text)
    .text                                    0x080039f0   Section        0  dfltui.o(.text)
    .text                                    0x08003a0a   Section        0  ffixi.o(.text)
    .text                                    0x08003a3c   Section        0  dfixi.o(.text)
    .text                                    0x08003a7c   Section       40  cdcmple.o(.text)
    .text                                    0x08003aa4   Section       40  cdrcmple.o(.text)
    .text                                    0x08003acc   Section        0  d2f.o(.text)
    .text                                    0x08003b04   Section       20  cfcmple.o(.text)
    .text                                    0x08003b18   Section        0  uidiv.o(.text)
    .text                                    0x08003b44   Section        0  uldiv.o(.text)
    .text                                    0x08003ba6   Section        0  llshl.o(.text)
    .text                                    0x08003bc4   Section        0  llushr.o(.text)
    .text                                    0x08003be4   Section        0  llsshr.o(.text)
    .text                                    0x08003c08   Section        0  iusefp.o(.text)
    .text                                    0x08003c08   Section        0  fepilogue.o(.text)
    .text                                    0x08003c74   Section        0  depilogue.o(.text)
    .text                                    0x08003d32   Section        0  dscalb.o(.text)
    .text                                    0x08003d60   Section        0  dsqrt.o(.text)
    .text                                    0x08003e02   Section        0  dfixul.o(.text)
    .text                                    0x08003e34   Section       36  init.o(.text)
    .text                                    0x08003e58   Section        0  __dczerorl2.o(.text)
    i.__0sprintf                             0x08003eb4   Section        0  printfa.o(i.__0sprintf)
    i.__0vsnprintf                           0x08003edc   Section        0  printfa.o(i.__0vsnprintf)
    i.__ARM_fpclassify                       0x08003f00   Section        0  fpclassify.o(i.__ARM_fpclassify)
    i.__ieee754_rem_pio2                     0x08003f28   Section        0  rred.o(i.__ieee754_rem_pio2)
    i.__kernel_cos                           0x080042b0   Section        0  cos_i.o(i.__kernel_cos)
    i.__kernel_poly                          0x080043ac   Section        0  poly.o(i.__kernel_poly)
    i.__kernel_sin                           0x08004458   Section        0  sin_i.o(i.__kernel_sin)
    i.__mathlib_dbl_underflow                0x08004544   Section        0  dunder.o(i.__mathlib_dbl_underflow)
    i.__scatterload_copy                     0x08004554   Section       14  handlers.o(i.__scatterload_copy)
    i.__scatterload_null                     0x08004562   Section        2  handlers.o(i.__scatterload_null)
    i.__scatterload_zeroinit                 0x08004564   Section       14  handlers.o(i.__scatterload_zeroinit)
    i.__set_errno                            0x08004574   Section        0  errno.o(i.__set_errno)
    i._fp_digits                             0x08004580   Section        0  printfa.o(i._fp_digits)
    _fp_digits                               0x08004581   Thumb Code   326  printfa.o(i._fp_digits)
    i._printf_core                           0x080046dc   Section        0  printfa.o(i._printf_core)
    _printf_core                             0x080046dd   Thumb Code  1762  printfa.o(i._printf_core)
    i._printf_post_padding                   0x08004dcc   Section        0  printfa.o(i._printf_post_padding)
    _printf_post_padding                     0x08004dcd   Thumb Code    38  printfa.o(i._printf_post_padding)
    i._printf_pre_padding                    0x08004df2   Section        0  printfa.o(i._printf_pre_padding)
    _printf_pre_padding                      0x08004df3   Thumb Code    48  printfa.o(i._printf_pre_padding)
    i._snputc                                0x08004e22   Section        0  printfa.o(i._snputc)
    _snputc                                  0x08004e23   Thumb Code    22  printfa.o(i._snputc)
    i._sputc                                 0x08004e38   Section        0  printfa.o(i._sputc)
    _sputc                                   0x08004e39   Thumb Code    10  printfa.o(i._sputc)
    i.atan                                   0x08004e44   Section        0  atan.o(i.atan)
    i.atan2                                  0x08005068   Section        0  atan2.o(i.atan2)
    i.cos                                    0x080051e8   Section        0  cos.o(i.cos)
    i.sin                                    0x08005294   Section        0  sin.o(i.sin)
    i.sqrt                                   0x08005344   Section        0  sqrt.o(i.sqrt)
    .constdata                               0x08005390   Section       68  main.o(.constdata)
    .constdata                               0x080053d4   Section        6  mpu6050.o(.constdata)
    .constdata                               0x080053e0   Section      152  atan.o(.constdata)
    atanhi                                   0x080053e0   Data          32  atan.o(.constdata)
    atanlo                                   0x08005400   Data          32  atan.o(.constdata)
    aTodd                                    0x08005420   Data          40  atan.o(.constdata)
    aTeven                                   0x08005448   Data          48  atan.o(.constdata)
    .constdata                               0x08005478   Section       48  cos_i.o(.constdata)
    C                                        0x08005478   Data          48  cos_i.o(.constdata)
    .constdata                               0x080054a8   Section        8  qnan.o(.constdata)
    .constdata                               0x080054b0   Section      200  rred.o(.constdata)
    pio2s                                    0x080054b0   Data          48  rred.o(.constdata)
    twooverpi                                0x080054e0   Data         152  rred.o(.constdata)
    .constdata                               0x08005578   Section       40  sin_i.o(.constdata)
    S                                        0x08005578   Data          40  sin_i.o(.constdata)
    .data                                    0x20000000   Section      120  main.o(.data)
    .data                                    0x20000078   Section       20  stm32f10x_rcc.o(.data)
    APBAHBPrescTable                         0x20000078   Data          16  stm32f10x_rcc.o(.data)
    ADCPrescTable                            0x20000088   Data           4  stm32f10x_rcc.o(.data)
    .data                                    0x2000008c   Section       20  system_stm32f10x.o(.data)
    .data                                    0x200000a0   Section        2  eeprom.o(.data)
    .data                                    0x200000a4   Section       12  systick.o(.data)
    sysTickMillis                            0x200000a4   Data           4  systick.o(.data)
    sysTickPerUs                             0x200000a8   Data           4  systick.o(.data)
    .data                                    0x200000b0   Section       12  hmc5883l.o(.data)
    .data                                    0x200000c0   Section      192  kalman.o(.data)
    .data                                    0x20000180   Section        4  errno.o(.data)
    _errno                                   0x20000180   Data           4  errno.o(.data)
    .bss                                     0x20000184   Section      512  eeprom.o(.bss)
    .bss                                     0x20000384   Section       16  mpu6050.o(.bss)
    .bss                                     0x20000394   Section       12  hmc5883l.o(.bss)
    .bss                                     0x200003a0   Section      144  kalman.o(.bss)
    STACK                                    0x20000430   Section     1024  startup_stm32f10x_hd.o(STACK)

    Global Symbols

    Symbol Name                              Value     Ov Type        Size  Object(Section)

    BuildAttributes$$THM_ISAv4$P$D$K$B$S$PE$A:L22UL41UL21$X:L11$S22US41US21$IEEE1$IW$USESV6$~STKCKD$USESV7$~SHL$OTIME$ROPI$IEEEX$EBA8$MICROLIB$REQ8$PRES8$EABIv2 0x00000000   Number         0  anon$$obj.o ABSOLUTE
    __ARM_use_no_argv                        0x00000000   Number         0  main.o ABSOLUTE
    _printf_a                                0x00000000   Number         0  stubs.o ABSOLUTE
    _printf_c                                0x00000000   Number         0  stubs.o ABSOLUTE
    _printf_charcount                        0x00000000   Number         0  stubs.o ABSOLUTE
    _printf_d                                0x00000000   Number         0  stubs.o ABSOLUTE
    _printf_e                                0x00000000   Number         0  stubs.o ABSOLUTE
    _printf_f                                0x00000000   Number         0  stubs.o ABSOLUTE
    _printf_flags                            0x00000000   Number         0  stubs.o ABSOLUTE
    _printf_fp_dec                           0x00000000   Number         0  stubs.o ABSOLUTE
    _printf_fp_hex                           0x00000000   Number         0  stubs.o ABSOLUTE
    _printf_g                                0x00000000   Number         0  stubs.o ABSOLUTE
    _printf_i                                0x00000000   Number         0  stubs.o ABSOLUTE
    _printf_int_dec                          0x00000000   Number         0  stubs.o ABSOLUTE
    _printf_l                                0x00000000   Number         0  stubs.o ABSOLUTE
    _printf_lc                               0x00000000   Number         0  stubs.o ABSOLUTE
    _printf_ll                               0x00000000   Number         0  stubs.o ABSOLUTE
    _printf_lld                              0x00000000   Number         0  stubs.o ABSOLUTE
    _printf_lli                              0x00000000   Number         0  stubs.o ABSOLUTE
    _printf_llo                              0x00000000   Number         0  stubs.o ABSOLUTE
    _printf_llu                              0x00000000   Number         0  stubs.o ABSOLUTE
    _printf_llx                              0x00000000   Number         0  stubs.o ABSOLUTE
    _printf_longlong_dec                     0x00000000   Number         0  stubs.o ABSOLUTE
    _printf_longlong_hex                     0x00000000   Number         0  stubs.o ABSOLUTE
    _printf_longlong_oct                     0x00000000   Number         0  stubs.o ABSOLUTE
    _printf_ls                               0x00000000   Number         0  stubs.o ABSOLUTE
    _printf_mbtowc                           0x00000000   Number         0  stubs.o ABSOLUTE
    _printf_n                                0x00000000   Number         0  stubs.o ABSOLUTE
    _printf_o                                0x00000000   Number         0  stubs.o ABSOLUTE
    _printf_p                                0x00000000   Number         0  stubs.o ABSOLUTE
    _printf_percent                          0x00000000   Number         0  stubs.o ABSOLUTE
    _printf_pre_padding                      0x00000000   Number         0  stubs.o ABSOLUTE
    _printf_return_value                     0x00000000   Number         0  stubs.o ABSOLUTE
    _printf_s                                0x00000000   Number         0  stubs.o ABSOLUTE
    _printf_sizespec                         0x00000000   Number         0  stubs.o ABSOLUTE
    _printf_str                              0x00000000   Number         0  stubs.o ABSOLUTE
    _printf_truncate_signed                  0x00000000   Number         0  stubs.o ABSOLUTE
    _printf_truncate_unsigned                0x00000000   Number         0  stubs.o ABSOLUTE
    _printf_u                                0x00000000   Number         0  stubs.o ABSOLUTE
    _printf_wc                               0x00000000   Number         0  stubs.o ABSOLUTE
    _printf_wctomb                           0x00000000   Number         0  stubs.o ABSOLUTE
    _printf_widthprec                        0x00000000   Number         0  stubs.o ABSOLUTE
    _printf_x                                0x00000000   Number         0  stubs.o ABSOLUTE
    __cpp_initialize__aeabi_                  - Undefined Weak Reference
    __cxa_finalize                            - Undefined Weak Reference
    _clock_init                               - Undefined Weak Reference
    _microlib_exit                            - Undefined Weak Reference
    __Vectors_Size                           0x00000130   Number         0  startup_stm32f10x_hd.o ABSOLUTE
    __Vectors                                0x08000000   Data           4  startup_stm32f10x_hd.o(RESET)
    __Vectors_End                            0x08000130   Data           0  startup_stm32f10x_hd.o(RESET)
    __main                                   0x08000131   Thumb Code     0  entry.o(.ARM.Collect$$$$00000000)
    _main_stk                                0x08000131   Thumb Code     0  entry2.o(.ARM.Collect$$$$00000001)
    _main_scatterload                        0x08000135   Thumb Code     0  entry5.o(.ARM.Collect$$$$00000004)
    __main_after_scatterload                 0x08000139   Thumb Code     0  entry5.o(.ARM.Collect$$$$00000004)
    _main_clock                              0x08000139   Thumb Code     0  entry7b.o(.ARM.Collect$$$$00000008)
    _main_cpp_init                           0x08000139   Thumb Code     0  entry8b.o(.ARM.Collect$$$$0000000A)
    _main_init                               0x08000139   Thumb Code     0  entry9a.o(.ARM.Collect$$$$0000000B)
    __rt_final_cpp                           0x08000141   Thumb Code     0  entry10a.o(.ARM.Collect$$$$0000000D)
    __rt_final_exit                          0x08000141   Thumb Code     0  entry11a.o(.ARM.Collect$$$$0000000F)
    Reset_Handler                            0x08000145   Thumb Code     8  startup_stm32f10x_hd.o(.text)
    ADC1_2_IRQHandler                        0x0800015f   Thumb Code     0  startup_stm32f10x_hd.o(.text)
    ADC3_IRQHandler                          0x0800015f   Thumb Code     0  startup_stm32f10x_hd.o(.text)
    CAN1_RX1_IRQHandler                      0x0800015f   Thumb Code     0  startup_stm32f10x_hd.o(.text)
    CAN1_SCE_IRQHandler                      0x0800015f   Thumb Code     0  startup_stm32f10x_hd.o(.text)
    DMA1_Channel1_IRQHandler                 0x0800015f   Thumb Code     0  startup_stm32f10x_hd.o(.text)
    DMA1_Channel2_IRQHandler                 0x0800015f   Thumb Code     0  startup_stm32f10x_hd.o(.text)
    DMA1_Channel3_IRQHandler                 0x0800015f   Thumb Code     0  startup_stm32f10x_hd.o(.text)
    DMA1_Channel4_IRQHandler                 0x0800015f   Thumb Code     0  startup_stm32f10x_hd.o(.text)
    DMA1_Channel5_IRQHandler                 0x0800015f   Thumb Code     0  startup_stm32f10x_hd.o(.text)
    DMA1_Channel6_IRQHandler                 0x0800015f   Thumb Code     0  startup_stm32f10x_hd.o(.text)
    DMA1_Channel7_IRQHandler                 0x0800015f   Thumb Code     0  startup_stm32f10x_hd.o(.text)
    DMA2_Channel1_IRQHandler                 0x0800015f   Thumb Code     0  startup_stm32f10x_hd.o(.text)
    DMA2_Channel2_IRQHandler                 0x0800015f   Thumb Code     0  startup_stm32f10x_hd.o(.text)
    DMA2_Channel3_IRQHandler                 0x0800015f   Thumb Code     0  startup_stm32f10x_hd.o(.text)
    DMA2_Channel4_5_IRQHandler               0x0800015f   Thumb Code     0  startup_stm32f10x_hd.o(.text)
    EXTI0_IRQHandler                         0x0800015f   Thumb Code     0  startup_stm32f10x_hd.o(.text)
    EXTI15_10_IRQHandler                     0x0800015f   Thumb Code     0  startup_stm32f10x_hd.o(.text)
    EXTI1_IRQHandler                         0x0800015f   Thumb Code     0  startup_stm32f10x_hd.o(.text)
    EXTI2_IRQHandler                         0x0800015f   Thumb Code     0  startup_stm32f10x_hd.o(.text)
    EXTI3_IRQHandler                         0x0800015f   Thumb Code     0  startup_stm32f10x_hd.o(.text)
    EXTI4_IRQHandler                         0x0800015f   Thumb Code     0  startup_stm32f10x_hd.o(.text)
    EXTI9_5_IRQHandler                       0x0800015f   Thumb Code     0  startup_stm32f10x_hd.o(.text)
    FLASH_IRQHandler                         0x0800015f   Thumb Code     0  startup_stm32f10x_hd.o(.text)
    FSMC_IRQHandler                          0x0800015f   Thumb Code     0  startup_stm32f10x_hd.o(.text)
    I2C1_ER_IRQHandler                       0x0800015f   Thumb Code     0  startup_stm32f10x_hd.o(.text)
    I2C1_EV_IRQHandler                       0x0800015f   Thumb Code     0  startup_stm32f10x_hd.o(.text)
    I2C2_ER_IRQHandler                       0x0800015f   Thumb Code     0  startup_stm32f10x_hd.o(.text)
    I2C2_EV_IRQHandler                       0x0800015f   Thumb Code     0  startup_stm32f10x_hd.o(.text)
    PVD_IRQHandler                           0x0800015f   Thumb Code     0  startup_stm32f10x_hd.o(.text)
    RCC_IRQHandler                           0x0800015f   Thumb Code     0  startup_stm32f10x_hd.o(.text)
    RTCAlarm_IRQHandler                      0x0800015f   Thumb Code     0  startup_stm32f10x_hd.o(.text)
    RTC_IRQHandler                           0x0800015f   Thumb Code     0  startup_stm32f10x_hd.o(.text)
    SDIO_IRQHandler                          0x0800015f   Thumb Code     0  startup_stm32f10x_hd.o(.text)
    SPI1_IRQHandler                          0x0800015f   Thumb Code     0  startup_stm32f10x_hd.o(.text)
    SPI2_IRQHandler                          0x0800015f   Thumb Code     0  startup_stm32f10x_hd.o(.text)
    SPI3_IRQHandler                          0x0800015f   Thumb Code     0  startup_stm32f10x_hd.o(.text)
    TAMPER_IRQHandler                        0x0800015f   Thumb Code     0  startup_stm32f10x_hd.o(.text)
    TIM1_BRK_IRQHandler                      0x0800015f   Thumb Code     0  startup_stm32f10x_hd.o(.text)
    TIM1_CC_IRQHandler                       0x0800015f   Thumb Code     0  startup_stm32f10x_hd.o(.text)
    TIM1_TRG_COM_IRQHandler                  0x0800015f   Thumb Code     0  startup_stm32f10x_hd.o(.text)
    TIM1_UP_IRQHandler                       0x0800015f   Thumb Code     0  startup_stm32f10x_hd.o(.text)
    TIM2_IRQHandler                          0x0800015f   Thumb Code     0  startup_stm32f10x_hd.o(.text)
    TIM3_IRQHandler                          0x0800015f   Thumb Code     0  startup_stm32f10x_hd.o(.text)
    TIM4_IRQHandler                          0x0800015f   Thumb Code     0  startup_stm32f10x_hd.o(.text)
    TIM5_IRQHandler                          0x0800015f   Thumb Code     0  startup_stm32f10x_hd.o(.text)
    TIM6_IRQHandler                          0x0800015f   Thumb Code     0  startup_stm32f10x_hd.o(.text)
    TIM7_IRQHandler                          0x0800015f   Thumb Code     0  startup_stm32f10x_hd.o(.text)
    TIM8_BRK_IRQHandler                      0x0800015f   Thumb Code     0  startup_stm32f10x_hd.o(.text)
    TIM8_CC_IRQHandler                       0x0800015f   Thumb Code     0  startup_stm32f10x_hd.o(.text)
    TIM8_TRG_COM_IRQHandler                  0x0800015f   Thumb Code     0  startup_stm32f10x_hd.o(.text)
    TIM8_UP_IRQHandler                       0x0800015f   Thumb Code     0  startup_stm32f10x_hd.o(.text)
    UART4_IRQHandler                         0x0800015f   Thumb Code     0  startup_stm32f10x_hd.o(.text)
    UART5_IRQHandler                         0x0800015f   Thumb Code     0  startup_stm32f10x_hd.o(.text)
    USART2_IRQHandler                        0x0800015f   Thumb Code     0  startup_stm32f10x_hd.o(.text)
    USART3_IRQHandler                        0x0800015f   Thumb Code     0  startup_stm32f10x_hd.o(.text)
    USBWakeUp_IRQHandler                     0x0800015f   Thumb Code     0  startup_stm32f10x_hd.o(.text)
    USB_HP_CAN1_TX_IRQHandler                0x0800015f   Thumb Code     0  startup_stm32f10x_hd.o(.text)
    USB_LP_CAN1_RX0_IRQHandler               0x0800015f   Thumb Code     0  startup_stm32f10x_hd.o(.text)
    WWDG_IRQHandler                          0x0800015f   Thumb Code     0  startup_stm32f10x_hd.o(.text)
    calcYaw                                  0x08000169   Thumb Code   536  main.o(.text)
    calcPitchRoll                            0x08000381   Thumb Code   142  main.o(.text)
    main                                     0x0800040f   Thumb Code  1414  main.o(.text)
    NMI_Handler                              0x08000add   Thumb Code     2  stm32f10x_it.o(.text)
    HardFault_Handler                        0x08000adf   Thumb Code     4  stm32f10x_it.o(.text)
    MemManage_Handler                        0x08000ae3   Thumb Code     4  stm32f10x_it.o(.text)
    BusFault_Handler                         0x08000ae7   Thumb Code     4  stm32f10x_it.o(.text)
    UsageFault_Handler                       0x08000aeb   Thumb Code     4  stm32f10x_it.o(.text)
    SVC_Handler                              0x08000aef   Thumb Code     2  stm32f10x_it.o(.text)
    DebugMon_Handler                         0x08000af1   Thumb Code     2  stm32f10x_it.o(.text)
    PendSV_Handler                           0x08000af3   Thumb Code     2  stm32f10x_it.o(.text)
    USART1_IRQHandler                        0x08000af5   Thumb Code    32  stm32f10x_it.o(.text)
    USART1_Config                            0x08000b1d   Thumb Code   126  usart1.o(.text)
    NVIC_Configuration                       0x08000b9b   Thumb Code    42  usart1.o(.text)
    usartPutChar                             0x08000bc5   Thumb Code    26  usart1.o(.text)
    usartPutString                           0x08000bdf   Thumb Code    22  usart1.o(.text)
    myPrintf                                 0x08000bf5   Thumb Code    38  usart1.o(.text)
    RCC_DeInit                               0x08000c25   Thumb Code    64  stm32f10x_rcc.o(.text)
    RCC_HSEConfig                            0x08000c65   Thumb Code    70  stm32f10x_rcc.o(.text)
    RCC_GetFlagStatus                        0x08000cab   Thumb Code    56  stm32f10x_rcc.o(.text)
    RCC_WaitForHSEStartUp                    0x08000ce3   Thumb Code    56  stm32f10x_rcc.o(.text)
    RCC_AdjustHSICalibrationValue            0x08000d1b   Thumb Code    20  stm32f10x_rcc.o(.text)
    RCC_HSICmd                               0x08000d2f   Thumb Code     6  stm32f10x_rcc.o(.text)
    RCC_PLLConfig                            0x08000d35   Thumb Code    24  stm32f10x_rcc.o(.text)
    RCC_PLLCmd                               0x08000d4d   Thumb Code     6  stm32f10x_rcc.o(.text)
    RCC_SYSCLKConfig                         0x08000d53   Thumb Code    18  stm32f10x_rcc.o(.text)
    RCC_GetSYSCLKSource                      0x08000d65   Thumb Code    10  stm32f10x_rcc.o(.text)
    RCC_HCLKConfig                           0x08000d6f   Thumb Code    18  stm32f10x_rcc.o(.text)
    RCC_PCLK1Config                          0x08000d81   Thumb Code    18  stm32f10x_rcc.o(.text)
    RCC_PCLK2Config                          0x08000d93   Thumb Code    20  stm32f10x_rcc.o(.text)
    RCC_ITConfig                             0x08000da7   Thumb Code    26  stm32f10x_rcc.o(.text)
    RCC_USBCLKConfig                         0x08000dc1   Thumb Code     6  stm32f10x_rcc.o(.text)
    RCC_ADCCLKConfig                         0x08000dc7   Thumb Code    18  stm32f10x_rcc.o(.text)
    RCC_LSEConfig                            0x08000dd9   Thumb Code    44  stm32f10x_rcc.o(.text)
    RCC_LSICmd                               0x08000e05   Thumb Code     6  stm32f10x_rcc.o(.text)
    RCC_RTCCLKConfig                         0x08000e0b   Thumb Code    12  stm32f10x_rcc.o(.text)
    RCC_RTCCLKCmd                            0x08000e17   Thumb Code     8  stm32f10x_rcc.o(.text)
    RCC_GetClocksFreq                        0x08000e1f   Thumb Code   192  stm32f10x_rcc.o(.text)
    RCC_AHBPeriphClockCmd                    0x08000edf   Thumb Code    26  stm32f10x_rcc.o(.text)
    RCC_APB2PeriphClockCmd                   0x08000ef9   Thumb Code    26  stm32f10x_rcc.o(.text)
    RCC_APB1PeriphClockCmd                   0x08000f13   Thumb Code    26  stm32f10x_rcc.o(.text)
    RCC_APB2PeriphResetCmd                   0x08000f2d   Thumb Code    26  stm32f10x_rcc.o(.text)
    RCC_APB1PeriphResetCmd                   0x08000f47   Thumb Code    26  stm32f10x_rcc.o(.text)
    RCC_BackupResetCmd                       0x08000f61   Thumb Code     8  stm32f10x_rcc.o(.text)
    RCC_ClockSecuritySystemCmd               0x08000f69   Thumb Code     6  stm32f10x_rcc.o(.text)
    RCC_MCOConfig                            0x08000f6f   Thumb Code     6  stm32f10x_rcc.o(.text)
    RCC_ClearFlag                            0x08000f75   Thumb Code    14  stm32f10x_rcc.o(.text)
    RCC_GetITStatus                          0x08000f83   Thumb Code    20  stm32f10x_rcc.o(.text)
    RCC_ClearITPendingBit                    0x08000f97   Thumb Code     6  stm32f10x_rcc.o(.text)
    GPIO_DeInit                              0x08000fc9   Thumb Code   172  stm32f10x_gpio.o(.text)
    GPIO_AFIODeInit                          0x08001075   Thumb Code    20  stm32f10x_gpio.o(.text)
    GPIO_Init                                0x08001089   Thumb Code   274  stm32f10x_gpio.o(.text)
    GPIO_StructInit                          0x0800119b   Thumb Code    16  stm32f10x_gpio.o(.text)
    GPIO_ReadInputDataBit                    0x080011ab   Thumb Code    18  stm32f10x_gpio.o(.text)
    GPIO_ReadInputData                       0x080011bd   Thumb Code     8  stm32f10x_gpio.o(.text)
    GPIO_ReadOutputDataBit                   0x080011c5   Thumb Code    18  stm32f10x_gpio.o(.text)
    GPIO_ReadOutputData                      0x080011d7   Thumb Code     8  stm32f10x_gpio.o(.text)
    GPIO_SetBits                             0x080011df   Thumb Code     4  stm32f10x_gpio.o(.text)
    GPIO_ResetBits                           0x080011e3   Thumb Code     4  stm32f10x_gpio.o(.text)
    GPIO_WriteBit                            0x080011e7   Thumb Code    10  stm32f10x_gpio.o(.text)
    GPIO_Write                               0x080011f1   Thumb Code     4  stm32f10x_gpio.o(.text)
    GPIO_PinLockConfig                       0x080011f5   Thumb Code    18  stm32f10x_gpio.o(.text)
    GPIO_EventOutputConfig                   0x08001207   Thumb Code    26  stm32f10x_gpio.o(.text)
    GPIO_EventOutputCmd                      0x08001221   Thumb Code     6  stm32f10x_gpio.o(.text)
    GPIO_PinRemapConfig                      0x08001227   Thumb Code   138  stm32f10x_gpio.o(.text)
    GPIO_EXTILineConfig                      0x080012b1   Thumb Code    66  stm32f10x_gpio.o(.text)
    GPIO_ETH_MediaInterfaceConfig            0x080012f3   Thumb Code     6  stm32f10x_gpio.o(.text)
    USART_DeInit                             0x08001321   Thumb Code   134  stm32f10x_usart.o(.text)
    USART_Init                               0x080013a7   Thumb Code   210  stm32f10x_usart.o(.text)
    USART_StructInit                         0x08001479   Thumb Code    24  stm32f10x_usart.o(.text)
    USART_ClockInit                          0x08001491   Thumb Code    34  stm32f10x_usart.o(.text)
    USART_ClockStructInit                    0x080014b3   Thumb Code    12  stm32f10x_usart.o(.text)
    USART_Cmd                                0x080014bf   Thumb Code    24  stm32f10x_usart.o(.text)
    USART_ITConfig                           0x080014d7   Thumb Code    74  stm32f10x_usart.o(.text)
    USART_DMACmd                             0x08001521   Thumb Code    18  stm32f10x_usart.o(.text)
    USART_SetAddress                         0x08001533   Thumb Code    18  stm32f10x_usart.o(.text)
    USART_WakeUpConfig                       0x08001545   Thumb Code    18  stm32f10x_usart.o(.text)
    USART_ReceiverWakeUpCmd                  0x08001557   Thumb Code    24  stm32f10x_usart.o(.text)
    USART_LINBreakDetectLengthConfig         0x0800156f   Thumb Code    18  stm32f10x_usart.o(.text)
    USART_LINCmd                             0x08001581   Thumb Code    24  stm32f10x_usart.o(.text)
    USART_SendData                           0x08001599   Thumb Code     8  stm32f10x_usart.o(.text)
    USART_ReceiveData                        0x080015a1   Thumb Code    10  stm32f10x_usart.o(.text)
    USART_SendBreak                          0x080015ab   Thumb Code    10  stm32f10x_usart.o(.text)
    USART_SetGuardTime                       0x080015b5   Thumb Code    16  stm32f10x_usart.o(.text)
    USART_SetPrescaler                       0x080015c5   Thumb Code    16  stm32f10x_usart.o(.text)
    USART_SmartCardCmd                       0x080015d5   Thumb Code    24  stm32f10x_usart.o(.text)
    USART_SmartCardNACKCmd                   0x080015ed   Thumb Code    24  stm32f10x_usart.o(.text)
    USART_HalfDuplexCmd                      0x08001605   Thumb Code    24  stm32f10x_usart.o(.text)
    USART_OverSampling8Cmd                   0x0800161d   Thumb Code    22  stm32f10x_usart.o(.text)
    USART_OneBitMethodCmd                    0x08001633   Thumb Code    24  stm32f10x_usart.o(.text)
    USART_IrDAConfig                         0x0800164b   Thumb Code    18  stm32f10x_usart.o(.text)
    USART_IrDACmd                            0x0800165d   Thumb Code    24  stm32f10x_usart.o(.text)
    USART_GetFlagStatus                      0x08001675   Thumb Code    26  stm32f10x_usart.o(.text)
    USART_ClearFlag                          0x0800168f   Thumb Code    18  stm32f10x_usart.o(.text)
    USART_GetITStatus                        0x080016a1   Thumb Code    84  stm32f10x_usart.o(.text)
    USART_ClearITPendingBit                  0x080016f5   Thumb Code    52  stm32f10x_usart.o(.text)
    NVIC_PriorityGroupConfig                 0x08001729   Thumb Code    10  misc.o(.text)
    NVIC_Init                                0x08001733   Thumb Code   102  misc.o(.text)
    NVIC_SetVectorTable                      0x08001799   Thumb Code    14  misc.o(.text)
    NVIC_SystemLPConfig                      0x080017a7   Thumb Code    34  misc.o(.text)
    SysTick_CLKSourceConfig                  0x080017c9   Thumb Code    40  misc.o(.text)
    I2C_DeInit                               0x08001805   Thumb Code    50  stm32f10x_i2c.o(.text)
    I2C_Init                                 0x08001837   Thumb Code   222  stm32f10x_i2c.o(.text)
    I2C_StructInit                           0x08001915   Thumb Code    30  stm32f10x_i2c.o(.text)
    I2C_Cmd                                  0x08001933   Thumb Code    24  stm32f10x_i2c.o(.text)
    I2C_DMACmd                               0x0800194b   Thumb Code    24  stm32f10x_i2c.o(.text)
    I2C_DMALastTransferCmd                   0x08001963   Thumb Code    24  stm32f10x_i2c.o(.text)
    I2C_GenerateSTART                        0x0800197b   Thumb Code    24  stm32f10x_i2c.o(.text)
    I2C_GenerateSTOP                         0x08001993   Thumb Code    24  stm32f10x_i2c.o(.text)
    I2C_AcknowledgeConfig                    0x080019ab   Thumb Code    24  stm32f10x_i2c.o(.text)
    I2C_OwnAddress2Config                    0x080019c3   Thumb Code    22  stm32f10x_i2c.o(.text)
    I2C_DualAddressCmd                       0x080019d9   Thumb Code    24  stm32f10x_i2c.o(.text)
    I2C_GeneralCallCmd                       0x080019f1   Thumb Code    24  stm32f10x_i2c.o(.text)
    I2C_ITConfig                             0x08001a09   Thumb Code    18  stm32f10x_i2c.o(.text)
    I2C_SendData                             0x08001a1b   Thumb Code     4  stm32f10x_i2c.o(.text)
    I2C_ReceiveData                          0x08001a1f   Thumb Code     8  stm32f10x_i2c.o(.text)
    I2C_Send7bitAddress                      0x08001a27   Thumb Code    18  stm32f10x_i2c.o(.text)
    I2C_ReadRegister                         0x08001a39   Thumb Code    22  stm32f10x_i2c.o(.text)
    I2C_SoftwareResetCmd                     0x08001a4f   Thumb Code    22  stm32f10x_i2c.o(.text)
    I2C_NACKPositionConfig                   0x08001a65   Thumb Code    28  stm32f10x_i2c.o(.text)
    I2C_SMBusAlertConfig                     0x08001a81   Thumb Code    28  stm32f10x_i2c.o(.text)
    I2C_TransmitPEC                          0x08001a9d   Thumb Code    24  stm32f10x_i2c.o(.text)
    I2C_PECPositionConfig                    0x08001ab5   Thumb Code    28  stm32f10x_i2c.o(.text)
    I2C_CalculatePEC                         0x08001ad1   Thumb Code    24  stm32f10x_i2c.o(.text)
    I2C_GetPEC                               0x08001ae9   Thumb Code     8  stm32f10x_i2c.o(.text)
    I2C_ARPCmd                               0x08001af1   Thumb Code    24  stm32f10x_i2c.o(.text)
    I2C_StretchClockCmd                      0x08001b09   Thumb Code    24  stm32f10x_i2c.o(.text)
    I2C_FastModeDutyCycleConfig              0x08001b21   Thumb Code    28  stm32f10x_i2c.o(.text)
    I2C_CheckEvent                           0x08001b3d   Thumb Code    42  stm32f10x_i2c.o(.text)
    I2C_GetLastEvent                         0x08001b67   Thumb Code    26  stm32f10x_i2c.o(.text)
    I2C_GetFlagStatus                        0x08001b81   Thumb Code    58  stm32f10x_i2c.o(.text)
    I2C_ClearFlag                            0x08001bbb   Thumb Code    12  stm32f10x_i2c.o(.text)
    I2C_GetITStatus                          0x08001bc7   Thumb Code    54  stm32f10x_i2c.o(.text)
    I2C_ClearITPendingBit                    0x08001bfd   Thumb Code    12  stm32f10x_i2c.o(.text)
    SystemInit                               0x08001ce5   Thumb Code    78  system_stm32f10x.o(.text)
    SystemCoreClockUpdate                    0x08001d33   Thumb Code   142  system_stm32f10x.o(.text)
    bsp_I2c_Init                             0x08001de5   Thumb Code   104  i2c.o(.text)
    I2C_ByteWrite                            0x08001e4d   Thumb Code   112  i2c.o(.text)
    I2C_BufferWrite                          0x08001ebd   Thumb Code   150  i2c.o(.text)
    I2C_BufferRead                           0x08001f53   Thumb Code   218  i2c.o(.text)
    I2c_EEPROM_Init                          0x08002041   Thumb Code     8  eeprom.o(.text)
    I2C_EE_WaitEepromStandbyState            0x08002049   Thumb Code    70  eeprom.o(.text)
    I2C_EE_PageWrite                         0x0800208f   Thumb Code   144  eeprom.o(.text)
    I2C_EE_BufferWrite                       0x0800211f   Thumb Code   298  eeprom.o(.text)
    I2C_EE_ByteWrite                         0x08002249   Thumb Code   112  eeprom.o(.text)
    I2C_EE_BufferRead                        0x080022b9   Thumb Code   216  eeprom.o(.text)
    I2C_Test                                 0x08002391   Thumb Code   286  eeprom.o(.text)
    Init_MPU6050                             0x080024cd   Thumb Code   178  mpu6050.o(.text)
    ReadAccel_X                              0x0800257f   Thumb Code    30  mpu6050.o(.text)
    ReadAccel_Y                              0x0800259d   Thumb Code    30  mpu6050.o(.text)
    ReadAccel_Z                              0x080025bb   Thumb Code    30  mpu6050.o(.text)
    ReadGyro_X                               0x080025d9   Thumb Code    30  mpu6050.o(.text)
    ReadGyro_Y                               0x080025f7   Thumb Code    30  mpu6050.o(.text)
    ReadGyro_Z                               0x08002615   Thumb Code    30  mpu6050.o(.text)
    ReadTemperature                          0x08002633   Thumb Code    52  mpu6050.o(.text)
    get_Accel_Gyro_Temp                      0x08002667   Thumb Code    48  mpu6050.o(.text)
    get_Accel                                0x08002697   Thumb Code    24  mpu6050.o(.text)
    get_Gyro                                 0x080026af   Thumb Code    24  mpu6050.o(.text)
    get_Temp                                 0x080026c7   Thumb Code    12  mpu6050.o(.text)
    MPU6xxx_Read_Len                         0x080026d3   Thumb Code    30  mpu6050.o(.text)
    MPU6xxx_Write_Len                        0x080026f1   Thumb Code    30  mpu6050.o(.text)
    delay_x_ms                               0x0800276d   Thumb Code    50  systick.o(.text)
    initSystick                              0x0800279f   Thumb Code    98  systick.o(.text)
    SysTick_Handler                          0x0800280d   Thumb Code    22  systick.o(.text)
    millis                                   0x08002823   Thumb Code     6  systick.o(.text)
    micros                                   0x08002829   Thumb Code    72  systick.o(.text)
    GetIdleMax                               0x08002871   Thumb Code    70  systick.o(.text)
    _abs                                     0x080028d5   Thumb Code    14  hmc5883l.o(.text)
    updateHMC5883L                           0x080028e3   Thumb Code    76  hmc5883l.o(.text)
    get_offset                               0x0800292f   Thumb Code   252  hmc5883l.o(.text)
    calibrateMag                             0x08002a2b   Thumb Code   208  hmc5883l.o(.text)
    Init_Hmc5883                             0x08002afb   Thumb Code    28  hmc5883l.o(.text)
    calculateHeading                         0x08002b17   Thumb Code   148  hmc5883l.o(.text)
    printf_Heading_angle                     0x08002bab   Thumb Code    52  hmc5883l.o(.text)
    xInit_Kalman                             0x08002c15   Thumb Code    64  kalman.o(.text)
    xKalmanSetAngle                          0x08002c55   Thumb Code     6  kalman.o(.text)
    xgetAngle                                0x08002c5b   Thumb Code   618  kalman.o(.text)
    yInit_Kalman                             0x08002ec5   Thumb Code    64  kalman.o(.text)
    yKalmanSetAngle                          0x08002f05   Thumb Code     6  kalman.o(.text)
    ygetAngle                                0x08002f0b   Thumb Code   712  kalman.o(.text)
    zInit_Kalman                             0x080031d3   Thumb Code    64  kalman.o(.text)
    zKalmanSetAngle                          0x08003213   Thumb Code     6  kalman.o(.text)
    zgetAngle                                0x08003219   Thumb Code   714  kalman.o(.text)
    __aeabi_memset                           0x080034ed   Thumb Code    14  memseta.o(.text)
    __aeabi_memset4                          0x080034ed   Thumb Code     0  memseta.o(.text)
    __aeabi_memset8                          0x080034ed   Thumb Code     0  memseta.o(.text)
    __aeabi_memclr                           0x080034fb   Thumb Code     4  memseta.o(.text)
    __aeabi_memclr4                          0x080034fb   Thumb Code     0  memseta.o(.text)
    __aeabi_memclr8                          0x080034fb   Thumb Code     0  memseta.o(.text)
    _memset$wrapper                          0x080034ff   Thumb Code    18  memseta.o(.text)
    __aeabi_fadd                             0x08003511   Thumb Code   164  fadd.o(.text)
    __aeabi_fsub                             0x080035b5   Thumb Code     6  fadd.o(.text)
    __aeabi_frsub                            0x080035bb   Thumb Code     6  fadd.o(.text)
    __aeabi_fmul                             0x080035c1   Thumb Code   108  fmul.o(.text)
    __aeabi_fdiv                             0x0800362d   Thumb Code   128  fdiv.o(.text)
    __aeabi_dadd                             0x080036ad   Thumb Code   322  dadd.o(.text)
    __aeabi_dsub                             0x080037ef   Thumb Code     6  dadd.o(.text)
    __aeabi_drsub                            0x080037f5   Thumb Code     6  dadd.o(.text)
    __aeabi_dmul                             0x080037fb   Thumb Code   228  dmul.o(.text)
    __aeabi_ddiv                             0x080038df   Thumb Code   222  ddiv.o(.text)
    __aeabi_i2f                              0x080039bd   Thumb Code    18  fflti.o(.text)
    __aeabi_i2d                              0x080039cf   Thumb Code    34  dflti.o(.text)
    __aeabi_ui2d                             0x080039f1   Thumb Code    26  dfltui.o(.text)
    __aeabi_f2iz                             0x08003a0b   Thumb Code    50  ffixi.o(.text)
    __aeabi_d2iz                             0x08003a3d   Thumb Code    62  dfixi.o(.text)
    __aeabi_cdcmpeq                          0x08003a7d   Thumb Code     0  cdcmple.o(.text)
    __aeabi_cdcmple                          0x08003a7d   Thumb Code    38  cdcmple.o(.text)
    __aeabi_cdrcmple                         0x08003aa5   Thumb Code    38  cdrcmple.o(.text)
    __aeabi_d2f                              0x08003acd   Thumb Code    56  d2f.o(.text)
    __aeabi_cfcmpeq                          0x08003b05   Thumb Code     0  cfcmple.o(.text)
    __aeabi_cfcmple                          0x08003b05   Thumb Code    20  cfcmple.o(.text)
    __aeabi_uidiv                            0x08003b19   Thumb Code     0  uidiv.o(.text)
    __aeabi_uidivmod                         0x08003b19   Thumb Code    44  uidiv.o(.text)
    __aeabi_uldivmod                         0x08003b45   Thumb Code    98  uldiv.o(.text)
    __aeabi_llsl                             0x08003ba7   Thumb Code    30  llshl.o(.text)
    _ll_shift_l                              0x08003ba7   Thumb Code     0  llshl.o(.text)
    __aeabi_llsr                             0x08003bc5   Thumb Code    32  llushr.o(.text)
    _ll_ushift_r                             0x08003bc5   Thumb Code     0  llushr.o(.text)
    __aeabi_lasr                             0x08003be5   Thumb Code    36  llsshr.o(.text)
    _ll_sshift_r                             0x08003be5   Thumb Code     0  llsshr.o(.text)
    __I$use$fp                               0x08003c09   Thumb Code     0  iusefp.o(.text)
    _float_round                             0x08003c09   Thumb Code    18  fepilogue.o(.text)
    _float_epilogue                          0x08003c1b   Thumb Code    90  fepilogue.o(.text)
    _double_round                            0x08003c75   Thumb Code    26  depilogue.o(.text)
    _double_epilogue                         0x08003c8f   Thumb Code   164  depilogue.o(.text)
    __ARM_scalbn                             0x08003d33   Thumb Code    46  dscalb.o(.text)
    scalbn                                   0x08003d33   Thumb Code     0  dscalb.o(.text)
    _dsqrt                                   0x08003d61   Thumb Code   162  dsqrt.o(.text)
    __aeabi_d2ulz                            0x08003e03   Thumb Code    48  dfixul.o(.text)
    __scatterload                            0x08003e35   Thumb Code    28  init.o(.text)
    __scatterload_rt2                        0x08003e35   Thumb Code     0  init.o(.text)
    __decompress                             0x08003e59   Thumb Code     0  __dczerorl2.o(.text)
    __decompress1                            0x08003e59   Thumb Code    92  __dczerorl2.o(.text)
    __0sprintf                               0x08003eb5   Thumb Code    34  printfa.o(i.__0sprintf)
    __1sprintf                               0x08003eb5   Thumb Code     0  printfa.o(i.__0sprintf)
    __2sprintf                               0x08003eb5   Thumb Code     0  printfa.o(i.__0sprintf)
    __c89sprintf                             0x08003eb5   Thumb Code     0  printfa.o(i.__0sprintf)
    sprintf                                  0x08003eb5   Thumb Code     0  printfa.o(i.__0sprintf)
    __0vsnprintf                             0x08003edd   Thumb Code    32  printfa.o(i.__0vsnprintf)
    __1vsnprintf                             0x08003edd   Thumb Code     0  printfa.o(i.__0vsnprintf)
    __2vsnprintf                             0x08003edd   Thumb Code     0  printfa.o(i.__0vsnprintf)
    __c89vsnprintf                           0x08003edd   Thumb Code     0  printfa.o(i.__0vsnprintf)
    vsnprintf                                0x08003edd   Thumb Code     0  printfa.o(i.__0vsnprintf)
    __ARM_fpclassify                         0x08003f01   Thumb Code    40  fpclassify.o(i.__ARM_fpclassify)
    __ieee754_rem_pio2                       0x08003f29   Thumb Code   832  rred.o(i.__ieee754_rem_pio2)
    __kernel_cos                             0x080042b1   Thumb Code   230  cos_i.o(i.__kernel_cos)
    __kernel_poly                            0x080043ad   Thumb Code   170  poly.o(i.__kernel_poly)
    __kernel_sin                             0x08004459   Thumb Code   224  sin_i.o(i.__kernel_sin)
    __mathlib_dbl_underflow                  0x08004545   Thumb Code    10  dunder.o(i.__mathlib_dbl_underflow)
    __scatterload_copy                       0x08004555   Thumb Code    14  handlers.o(i.__scatterload_copy)
    __scatterload_null                       0x08004563   Thumb Code     2  handlers.o(i.__scatterload_null)
    __scatterload_zeroinit                   0x08004565   Thumb Code    14  handlers.o(i.__scatterload_zeroinit)
    __set_errno                              0x08004575   Thumb Code     6  errno.o(i.__set_errno)
    atan                                     0x08004e45   Thumb Code   478  atan.o(i.atan)
    atan2                                    0x08005069   Thumb Code   346  atan2.o(i.atan2)
    cos                                      0x080051e9   Thumb Code   164  cos.o(i.cos)
    sin                                      0x08005295   Thumb Code   166  sin.o(i.sin)
    sqrt                                     0x08005345   Thumb Code    76  sqrt.o(i.sqrt)
    __mathlib_zero                           0x080054a8   Data           8  qnan.o(.constdata)
    Region$$Table$$Base                      0x080055a0   Number         0  anon$$obj.o(Region$$Table)
    Region$$Table$$Limit                     0x080055c0   Number         0  anon$$obj.o(Region$$Table)
    exroll                                   0x20000000   Data           8  main.o(.data)
    expitch                                  0x20000008   Data           8  main.o(.data)
    exyaw                                    0x20000010   Data           8  main.o(.data)
    gyroXangle                               0x20000018   Data           8  main.o(.data)
    gyroYangle                               0x20000020   Data           8  main.o(.data)
    gyroZangle                               0x20000028   Data           8  main.o(.data)
    compAngleX                               0x20000030   Data           8  main.o(.data)
    compAngleY                               0x20000038   Data           8  main.o(.data)
    compAngleZ                               0x20000040   Data           8  main.o(.data)
    gyroXrate                                0x20000048   Data           8  main.o(.data)
    gyroYrate                                0x20000050   Data           8  main.o(.data)
    gyroZrate                                0x20000058   Data           8  main.o(.data)
    kalAngleX                                0x20000060   Data           8  main.o(.data)
    kalAngleY                                0x20000068   Data           8  main.o(.data)
    kalAngleZ                                0x20000070   Data           8  main.o(.data)
    SystemCoreClock                          0x2000008c   Data           4  system_stm32f10x.o(.data)
    AHBPrescTable                            0x20000090   Data          16  system_stm32f10x.o(.data)
    EEPROM_ADDRESS                           0x200000a0   Data           2  eeprom.o(.data)
    idleMax                                  0x200000ac   Data           4  systick.o(.data)
    magX                                     0x200000b0   Data           2  hmc5883l.o(.data)
    magY                                     0x200000b2   Data           2  hmc5883l.o(.data)
    magZ                                     0x200000b4   Data           2  hmc5883l.o(.data)
    offsetX                                  0x200000b6   Data           2  hmc5883l.o(.data)
    offsetY                                  0x200000b8   Data           2  hmc5883l.o(.data)
    offsetZ                                  0x200000ba   Data           2  hmc5883l.o(.data)
    xQ_angle                                 0x200000c0   Data           8  kalman.o(.data)
    xQ_bias                                  0x200000c8   Data           8  kalman.o(.data)
    xR_measure                               0x200000d0   Data           8  kalman.o(.data)
    xangle                                   0x200000d8   Data           8  kalman.o(.data)
    xbias                                    0x200000e0   Data           8  kalman.o(.data)
    xrate                                    0x200000e8   Data           8  kalman.o(.data)
    xy                                       0x200000f0   Data           8  kalman.o(.data)
    xS                                       0x200000f8   Data           8  kalman.o(.data)
    yQ_angle                                 0x20000100   Data           8  kalman.o(.data)
    yQ_bias                                  0x20000108   Data           8  kalman.o(.data)
    yR_measure                               0x20000110   Data           8  kalman.o(.data)
    yangle                                   0x20000118   Data           8  kalman.o(.data)
    ybias                                    0x20000120   Data           8  kalman.o(.data)
    yrate                                    0x20000128   Data           8  kalman.o(.data)
    yy                                       0x20000130   Data           8  kalman.o(.data)
    yS                                       0x20000138   Data           8  kalman.o(.data)
    zQ_angle                                 0x20000140   Data           8  kalman.o(.data)
    zQ_bias                                  0x20000148   Data           8  kalman.o(.data)
    zR_measure                               0x20000150   Data           8  kalman.o(.data)
    zangle                                   0x20000158   Data           8  kalman.o(.data)
    zbias                                    0x20000160   Data           8  kalman.o(.data)
    zrate                                    0x20000168   Data           8  kalman.o(.data)
    zy                                       0x20000170   Data           8  kalman.o(.data)
    zS                                       0x20000178   Data           8  kalman.o(.data)
    I2c_Buf_Write                            0x20000184   Data         256  eeprom.o(.bss)
    I2c_Buf_Read                             0x20000284   Data         256  eeprom.o(.bss)
    six_axis                                 0x20000384   Data          16  mpu6050.o(.bss)
    magGain                                  0x20000394   Data          12  hmc5883l.o(.bss)
    xP                                       0x200003a0   Data          32  kalman.o(.bss)
    xK                                       0x200003c0   Data          16  kalman.o(.bss)
    yP                                       0x200003d0   Data          32  kalman.o(.bss)
    yK                                       0x200003f0   Data          16  kalman.o(.bss)
    zP                                       0x20000400   Data          32  kalman.o(.bss)
    zK                                       0x20000420   Data          16  kalman.o(.bss)
    __initial_sp                             0x20000830   Data           0  startup_stm32f10x_hd.o(STACK)



==============================================================================

Memory Map of the image

  Image Entry point : 0x08000131

  Load Region LR_IROM1 (Base: 0x08000000, Size: 0x00005744, Max: 0x00080000, ABSOLUTE, COMPRESSED[0x000055e0])

    Execution Region ER_IROM1 (Base: 0x08000000, Size: 0x000055c0, Max: 0x00080000, ABSOLUTE)

    Base Addr    Size         Type   Attr      Idx    E Section Name        Object

    0x08000000   0x00000130   Data   RO            3    RESET               startup_stm32f10x_hd.o
    0x08000130   0x00000000   Code   RO          739  * .ARM.Collect$$$$00000000  mc_w.l(entry.o)
    0x08000130   0x00000004   Code   RO         1068    .ARM.Collect$$$$00000001  mc_w.l(entry2.o)
    0x08000134   0x00000004   Code   RO         1071    .ARM.Collect$$$$00000004  mc_w.l(entry5.o)
    0x08000138   0x00000000   Code   RO         1073    .ARM.Collect$$$$00000008  mc_w.l(entry7b.o)
    0x08000138   0x00000000   Code   RO         1075    .ARM.Collect$$$$0000000A  mc_w.l(entry8b.o)
    0x08000138   0x00000008   Code   RO         1076    .ARM.Collect$$$$0000000B  mc_w.l(entry9a.o)
    0x08000140   0x00000000   Code   RO         1078    .ARM.Collect$$$$0000000D  mc_w.l(entry10a.o)
    0x08000140   0x00000000   Code   RO         1080    .ARM.Collect$$$$0000000F  mc_w.l(entry11a.o)
    0x08000140   0x00000004   Code   RO         1069    .ARM.Collect$$$$00002712  mc_w.l(entry2.o)
    0x08000144   0x00000024   Code   RO            4    .text               startup_stm32f10x_hd.o
    0x08000168   0x00000974   Code   RO           10    .text               main.o
    0x08000adc   0x00000040   Code   RO          157    .text               stm32f10x_it.o
    0x08000b1c   0x00000108   Code   RO          172    .text               usart1.o
    0x08000c24   0x000003a4   Code   RO          194    .text               stm32f10x_rcc.o
    0x08000fc8   0x00000358   Code   RO          208    .text               stm32f10x_gpio.o
    0x08001320   0x00000408   Code   RO          220    .text               stm32f10x_usart.o
    0x08001728   0x000000dc   Code   RO          232    .text               misc.o
    0x08001804   0x00000404   Code   RO          376    .text               stm32f10x_i2c.o
    0x08001c08   0x000001dc   Code   RO          482    .text               system_stm32f10x.o
    0x08001de4   0x0000025c   Code   RO          500    .text               i2c.o
    0x08002040   0x0000048c   Code   RO          515    .text               eeprom.o
    0x080024cc   0x000002a0   Code   RO          537    .text               mpu6050.o
    0x0800276c   0x00000168   Code   RO          559    .text               systick.o
    0x080028d4   0x00000340   Code   RO          599    .text               hmc5883l.o
    0x08002c14   0x000008d8   Code   RO          618    .text               kalman.o
    0x080034ec   0x00000024   Code   RO          744    .text               mc_w.l(memseta.o)
    0x08003510   0x000000b0   Code   RO         1009    .text               mf_w.l(fadd.o)
    0x080035c0   0x0000006c   Code   RO         1011    .text               mf_w.l(fmul.o)
    0x0800362c   0x00000080   Code   RO         1013    .text               mf_w.l(fdiv.o)
    0x080036ac   0x0000014e   Code   RO         1015    .text               mf_w.l(dadd.o)
    0x080037fa   0x000000e4   Code   RO         1017    .text               mf_w.l(dmul.o)
    0x080038de   0x000000de   Code   RO         1019    .text               mf_w.l(ddiv.o)
    0x080039bc   0x00000012   Code   RO         1021    .text               mf_w.l(fflti.o)
    0x080039ce   0x00000022   Code   RO         1025    .text               mf_w.l(dflti.o)
    0x080039f0   0x0000001a   Code   RO         1027    .text               mf_w.l(dfltui.o)
    0x08003a0a   0x00000032   Code   RO         1029    .text               mf_w.l(ffixi.o)
    0x08003a3c   0x0000003e   Code   RO         1033    .text               mf_w.l(dfixi.o)
    0x08003a7a   0x00000002   PAD
    0x08003a7c   0x00000028   Code   RO         1037    .text               mf_w.l(cdcmple.o)
    0x08003aa4   0x00000028   Code   RO         1039    .text               mf_w.l(cdrcmple.o)
    0x08003acc   0x00000038   Code   RO         1041    .text               mf_w.l(d2f.o)
    0x08003b04   0x00000014   Code   RO         1043    .text               mf_w.l(cfcmple.o)
    0x08003b18   0x0000002c   Code   RO         1085    .text               mc_w.l(uidiv.o)
    0x08003b44   0x00000062   Code   RO         1087    .text               mc_w.l(uldiv.o)
    0x08003ba6   0x0000001e   Code   RO         1089    .text               mc_w.l(llshl.o)
    0x08003bc4   0x00000020   Code   RO         1091    .text               mc_w.l(llushr.o)
    0x08003be4   0x00000024   Code   RO         1093    .text               mc_w.l(llsshr.o)
    0x08003c08   0x00000000   Code   RO         1102    .text               mc_w.l(iusefp.o)
    0x08003c08   0x0000006c   Code   RO         1103    .text               mf_w.l(fepilogue.o)
    0x08003c74   0x000000be   Code   RO         1105    .text               mf_w.l(depilogue.o)
    0x08003d32   0x0000002e   Code   RO         1107    .text               mf_w.l(dscalb.o)
    0x08003d60   0x000000a2   Code   RO         1109    .text               mf_w.l(dsqrt.o)
    0x08003e02   0x00000030   Code   RO         1111    .text               mf_w.l(dfixul.o)
    0x08003e32   0x00000002   PAD
    0x08003e34   0x00000024   Code   RO         1113    .text               mc_w.l(init.o)
    0x08003e58   0x0000005c   Code   RO         1125    .text               mc_w.l(__dczerorl2.o)
    0x08003eb4   0x00000028   Code   RO          983    i.__0sprintf        mc_w.l(printfa.o)
    0x08003edc   0x00000024   Code   RO          986    i.__0vsnprintf      mc_w.l(printfa.o)
    0x08003f00   0x00000028   Code   RO         1052    i.__ARM_fpclassify  m_ws.l(fpclassify.o)
    0x08003f28   0x00000388   Code   RO         1057    i.__ieee754_rem_pio2  m_ws.l(rred.o)
    0x080042b0   0x000000fc   Code   RO         1047    i.__kernel_cos      m_ws.l(cos_i.o)
    0x080043ac   0x000000aa   Code   RO         1054    i.__kernel_poly     m_ws.l(poly.o)
    0x08004456   0x00000002   PAD
    0x08004458   0x000000ec   Code   RO         1062    i.__kernel_sin      m_ws.l(sin_i.o)
    0x08004544   0x00000010   Code   RO         1050    i.__mathlib_dbl_underflow  m_ws.l(dunder.o)
    0x08004554   0x0000000e   Code   RO         1119    i.__scatterload_copy  mc_w.l(handlers.o)
    0x08004562   0x00000002   Code   RO         1120    i.__scatterload_null  mc_w.l(handlers.o)
    0x08004564   0x0000000e   Code   RO         1121    i.__scatterload_zeroinit  mc_w.l(handlers.o)
    0x08004572   0x00000002   PAD
    0x08004574   0x0000000c   Code   RO         1097    i.__set_errno       mc_w.l(errno.o)
    0x08004580   0x0000015c   Code   RO          988    i._fp_digits        mc_w.l(printfa.o)
    0x080046dc   0x000006f0   Code   RO          989    i._printf_core      mc_w.l(printfa.o)
    0x08004dcc   0x00000026   Code   RO          990    i._printf_post_padding  mc_w.l(printfa.o)
    0x08004df2   0x00000030   Code   RO          991    i._printf_pre_padding  mc_w.l(printfa.o)
    0x08004e22   0x00000016   Code   RO          992    i._snputc           mc_w.l(printfa.o)
    0x08004e38   0x0000000a   Code   RO          993    i._sputc            mc_w.l(printfa.o)
    0x08004e42   0x00000002   PAD
    0x08004e44   0x00000224   Code   RO          698    i.atan              m_ws.l(atan.o)
    0x08005068   0x00000180   Code   RO          708    i.atan2             m_ws.l(atan2.o)
    0x080051e8   0x000000ac   Code   RO          716    i.cos               m_ws.l(cos.o)
    0x08005294   0x000000b0   Code   RO          724    i.sin               m_ws.l(sin.o)
    0x08005344   0x0000004c   Code   RO          732    i.sqrt              m_ws.l(sqrt.o)
    0x08005390   0x00000044   Data   RO           11    .constdata          main.o
    0x080053d4   0x00000006   Data   RO          539    .constdata          mpu6050.o
    0x080053da   0x00000006   PAD
    0x080053e0   0x00000098   Data   RO          699    .constdata          m_ws.l(atan.o)
    0x08005478   0x00000030   Data   RO         1048    .constdata          m_ws.l(cos_i.o)
    0x080054a8   0x00000008   Data   RO         1056    .constdata          m_ws.l(qnan.o)
    0x080054b0   0x000000c8   Data   RO         1059    .constdata          m_ws.l(rred.o)
    0x08005578   0x00000028   Data   RO         1063    .constdata          m_ws.l(sin_i.o)
    0x080055a0   0x00000020   Data   RO         1117    Region$$Table       anon$$obj.o


    Execution Region RW_IRAM1 (Base: 0x20000000, Size: 0x00000830, Max: 0x00010000, ABSOLUTE, COMPRESSED[0x00000020])

    Base Addr    Size         Type   Attr      Idx    E Section Name        Object

    0x20000000   0x00000078   Data   RW           12    .data               main.o
    0x20000078   0x00000014   Data   RW          195    .data               stm32f10x_rcc.o
    0x2000008c   0x00000014   Data   RW          483    .data               system_stm32f10x.o
    0x200000a0   0x00000002   Data   RW          517    .data               eeprom.o
    0x200000a2   0x00000002   PAD
    0x200000a4   0x0000000c   Data   RW          560    .data               systick.o
    0x200000b0   0x0000000c   Data   RW          601    .data               hmc5883l.o
    0x200000bc   0x00000004   PAD
    0x200000c0   0x000000c0   Data   RW          620    .data               kalman.o
    0x20000180   0x00000004   Data   RW         1098    .data               mc_w.l(errno.o)
    0x20000184   0x00000200   Zero   RW          516    .bss                eeprom.o
    0x20000384   0x00000010   Zero   RW          538    .bss                mpu6050.o
    0x20000394   0x0000000c   Zero   RW          600    .bss                hmc5883l.o
    0x200003a0   0x00000090   Zero   RW          619    .bss                kalman.o
    0x20000430   0x00000400   Zero   RW            1    STACK               startup_stm32f10x_hd.o


==============================================================================

Image component sizes


      Code (inc. data)   RO Data    RW Data    ZI Data      Debug   Object Name

      1164        144          0          2        512       3100   eeprom.o
       832         54          0         12         12       2870   hmc5883l.o
       604         20          0          0          0       1848   i2c.o
      2264        196          0        192        144       3554   kalman.o
      2420        544         68        120          0     242014   main.o
       220         20          0          0          0       1673   misc.o
       672         94          6          0         16       4558   mpu6050.o
        36          8        304          0       1024        800   startup_stm32f10x_hd.o
       856         40          0          0          0       5521   stm32f10x_gpio.o
      1028         16          0          0          0       8983   stm32f10x_i2c.o
        64          8          0          0          0       1284   stm32f10x_it.o
       932         44          0         20          0       8644   stm32f10x_rcc.o
      1032         22          0          0          0       8244   stm32f10x_usart.o
       476         36          0         20          0       1679   system_stm32f10x.o
       360         30          0         12          0      17315   systick.o
       264         10          0          0          0       1804   usart1.o

    ----------------------------------------------------------------------
     13224       1286        416        384       1708     313891   Object Totals
         0          0         32          0          0          0   (incl. Generated)
         0          0          6          6          0          0   (incl. Padding)

    ----------------------------------------------------------------------

      Code (inc. data)   RO Data    RW Data    ZI Data      Debug   Library Member Name

       548         70        152          0          0        124   atan.o
       384         38          0          0          0        144   atan2.o
       172          8          0          0          0        112   cos.o
       252         22         48          0          0        124   cos_i.o
        16          6          0          0          0         68   dunder.o
        40          0          0          0          0         68   fpclassify.o
       170          0          0          0          0         96   poly.o
         0          0          8          0          0          0   qnan.o
       904         72        200          0          0        140   rred.o
       176         10          0          0          0        116   sin.o
       236         12         40          0          0        128   sin_i.o
        76          0          0          0          0         84   sqrt.o
        92          0          0          0          0          0   __dczerorl2.o
         0          0          0          0          0          0   entry.o
         0          0          0          0          0          0   entry10a.o
         0          0          0          0          0          0   entry11a.o
         8          4          0          0          0          0   entry2.o
         4          0          0          0          0          0   entry5.o
         0          0          0          0          0          0   entry7b.o
         0          0          0          0          0          0   entry8b.o
         8          4          0          0          0          0   entry9a.o
        12          6          0          4          0         68   errno.o
        30          0          0          0          0          0   handlers.o
        36          8          0          0          0         68   init.o
         0          0          0          0          0          0   iusefp.o
        30          0          0          0          0         68   llshl.o
        36          0          0          0          0         68   llsshr.o
        32          0          0          0          0         68   llushr.o
        36          0          0          0          0        108   memseta.o
      2318         90          0          0          0        660   printfa.o
        44          0          0          0          0         80   uidiv.o
        98          0          0          0          0         92   uldiv.o
        40          2          0          0          0         68   cdcmple.o
        40          2          0          0          0         68   cdrcmple.o
        20          0          0          0          0         68   cfcmple.o
        56          0          0          0          0         88   d2f.o
       334          0          0          0          0        148   dadd.o
       222          0          0          0          0        100   ddiv.o
       190          0          0          0          0        176   depilogue.o
        62          0          0          0          0         80   dfixi.o
        48          0          0          0          0         68   dfixul.o
        34          0          0          0          0         76   dflti.o
        26          0          0          0          0         76   dfltui.o
       228          0          0          0          0         96   dmul.o
        46          0          0          0          0         80   dscalb.o
       162          0          0          0          0        100   dsqrt.o
       176          0          0          0          0        140   fadd.o
       128          0          0          0          0         88   fdiv.o
       108          0          0          0          0        168   fepilogue.o
        50          0          0          0          0         68   ffixi.o
        18          0          0          0          0         68   fflti.o
       108          0          0          0          0         76   fmul.o

    ----------------------------------------------------------------------
      7864        354        448          4          0       4384   Library Totals
        10          0          0          0          0          0   (incl. Padding)

    ----------------------------------------------------------------------

      Code (inc. data)   RO Data    RW Data    ZI Data      Debug   Library Name

      2974        238        448          0          0       1204   m_ws.l
      2784        112          0          4          0       1280   mc_w.l
      2096          4          0          0          0       1900   mf_w.l

    ----------------------------------------------------------------------
      7864        354        448          4          0       4384   Library Totals

    ----------------------------------------------------------------------

==============================================================================


      Code (inc. data)   RO Data    RW Data    ZI Data      Debug   

     21088       1640        864        388       1708     314583   Grand Totals
     21088       1640        864         32       1708     314583   ELF Image Totals (compressed)
     21088       1640        864         32          0          0   ROM Totals

==============================================================================

    Total RO  Size (Code + RO Data)                21952 (  21.44kB)
    Total RW  Size (RW Data + ZI Data)              2096 (   2.05kB)
    Total ROM Size (Code + RO Data + RW Data)      21984 (  21.47kB)

==============================================================================

