BL51 BANKED LINKER/LOCATER V6.22                                                        07/26/2017  18:44:54  PAGE 1


BL51 BANKED LINKER/LOCATER V6.22, INVOKED BY:
C:\KEIL\C51\BIN\BL51.EXE a_comfunc.obj, a_ll1func.obj, a_strfunc.obj, a_timerfunc.obj, bmp180.obj, Delay_12M.obj, EEPROM
>> .obj, main.obj, mainioport.obj, mpu9250iica.obj, UNIQ_ID.obj, stc12_adc.obj TO 冻四电调MCU RAMSIZE (256)


MEMORY MODEL: LARGE WITH FLOATING POINT ARITHMETIC


INPUT MODULES INCLUDED:
  a_comfunc.obj (A_COMFUNC)
  a_ll1func.obj (A_LL1FUNC)
  a_strfunc.obj (A_STRFUNC)
  a_timerfunc.obj (A_TIMERFUNC)
  bmp180.obj (BMP180)
  Delay_12M.obj (DELAY_12M)
  EEPROM.obj (EEPROM)
  main.obj (MAIN)
  mainioport.obj (MAINIOPORT)
  mpu9250iica.obj (MPU9250IICA)
  UNIQ_ID.obj (UNIQ_ID)
  stc12_adc.obj (STC12_ADC)
  C:\KEIL\C51\LIB\C51FPL.LIB (?C?FPADD)
  C:\KEIL\C51\LIB\C51FPL.LIB (?C?FPDIV)
  C:\KEIL\C51\LIB\C51FPL.LIB (?C?FCAST)
  C:\KEIL\C51\LIB\C51FPL.LIB (PRINTF)
  C:\KEIL\C51\LIB\C51FPL.LIB (?C?FPGETOPN)
  C:\KEIL\C51\LIB\C51FPL.LIB (?C?FPROUND)
  C:\KEIL\C51\LIB\C51FPL.LIB (?C?FPCONVERT)
  C:\KEIL\C51\LIB\C51FPL.LIB (?C?FPMUL)
  C:\KEIL\C51\LIB\C51FPL.LIB (?C?FTNPWR)
  C:\KEIL\C51\LIB\C51L.LIB (?C_STARTUP)
  C:\KEIL\C51\LIB\C51L.LIB (?C?COPY)
  C:\KEIL\C51\LIB\C51L.LIB (?C?CLDPTR)
  C:\KEIL\C51\LIB\C51L.LIB (?C?CLDOPTR)
  C:\KEIL\C51\LIB\C51L.LIB (?C?CILDOPTR)
  C:\KEIL\C51\LIB\C51L.LIB (?C?CSTPTR)
  C:\KEIL\C51\LIB\C51L.LIB (?C?CSTOPTR)
  C:\KEIL\C51\LIB\C51L.LIB (?C?UIDIV)
  C:\KEIL\C51\LIB\C51L.LIB (?C?ILDPTR)
  C:\KEIL\C51\LIB\C51L.LIB (?C?ILDOPTR)
  C:\KEIL\C51\LIB\C51L.LIB (?C?IILDOPTR)
  C:\KEIL\C51\LIB\C51L.LIB (?C?ISTPTR)
  C:\KEIL\C51\LIB\C51L.LIB (?C?ISTOPTR)
  C:\KEIL\C51\LIB\C51L.LIB (?C?LMUL)
  C:\KEIL\C51\LIB\C51L.LIB (?C?ULDIV)
  C:\KEIL\C51\LIB\C51L.LIB (?C?SLDIV)
  C:\KEIL\C51\LIB\C51L.LIB (?C?LNEG)
  C:\KEIL\C51\LIB\C51L.LIB (?C?ULCMP)
  C:\KEIL\C51\LIB\C51L.LIB (?C?ULSHR)
  C:\KEIL\C51\LIB\C51L.LIB (?C?SLSHR)
  C:\KEIL\C51\LIB\C51L.LIB (?C?LSHL)
  C:\KEIL\C51\LIB\C51L.LIB (?C?LLDPTR)
  C:\KEIL\C51\LIB\C51L.LIB (?C?LLDOPTR)
  C:\KEIL\C51\LIB\C51L.LIB (?C?LSTPTR)
  C:\KEIL\C51\LIB\C51L.LIB (?C?LSTOPTR)
  C:\KEIL\C51\LIB\C51L.LIB (?C?LSTXDATA)
  C:\KEIL\C51\LIB\C51L.LIB (?C?LSTKXDATA)
  C:\KEIL\C51\LIB\C51L.LIB (?C?LSTKOPTR)
BL51 BANKED LINKER/LOCATER V6.22                                                      07/26/2017  18:44:54  PAGE 2


  C:\KEIL\C51\LIB\C51L.LIB (?C?PLDIXDATA)
  C:\KEIL\C51\LIB\C51L.LIB (?C?PSTXDATA)
  C:\KEIL\C51\LIB\C51L.LIB (?C?PLDPTR)
  C:\KEIL\C51\LIB\C51L.LIB (?C?PSTPTR)
  C:\KEIL\C51\LIB\C51L.LIB (?C?CCASE)
  C:\KEIL\C51\LIB\C51L.LIB (PUTCHAR)
  C:\KEIL\C51\LIB\C51L.LIB (?C?MEMSET)
  C:\KEIL\C51\LIB\C51L.LIB (?C_INIT)
  C:\KEIL\C51\LIB\C51L.LIB (?C?IILDX)
  C:\KEIL\C51\LIB\C51L.LIB (?C?LLDIDATA)
  C:\KEIL\C51\LIB\C51L.LIB (?C?LLDXDATA)
  C:\KEIL\C51\LIB\C51L.LIB (?C?LLDPDATA)
  C:\KEIL\C51\LIB\C51L.LIB (?C?LLDCODE)
  C:\KEIL\C51\LIB\C51L.LIB (?C?LSTIDATA)
  C:\KEIL\C51\LIB\C51L.LIB (?C?LSTPDATA)
  C:\KEIL\C51\LIB\C51L.LIB (?C?LSTKIDATA)
  C:\KEIL\C51\LIB\C51L.LIB (?C?LSTKPDATA)
  C:\KEIL\C51\LIB\C51L.LIB (?C?PLDIDATA)
  C:\KEIL\C51\LIB\C51L.LIB (?C?PSTIDATA)
  C:\KEIL\C51\LIB\C51L.LIB (?C?PLDXDATA)
  C:\KEIL\C51\LIB\C51L.LIB (?C?PLDPDATA)
  C:\KEIL\C51\LIB\C51L.LIB (?C?PSTPDATA)
  C:\KEIL\C51\LIB\C51L.LIB (?C?PLDCODE)


LINK MAP OF MODULE:  冻四电调MCU (A_COMFUNC)


            TYPE    BASE      LENGTH    RELOCATION   SEGMENT NAME
            -----------------------------------------------------

            * * * * * * *   D A T A   M E M O R Y   * * * * * * *
            REG     0000H     0008H     ABSOLUTE     "REG BANK 0"
            DATA    0008H     0005H     UNIT         _DATA_GROUP_
            IDATA   000DH     0003H     UNIT         ?ID?MAIN
                    0010H     0010H                  *** GAP ***
            BIT     0020H.0   0001H.1   UNIT         _BIT_GROUP_
                    0021H.1   0000H.7                *** GAP ***
            IDATA   0022H     0001H     UNIT         ?STACK

            * * * * * * *  X D A T A   M E M O R Y  * * * * * * *
            XDATA   0000H     01AEH     UNIT         ?XD?MAIN
            XDATA   01AEH     0058H     UNIT         _XDATA_GROUP_
            XDATA   0206H     002AH     UNIT         ?XD?MPU9250IICA
            XDATA   0230H     001EH     UNIT         ?XD?BMP180
            XDATA   024EH     0017H     UNIT         ?XD?A_LL1FUNC
            XDATA   0265H     0002H     UNIT         ?XD?A_COMFUNC

            * * * * * * *   C O D E   M E M O R Y   * * * * * * *
            CODE    0000H     0003H     ABSOLUTE     
            CODE    0003H     0008H     UNIT         ?PR?I2C_NOACK?MPU9250IICA
            CODE    000BH     0003H     ABSOLUTE     
            CODE    000EH     000DH     UNIT         ?PR?BMP085_RECVACK?BMP180
            CODE    001BH     0003H     ABSOLUTE     
            CODE    001EH     0005H     UNIT         ?PR?I2C_DELAY?BMP180
            CODE    0023H     0003H     ABSOLUTE     
            CODE    0026H     001BH     UNIT         ?PR?I2C_WAITACK?MPU9250IICA
BL51 BANKED LINKER/LOCATER V6.22                                                      07/26/2017  18:44:54  PAGE 3


                    0041H     0002H                  *** GAP ***
            CODE    0043H     0003H     ABSOLUTE     
            CODE    0046H     0055H     UNIT         ?PR?_M22ATBUF_T_DEFAULT?MAIN
            CODE    009BH     0003H     ABSOLUTE     
                    009EH     0005H                  *** GAP ***
            CODE    00A3H     0003H     ABSOLUTE     
            CODE    00A6H     0BDFH     UNIT         ?C?LIB_CODE
            CODE    0C85H     04F1H     UNIT         ?PR?_TA3POSTCMD?MAIN
            CODE    1176H     048AH     UNIT         ?PR?BMP085CONVERT?BMP180
            CODE    1600H     0483H     UNIT         ?PR?PRINTF?PRINTF
            CODE    1A83H     037CH     UNIT         ?PR?_TA4TK?MAIN
            CODE    1DFFH     024AH     UNIT         ?PR?READ_MPU9250_GYRO?MPU9250IICA
            CODE    2049H     0198H     UNIT         ?PR?READ_MPU9250_ACCEL?MPU9250IICA
            CODE    21E1H     0192H     UNIT         ?PR?READ_MPU9250_MAG?MPU9250IICA
            CODE    2373H     014DH     UNIT         ?PR?_TTA?MAIN
            CODE    24C0H     0132H     UNIT         ?PR?_TA62READDATA?MAIN
            CODE    25F2H     0132H     UNIT         ?PR?MAIN?MAIN
            CODE    2724H     012EH     UNIT         ?PR?_TA1COMRECV?MAIN
            CODE    2852H     0118H     UNIT         ?PR?_TTB?MAIN
            CODE    296AH     0118H     UNIT         ?PR?_TTC?MAIN
            CODE    2A82H     0118H     UNIT         ?PR?_TTD?MAIN
            CODE    2B9AH     00F2H     UNIT         ?PR?_TM_TK?A_TIMERFUNC
            CODE    2C8CH     00EDH     UNIT         ?PR?_SHAREDATA_MAIN_READY?A_STRFUNC
            CODE    2D79H     00DFH     UNIT         ?CO?MAIN
            CODE    2E58H     00C3H     UNIT         ?PR?LL1_EAT_UINT?A_LL1FUNC
            CODE    2F1BH     00ADH     UNIT         ?PR?_M1CONF_T_DEFAULT?MAIN
            CODE    2FC8H     00A8H     UNIT         ?PR?_SHAREDATA_INTERRUPT_FOLLOWREFRESH?A_STRFUNC
            CODE    3070H     0090H     UNIT         ?PR?INIT_BMP085?BMP180
            CODE    3100H     008FH     UNIT         ?PR?_LL1_EAT_STR_WHITEVT?A_LL1FUNC
            CODE    318FH     008CH     UNIT         ?C_C51STARTUP
            CODE    321BH     0083H     UNIT         ?PR?_LL1_EAT_SZVT?A_LL1FUNC
            CODE    329EH     0080H     UNIT         ?PR?_TM_RST?A_TIMERFUNC
            CODE    331EH     0073H     UNIT         ?PR?LL1_EAT1?A_LL1FUNC
            CODE    3391H     006CH     UNIT         ?PR?_LL1_RESET?A_LL1FUNC
            CODE    33FDH     005DH     UNIT         ?PR?LL1_BACK1?A_LL1FUNC
            CODE    345AH     0059H     UNIT         ?PR?LL1_POP?A_LL1FUNC
            CODE    34B3H     0054H     UNIT         ?PR?LL1_PUSH?A_LL1FUNC
            CODE    3507H     0051H     UNIT         ?PR?UART_SER?MAIN
            CODE    3558H     004DH     UNIT         ?PR?_TA71BEEPLONG?MAIN
            CODE    35A5H     004BH     UNIT         ?PR?INIT_MPU9250?MPU9250IICA
            CODE    35F0H     0049H     UNIT         ?PR?MAINIOPORT_INIT?MAINIOPORT
            CODE    3639H     0045H     UNIT         ?PR?_M5RUNTIME_T_DEFAULT?MAIN
            CODE    367EH     0044H     UNIT         ?C_INITSEG
            CODE    36C2H     0044H     UNIT         ?C?LDIV
            CODE    3706H     0043H     UNIT         ?PR?_SINGLE_READ?MPU9250IICA
            CODE    3749H     0042H     UNIT         ?PR?_DELAY?BMP180
            CODE    378BH     0041H     UNIT         ?PR?TIMER0_ROUTINE?MAIN
            CODE    37CCH     003BH     UNIT         ?PR?_MULTIPLE_READ?BMP180
            CODE    3807H     0036H     UNIT         ?PR?_M12PWM_T_DEFAULT?MAIN
            CODE    383DH     0035H     UNIT         ?PR?TIMER1_ROUTINE?MAIN
            CODE    3872H     0035H     UNIT         ?PR?TIMER3_ROUTINE?MAIN
            CODE    38A7H     0035H     UNIT         ?PR?TIMER4_ROUTINE?MAIN
            CODE    38DCH     0033H     UNIT         ?PR?_DELAYMS?DELAY_12M
            CODE    390FH     0031H     UNIT         ?PR?_TM_TK_N?A_TIMERFUNC
            CODE    3940H     0030H     UNIT         ?PR?_SINGLE_WRITE?MPU9250IICA
            CODE    3970H     0029H     UNIT         ?PR?UART2_SER?MAIN
            CODE    3999H     0027H     UNIT         ?PR?_TM_INIT?A_TIMERFUNC
BL51 BANKED LINKER/LOCATER V6.22                                                      07/26/2017  18:44:54  PAGE 4


            CODE    39C0H     0027H     UNIT         ?PR?PUTCHAR?PUTCHAR
            CODE    39E7H     0026H     UNIT         ?PR?_GETADCRESULT?STC12_ADC
            CODE    3A0DH     0025H     UNIT         ?PR?_I2C_SENDBYTE?MPU9250IICA
            CODE    3A32H     0022H     UNIT         ?PR?I2C_RADEBYTE?MPU9250IICA
            CODE    3A54H     0021H     UNIT         ?PR?_BMP085_SENDBYTE?BMP180
            CODE    3A75H     0021H     UNIT         ?PR?BMP085_RECVBYTE?BMP180
            CODE    3A96H     0020H     UNIT         ?PR?I2C_START?MPU9250IICA
            CODE    3AB6H     001EH     UNIT         ?PR?BMP085READPRESSURE?BMP180
            CODE    3AD4H     0019H     UNIT         ?PR?BMP085READTEMP?BMP180
            CODE    3AEDH     0015H     UNIT         ?PR?_DELAYUS2X?DELAY_12M
            CODE    3B02H     0015H     UNIT         ?PR?_DELAYMS_SMALL?DELAY_12M
            CODE    3B17H     0013H     UNIT         ?PR?_COM1SENDU8SS?A_COMFUNC
            CODE    3B2AH     0013H     UNIT         ?PR?_COM2SENDU8SS?A_COMFUNC
            CODE    3B3DH     0013H     UNIT         ?PR?UART1INIT?MAIN
            CODE    3B50H     0011H     UNIT         ?PR?TIMER0INIT?MAIN
            CODE    3B61H     0011H     UNIT         ?PR?TIMER1INIT?MAIN
            CODE    3B72H     0011H     UNIT         ?PR?I2C_DELAY?MPU9250IICA
            CODE    3B83H     0010H     UNIT         ?PR?UART2INIT?MAIN
            CODE    3B93H     0010H     UNIT         ?PR?_INITADC?STC12_ADC
            CODE    3BA3H     000FH     UNIT         ?PR?BMP085_START?BMP180
            CODE    3BB2H     000FH     UNIT         ?PR?I2C_STOP?MPU9250IICA
            CODE    3BC1H     000EH     UNIT         ?PR?_COM1SENDU8?A_COMFUNC
            CODE    3BCFH     000EH     UNIT         ?PR?_COM2SENDU8?A_COMFUNC
            CODE    3BDDH     000EH     UNIT         ?PR?BMP085_SENDACK?BMP180
            CODE    3BEBH     000DH     UNIT         ?PR?TIMER3INIT?MAIN
            CODE    3BF8H     000DH     UNIT         ?PR?TIMER4INIT?MAIN
            CODE    3C05H     000CH     UNIT         ?PR?BMP085_STOP?BMP180
            CODE    3C11H     000BH     UNIT         ?PR?_DELAYMS?MPU9250IICA
            CODE    3C1CH     0007H     UNIT         ?PR?DELAY5MS?BMP180
            CODE    3C23H     0007H     UNIT         ?PR?DELAY5MS?MPU9250IICA



OVERLAY MAP OF MODULE:   冻四电调MCU (A_COMFUNC)


SEGMENT                                             BIT_GROUP          DATA_GROUP          XDATA_GROUP
  +--> CALLED SEGMENT                            START    LENGTH     START    LENGTH     START    LENGTH
--------------------------------------------------------------------------------------------------------
?PR?TIMER0_ROUTINE?MAIN                          -----    -----      -----    -----      -----    -----
  +--> ?PR?_TTA?MAIN

?PR?_TTA?MAIN                                    -----    -----      -----    -----      01AEH    0003H
  +--> ?CO?MAIN
  +--> ?PR?_TA4TK?MAIN
  +--> ?PR?_SHAREDATA_INTERRUPT_FOLLOWREFRES...

?PR?_TA4TK?MAIN                                  -----    -----      -----    -----      01B1H    0003H

?PR?_SHAREDATA_INTERRUPT_FOLLOWREFRES...         -----    -----      -----    -----      01B1H    000BH

*** NEW ROOT ***************************************************

?PR?TIMER1_ROUTINE?MAIN                          -----    -----      -----    -----      -----    -----
  +--> ?PR?_TTB?MAIN

?PR?_TTB?MAIN                                    -----    -----      -----    -----      01BCH    0003H
BL51 BANKED LINKER/LOCATER V6.22                                                      07/26/2017  18:44:54  PAGE 5


  +--> ?CO?MAIN

*** NEW ROOT ***************************************************

?PR?TIMER3_ROUTINE?MAIN                          -----    -----      -----    -----      -----    -----
  +--> ?PR?_TTC?MAIN

?PR?_TTC?MAIN                                    -----    -----      -----    -----      01BFH    0003H
  +--> ?CO?MAIN

*** NEW ROOT ***************************************************

?PR?TIMER4_ROUTINE?MAIN                          -----    -----      -----    -----      -----    -----
  +--> ?PR?_TTD?MAIN

?PR?_TTD?MAIN                                    -----    -----      -----    -----      01C2H    0003H
  +--> ?CO?MAIN

*** NEW ROOT ***************************************************

?PR?UART_SER?MAIN                                -----    -----      -----    -----      -----    -----
  +--> ?PR?_TA1COMRECV?MAIN

?PR?_TA1COMRECV?MAIN                             -----    -----      -----    -----      01C5H    0003H
  +--> ?PR?_TM_RST?A_TIMERFUNC
  +--> ?CO?MAIN
  +--> ?PR?_LL1_RESET?A_LL1FUNC

?PR?_TM_RST?A_TIMERFUNC                          -----    -----      -----    -----      01C8H    0007H

?PR?_LL1_RESET?A_LL1FUNC                         -----    -----      -----    -----      01C8H    0003H

*** NEW ROOT ***************************************************

?C_C51STARTUP                                    -----    -----      -----    -----      -----    -----
  +--> ?PR?MAIN?MAIN
  +--> ?C_INITSEG

?PR?MAIN?MAIN                                    -----    -----      -----    -----      -----    -----
  +--> ?PR?TIMER0INIT?MAIN
  +--> ?PR?TIMER1INIT?MAIN
  +--> ?PR?TIMER3INIT?MAIN
  +--> ?PR?TIMER4INIT?MAIN
  +--> ?PR?UART1INIT?MAIN
  +--> ?PR?UART2INIT?MAIN
  +--> ?PR?_M1CONF_T_DEFAULT?MAIN
  +--> ?PR?_M5RUNTIME_T_DEFAULT?MAIN
  +--> ?PR?_M12PWM_T_DEFAULT?MAIN
  +--> ?PR?_M22ATBUF_T_DEFAULT?MAIN
  +--> ?PR?MAINIOPORT_INIT?MAINIOPORT
  +--> ?PR?INIT_MPU9250?MPU9250IICA
  +--> ?PR?INIT_BMP085?BMP180
  +--> ?PR?_TM_INIT?A_TIMERFUNC
  +--> ?PR?_DELAYMS?DELAY_12M
  +--> ?CO?MAIN
  +--> ?PR?PRINTF?PRINTF
  +--> ?PR?_COM1SENDU8SS?A_COMFUNC
BL51 BANKED LINKER/LOCATER V6.22                                                      07/26/2017  18:44:54  PAGE 6


  +--> ?PR?_TA3POSTCMD?MAIN
  +--> ?PR?_TA62READDATA?MAIN
  +--> ?PR?_TM_TK_N?A_TIMERFUNC
  +--> ?PR?_TA71BEEPLONG?MAIN

?PR?_M1CONF_T_DEFAULT?MAIN                       -----    -----      -----    -----      01CFH    0003H

?PR?_M22ATBUF_T_DEFAULT?MAIN                     -----    -----      -----    -----      01CFH    0003H

?PR?INIT_MPU9250?MPU9250IICA                     -----    -----      -----    -----      -----    -----
  +--> ?PR?_SINGLE_WRITE?MPU9250IICA

?PR?_SINGLE_WRITE?MPU9250IICA                    -----    -----      -----    -----      -----    -----
  +--> ?PR?I2C_START?MPU9250IICA
  +--> ?PR?_I2C_SENDBYTE?MPU9250IICA
  +--> ?PR?I2C_WAITACK?MPU9250IICA
  +--> ?PR?I2C_STOP?MPU9250IICA
  +--> ?PR?DELAY5MS?MPU9250IICA

?PR?I2C_START?MPU9250IICA                        -----    -----      -----    -----      -----    -----
  +--> ?PR?I2C_DELAY?MPU9250IICA

?PR?_I2C_SENDBYTE?MPU9250IICA                    -----    -----      -----    -----      -----    -----
  +--> ?PR?I2C_DELAY?MPU9250IICA

?PR?I2C_WAITACK?MPU9250IICA                      -----    -----      -----    -----      -----    -----
  +--> ?PR?_I2C_SENDBYTE?MPU9250IICA
  +--> ?PR?I2C_DELAY?MPU9250IICA

?PR?I2C_STOP?MPU9250IICA                         -----    -----      -----    -----      -----    -----
  +--> ?PR?I2C_DELAY?MPU9250IICA

?PR?DELAY5MS?MPU9250IICA                         -----    -----      -----    -----      -----    -----
  +--> ?PR?_DELAYMS?DELAY_12M

?PR?_DELAYMS?DELAY_12M                           -----    -----      -----    -----      0204H    0001H
  +--> ?PR?_DELAYMS_SMALL?DELAY_12M

?PR?_DELAYMS_SMALL?DELAY_12M                     -----    -----      -----    -----      -----    -----
  +--> ?PR?_DELAYUS2X?DELAY_12M

?PR?INIT_BMP085?BMP180                           -----    -----      -----    -----      -----    -----
  +--> ?PR?_MULTIPLE_READ?BMP180

?PR?_MULTIPLE_READ?BMP180                        -----    -----      -----    -----      0202H    0002H
  +--> ?PR?_BMP085_SENDBYTE?BMP180
  +--> ?PR?BMP085_START?BMP180
  +--> ?PR?BMP085_RECVBYTE?BMP180
  +--> ?PR?BMP085_SENDACK?BMP180
  +--> ?PR?BMP085_STOP?BMP180
  +--> ?PR?DELAY5MS?BMP180

?PR?_BMP085_SENDBYTE?BMP180                      -----    -----      -----    -----      -----    -----
  +--> ?PR?BMP085_START?BMP180
  +--> ?PR?I2C_DELAY?BMP180
  +--> ?PR?BMP085_RECVACK?BMP180

BL51 BANKED LINKER/LOCATER V6.22                                                      07/26/2017  18:44:54  PAGE 7


?PR?BMP085_START?BMP180                          -----    -----      -----    -----      -----    -----
  +--> ?PR?I2C_DELAY?BMP180

?PR?BMP085_RECVACK?BMP180                        -----    -----      -----    -----      -----    -----
  +--> ?PR?I2C_DELAY?BMP180

?PR?BMP085_RECVBYTE?BMP180                       -----    -----      -----    -----      -----    -----
  +--> ?PR?I2C_DELAY?BMP180

?PR?BMP085_SENDACK?BMP180                        0020H.0  0000H.1    -----    -----      -----    -----
  +--> ?PR?I2C_DELAY?BMP180

?PR?BMP085_STOP?BMP180                           -----    -----      -----    -----      -----    -----
  +--> ?PR?I2C_DELAY?BMP180

?PR?DELAY5MS?BMP180                              -----    -----      -----    -----      -----    -----
  +--> ?PR?_DELAYMS?DELAY_12M

?PR?_TM_INIT?A_TIMERFUNC                         -----    -----      -----    -----      01CFH    0003H

?PR?PRINTF?PRINTF                                0020H.0  0001H.1    0008H    0005H      01D2H    0030H
  +--> ?PR?PUTCHAR?PUTCHAR

?PR?_COM1SENDU8SS?A_COMFUNC                      -----    -----      -----    -----      -----    -----
  +--> ?PR?_COM1SENDU8?A_COMFUNC

?PR?_TA3POSTCMD?MAIN                             -----    -----      -----    -----      01CFH    0003H
  +--> ?PR?LL1_PUSH?A_LL1FUNC
  +--> ?CO?MAIN
  +--> ?PR?_LL1_EAT_SZVT?A_LL1FUNC
  +--> ?PR?_LL1_EAT_STR_WHITEVT?A_LL1FUNC
  +--> ?PR?LL1_EAT_UINT?A_LL1FUNC
  +--> ?PR?_SHAREDATA_MAIN_READY?A_STRFUNC
  +--> ?PR?LL1_POP?A_LL1FUNC
  +--> ?PR?PRINTF?PRINTF
  +--> ?PR?_COM1SENDU8SS?A_COMFUNC

?PR?_LL1_EAT_SZVT?A_LL1FUNC                      -----    -----      -----    -----      01D2H    0003H
  +--> ?PR?LL1_EAT1?A_LL1FUNC
  +--> ?PR?LL1_BACK1?A_LL1FUNC

?PR?_LL1_EAT_STR_WHITEVT?A_LL1FUNC               -----    -----      -----    -----      01D2H    0005H
  +--> ?PR?LL1_EAT1?A_LL1FUNC
  +--> ?PR?LL1_BACK1?A_LL1FUNC

?PR?LL1_EAT_UINT?A_LL1FUNC                       -----    -----      -----    -----      01D2H    0006H
  +--> ?PR?LL1_EAT1?A_LL1FUNC
  +--> ?PR?LL1_BACK1?A_LL1FUNC

?PR?_SHAREDATA_MAIN_READY?A_STRFUNC              -----    -----      -----    -----      01D2H    000BH

?PR?_TA62READDATA?MAIN                           -----    -----      -----    -----      01CFH    0003H
  +--> ?PR?READ_MPU9250_ACCEL?MPU9250IICA
  +--> ?PR?READ_MPU9250_GYRO?MPU9250IICA
  +--> ?PR?READ_MPU9250_MAG?MPU9250IICA
  +--> ?PR?BMP085CONVERT?BMP180

BL51 BANKED LINKER/LOCATER V6.22                                                      07/26/2017  18:44:54  PAGE 8


?PR?READ_MPU9250_ACCEL?MPU9250IICA               -----    -----      -----    -----      -----    -----
  +--> ?PR?_SINGLE_READ?MPU9250IICA

?PR?_SINGLE_READ?MPU9250IICA                     -----    -----      -----    -----      -----    -----
  +--> ?PR?I2C_START?MPU9250IICA
  +--> ?PR?I2C_WAITACK?MPU9250IICA
  +--> ?PR?I2C_STOP?MPU9250IICA
  +--> ?PR?_I2C_SENDBYTE?MPU9250IICA
  +--> ?PR?I2C_RADEBYTE?MPU9250IICA
  +--> ?PR?I2C_NOACK?MPU9250IICA

?PR?I2C_RADEBYTE?MPU9250IICA                     -----    -----      -----    -----      -----    -----
  +--> ?PR?I2C_DELAY?MPU9250IICA

?PR?I2C_NOACK?MPU9250IICA                        -----    -----      -----    -----      -----    -----
  +--> ?PR?I2C_DELAY?MPU9250IICA

?PR?READ_MPU9250_GYRO?MPU9250IICA                -----    -----      -----    -----      -----    -----
  +--> ?PR?_SINGLE_READ?MPU9250IICA

?PR?READ_MPU9250_MAG?MPU9250IICA                 -----    -----      -----    -----      -----    -----
  +--> ?PR?_SINGLE_WRITE?MPU9250IICA
  +--> ?PR?_DELAYMS?MPU9250IICA
  +--> ?PR?_SINGLE_READ?MPU9250IICA

?PR?_DELAYMS?MPU9250IICA                         -----    -----      -----    -----      -----    -----
  +--> ?PR?_DELAYMS?DELAY_12M

?PR?BMP085CONVERT?BMP180                         -----    -----      -----    -----      01D2H    0030H
  +--> ?PR?BMP085READTEMP?BMP180
  +--> ?PR?BMP085READPRESSURE?BMP180

?PR?BMP085READTEMP?BMP180                        -----    -----      -----    -----      -----    -----
  +--> ?PR?_BMP085_SENDBYTE?BMP180
  +--> ?PR?_DELAY?BMP180
  +--> ?PR?_MULTIPLE_READ?BMP180

?PR?_DELAY?BMP180                                -----    -----      -----    -----      0202H    0004H
  +--> ?PR?_BMP085_SENDBYTE?BMP180
  +--> ?PR?BMP085_STOP?BMP180
  +--> ?PR?_DELAYUS2X?DELAY_12M

?PR?BMP085READPRESSURE?BMP180                    -----    -----      -----    -----      -----    -----
  +--> ?PR?_BMP085_SENDBYTE?BMP180
  +--> ?PR?_DELAY?BMP180
  +--> ?PR?_MULTIPLE_READ?BMP180

?PR?_TM_TK_N?A_TIMERFUNC                         -----    -----      -----    -----      01CFH    0005H
  +--> ?PR?_TM_TK?A_TIMERFUNC

?PR?_TM_TK?A_TIMERFUNC                           -----    -----      -----    -----      01D4H    0003H



SYMBOL TABLE OF MODULE:  冻四电调MCU (A_COMFUNC)

  VALUE           TYPE          NAME
BL51 BANKED LINKER/LOCATER V6.22                                                      07/26/2017  18:44:54  PAGE 9


  ----------------------------------

  -------         MODULE        A_COMFUNC
  C:0000H         SYMBOL        _ICE_DUMMY_
  D:0080H         PUBLIC        P0
  D:0090H         PUBLIC        P1
  D:00A0H         PUBLIC        P2
  D:00B0H         PUBLIC        P3
  D:00C0H         PUBLIC        P4
  D:00C8H         PUBLIC        P5
  D:00E8H         PUBLIC        P6
  D:00F8H         PUBLIC        P7
  D:00A8H         PUBLIC        IE
  D:00B8H         PUBLIC        IP
  D:00D8H         PUBLIC        CCON
  D:0099H         PUBLIC        SBUF
  D:0098H         PUBLIC        SCON
  D:0088H         PUBLIC        TCON
  X:0265H         PUBLIC        Com1_TI_flag
  X:0266H         PUBLIC        Com2_TI_flag
  C:3B17H         PUBLIC        _Com1SendU8ss
  C:3B2AH         PUBLIC        _Com2SendU8ss
  D:009BH         PUBLIC        S2BUF
  C:3BC1H         PUBLIC        _Com1SendU8
  C:3BCFH         PUBLIC        _Com2SendU8
  D:00D0H         PUBLIC        PSW
  -------         PROC          _COM1SENDU8
  D:0007H         SYMBOL        c
  C:3BC1H         LINE#         20
  C:3BC1H         LINE#         21
  C:3BC1H         LINE#         22
  C:3BCCH         LINE#         23
  C:3BCEH         LINE#         24
  -------         ENDPROC       _COM1SENDU8
  -------         PROC          _COM1SENDU8SS
  D:0001H         SYMBOL        s
  C:3B17H         LINE#         30
  C:3B17H         LINE#         31
  C:3B17H         LINE#         32
  C:3B17H         LINE#         33
  C:3B17H         LINE#         34
  C:3B1DH         LINE#         35
  C:3B20H         LINE#         36
  C:3B27H         LINE#         37
  C:3B29H         LINE#         38
  -------         ENDPROC       _COM1SENDU8SS
  -------         PROC          _COM2SENDU8
  D:0007H         SYMBOL        c
  C:3BCFH         LINE#         118
  C:3BCFH         LINE#         119
  C:3BCFH         LINE#         120
  C:3BDAH         LINE#         121
  C:3BDCH         LINE#         122
  -------         ENDPROC       _COM2SENDU8
  -------         PROC          _COM2SENDU8SS
  D:0001H         SYMBOL        s
  C:3B2AH         LINE#         128
BL51 BANKED LINKER/LOCATER V6.22                                                      07/26/2017  18:44:54  PAGE 10


  C:3B2AH         LINE#         129
  C:3B2AH         LINE#         130
  C:3B2AH         LINE#         131
  C:3B2AH         LINE#         132
  C:3B30H         LINE#         133
  C:3B33H         LINE#         134
  C:3B3AH         LINE#         135
  C:3B3CH         LINE#         136
  -------         ENDPROC       _COM2SENDU8SS
  -------         ENDMOD        A_COMFUNC

  -------         MODULE        A_LL1FUNC
  C:0000H         SYMBOL        _ICE_DUMMY_
  X:024EH         PUBLIC        ll1_ws0
  C:3391H         PUBLIC        _ll1_reset
  C:34B3H         PUBLIC        ll1_push
  C:33FDH         PUBLIC        ll1_back1
  C:345AH         PUBLIC        ll1_pop
  X:0262H         PUBLIC        ll1_pws
  C:2E58H         PUBLIC        ll1_eat_uint
  C:3100H         PUBLIC        _ll1_eat_str_whitevt
  C:331EH         PUBLIC        ll1_eat1
  C:321BH         PUBLIC        _ll1_eat_szvt
  -------         PROC          _LL1_RESET
  X:01C8H         SYMBOL        psenbuf
  D:0004H         SYMBOL        senbuflen
  C:3391H         LINE#         23
  C:339CH         LINE#         24
  C:339CH         LINE#         25
  C:33AAH         LINE#         27
  C:33C9H         LINE#         28
  C:33DFH         LINE#         29
  C:33E8H         LINE#         30
  C:33EFH         LINE#         31
  C:33F6H         LINE#         32
  -------         ENDPROC       _LL1_RESET
  -------         PROC          LL1_EAT1
  C:331EH         LINE#         42
  C:331EH         LINE#         43
  C:331EH         LINE#         44
  C:333FH         LINE#         45
  C:333FH         LINE#         46
  C:3346H         LINE#         47
  C:334DH         LINE#         49
  C:334DH         LINE#         51
  C:3360H         LINE#         52
  C:3386H         LINE#         53
  C:3390H         LINE#         54
  -------         ENDPROC       LL1_EAT1
  -------         PROC          LL1_BACK1
  C:33FDH         LINE#         64
  C:33FDH         LINE#         65
  C:33FDH         LINE#         66
  C:341AH         LINE#         67
  C:341AH         LINE#         68
  C:341EH         LINE#         69
  C:3424H         LINE#         71
BL51 BANKED LINKER/LOCATER V6.22                                                      07/26/2017  18:44:54  PAGE 11


  C:3424H         LINE#         73
  C:3429H         LINE#         74
  C:3433H         LINE#         75
  C:3459H         LINE#         76
  -------         ENDPROC       LL1_BACK1
  -------         PROC          _LL1_EAT_SZVT
  X:01D2H         SYMBOL        sz
  -------         DO            
  D:0004H         SYMBOL        j
  -------         ENDDO         
  C:321BH         LINE#         116
  C:3226H         LINE#         117
  C:3226H         LINE#         120
  C:323DH         LINE#         121
  C:323DH         LINE#         124
  C:3240H         LINE#         126
  C:3253H         LINE#         127
  C:3253H         LINE#         129
  C:3253H         LINE#         131
  C:327AH         LINE#         132
  C:327AH         LINE#         133
  C:327DH         LINE#         134
  C:328FH         LINE#         135
  C:3296H         LINE#         137
  C:3296H         LINE#         138
  C:329DH         LINE#         139
  -------         ENDPROC       _LL1_EAT_SZVT
  -------         PROC          LL1_EAT_UINT
  -------         DO            
  X:01D2H         SYMBOL        j
  X:01D4H         SYMBOL        u
  -------         ENDDO         
  C:2E58H         LINE#         149
  C:2E58H         LINE#         150
  C:2E58H         LINE#         152
  C:2E62H         LINE#         154
  C:2E69H         LINE#         155
  C:2E69H         LINE#         156
  C:2E6CH         LINE#         160
  C:2E89H         LINE#         161
  C:2E89H         LINE#         162
  C:2EA6H         LINE#         163
  C:2EF1H         LINE#         164
  C:2EF3H         LINE#         166
  C:2EF3H         LINE#         167
  C:2EF6H         LINE#         168
  C:2EF8H         LINE#         169
  C:2EF8H         LINE#         170
  C:2F0CH         LINE#         172
  C:2F1AH         LINE#         173
  -------         ENDPROC       LL1_EAT_UINT
  -------         PROC          _LL1_EAT_STR_WHITEVT
  X:01D2H         SYMBOL        whitevtset
  -------         DO            
  X:01D5H         SYMBOL        beginindex
  D:0004H         SYMBOL        x
  -------         ENDDO         
BL51 BANKED LINKER/LOCATER V6.22                                                      07/26/2017  18:44:54  PAGE 12


  C:3100H         LINE#         222
  C:310BH         LINE#         223
  C:310BH         LINE#         227
  C:3126H         LINE#         229
  C:3126H         LINE#         230
  C:3126H         LINE#         231
  C:3129H         LINE#         233
  C:313CH         LINE#         234
  C:313CH         LINE#         236
  C:3154H         LINE#         237
  C:3154H         LINE#         238
  C:3168H         LINE#         239
  C:3168H         LINE#         240
  C:316FH         LINE#         242
  C:3183H         LINE#         243
  C:3183H         LINE#         244
  C:3186H         LINE#         245
  C:3186H         LINE#         246
  C:3186H         LINE#         247
  C:3186H         LINE#         249
  C:318EH         LINE#         250
  -------         ENDPROC       _LL1_EAT_STR_WHITEVT
  -------         PROC          LL1_PUSH
  C:34B3H         LINE#         261
  C:34B3H         LINE#         262
  C:34B3H         LINE#         263
  C:34F4H         LINE#         264
  -------         ENDPROC       LL1_PUSH
  -------         PROC          LL1_POP
  C:345AH         LINE#         274
  C:345AH         LINE#         275
  C:345AH         LINE#         276
  C:346DH         LINE#         277
  -------         ENDPROC       LL1_POP
  -------         ENDMOD        A_LL1FUNC

  -------         MODULE        A_STRFUNC
  C:0000H         SYMBOL        _ICE_DUMMY_
  C:2C8CH         PUBLIC        _sharedata_main_ready
  C:2FC8H         PUBLIC        _sharedata_interrupt_followrefresh
  -------         PROC          _SHAREDATA_MAIN_READY
  X:01D2H         SYMBOL        tWork
  X:01D5H         SYMBOL        t0
  X:01D8H         SYMBOL        t1
  X:01DBH         SYMBOL        len
  C:2C8CH         LINE#         103
  C:2C97H         LINE#         104
  C:2C97H         LINE#         105
  C:2CA5H         LINE#         106
  C:2CB8H         LINE#         107
  C:2CF7H         LINE#         108
  C:2D06H         LINE#         110
  C:2D16H         LINE#         111
  C:2D29H         LINE#         112
  C:2D6AH         LINE#         113
  -------         ENDPROC       _SHAREDATA_MAIN_READY
  -------         PROC          _SHAREDATA_INTERRUPT_FOLLOWREFRESH
BL51 BANKED LINKER/LOCATER V6.22                                                      07/26/2017  18:44:54  PAGE 13


  X:01B1H         SYMBOL        t0
  X:01B4H         SYMBOL        t1
  X:01B7H         SYMBOL        t2
  X:01BAH         SYMBOL        len
  C:2FC8H         LINE#         118
  C:2FD3H         LINE#         119
  C:2FD3H         LINE#         120
  C:2FE3H         LINE#         121
  C:2FEBH         LINE#         122
  C:2FEBH         LINE#         123
  C:300FH         LINE#         124
  C:3021H         LINE#         125
  C:3021H         LINE#         127
  C:3031H         LINE#         128
  C:3039H         LINE#         129
  C:3039H         LINE#         130
  C:305DH         LINE#         131
  C:306FH         LINE#         132
  C:306FH         LINE#         133
  -------         ENDPROC       _SHAREDATA_INTERRUPT_FOLLOWREFRESH
  -------         ENDMOD        A_STRFUNC

  -------         MODULE        A_TIMERFUNC
  C:0000H         SYMBOL        _ICE_DUMMY_
  C:329EH         PUBLIC        _tm_rst
  C:2B9AH         PUBLIC        _tm_tk
  C:390FH         PUBLIC        _tm_tk_n
  C:3999H         PUBLIC        _tm_init
  -------         PROC          _TM_INIT
  X:01CFH         SYMBOL        t
  C:3999H         LINE#         49
  C:39A4H         LINE#         50
  C:39A4H         LINE#         65
  C:39ADH         LINE#         67
  -------         ENDPROC       _TM_INIT
  -------         PROC          _TM_TK
  X:01D4H         SYMBOL        t
  C:2B9AH         LINE#         73
  C:2BA5H         LINE#         74
  C:2BA5H         LINE#         75
  C:2BB5H         LINE#         76
  C:2BB5H         LINE#         77
  C:2BC1H         LINE#         79
  C:2BC8H         LINE#         83
  C:2BCCH         LINE#         95
  C:2BCCH         LINE#         98
  C:2BCCH         LINE#         100
  C:2BE8H         LINE#         101
  C:2BE8H         LINE#         102
  C:2BE8H         LINE#         103
  C:2BEAH         LINE#         104
  C:2BEAH         LINE#         106
  C:2BFDH         LINE#         108
  C:2C19H         LINE#         110
  C:2C2AH         LINE#         111
  C:2C2AH         LINE#         112
  C:2C3DH         LINE#         113
BL51 BANKED LINKER/LOCATER V6.22                                                      07/26/2017  18:44:54  PAGE 14


  C:2C3DH         LINE#         114
  C:2C3DH         LINE#         116
  C:2C3DH         LINE#         118
  C:2C50H         LINE#         119
  C:2C50H         LINE#         120
  C:2C5CH         LINE#         121
  C:2C64H         LINE#         122
  C:2C64H         LINE#         124
  C:2C77H         LINE#         125
  C:2C77H         LINE#         126
  C:2C83H         LINE#         127
  C:2C8BH         LINE#         128
  C:2C8BH         LINE#         129
  -------         ENDPROC       _TM_TK
  -------         PROC          _TM_TK_N
  X:01CFH         SYMBOL        t
  X:01D2H         SYMBOL        t1
  X:01D3H         SYMBOL        t2
  C:390FH         LINE#         136
  C:391DH         LINE#         137
  C:391DH         LINE#         138
  C:3929H         LINE#         139
  C:393FH         LINE#         140
  -------         ENDPROC       _TM_TK_N
  -------         PROC          _TM_RST
  X:01C8H         SYMBOL        t
  X:01CBH         SYMBOL        rst_value
  C:329EH         LINE#         175
  C:32AFH         LINE#         176
  C:32AFH         LINE#         180
  C:32B4H         LINE#         185
  C:32D3H         LINE#         187
  C:330DH         LINE#         191
  C:331DH         LINE#         195
  -------         ENDPROC       _TM_RST
  -------         ENDMOD        A_TIMERFUNC

  -------         MODULE        BMP180
  C:0000H         SYMBOL        _ICE_DUMMY_
  D:0080H         PUBLIC        P0
  D:0090H         PUBLIC        P1
  C:3A59H         PUBLIC        _BMP085_SendByte
  D:00A0H         PUBLIC        P2
  D:00B0H         PUBLIC        P3
  D:00C0H         PUBLIC        P4
  D:00C8H         PUBLIC        P5
  X:0230H         PUBLIC        g_bmp085_pressure
  D:00E8H         PUBLIC        P6
  C:3C05H         PUBLIC        BMP085_Stop
  D:00F8H         PUBLIC        P7
  C:3A75H         PUBLIC        BMP085_RecvByte
  C:3C1CH         SYMBOL        Delay5ms
  D:00A8H         PUBLIC        IE
  C:3753H         SYMBOL        _delay
  X:0234H         PUBLIC        b1
  X:0236H         PUBLIC        b2
  D:00B8H         PUBLIC        IP
BL51 BANKED LINKER/LOCATER V6.22                                                      07/26/2017  18:44:54  PAGE 15


  B:00D0H.7       PUBLIC        CY
  D:00D8H         PUBLIC        CCON
  C:001EH         SYMBOL        I2C_delay
  D:0098H         PUBLIC        SCON
  D:0088H         PUBLIC        TCON
  C:3BDDH         PUBLIC        BMP085_SendACK
  C:3AB6H         PUBLIC        bmp085ReadPressure
  X:0238H         PUBLIC        g_bmp085_temperature
  C:000EH         PUBLIC        BMP085_RecvACK
  C:1176H         PUBLIC        bmp085Convert
  X:023CH         PUBLIC        mb
  C:37CCH         PUBLIC        _Multiple_read
  X:023EH         PUBLIC        mc
  X:0240H         PUBLIC        md
  B:00C0H.2       PUBLIC        SDA
  B:00C0H.3       PUBLIC        SCL
  C:3BA3H         PUBLIC        BMP085_Start
  C:3070H         PUBLIC        Init_BMP085
  X:0242H         PUBLIC        ac1
  C:3AD4H         PUBLIC        bmp085ReadTemp
  X:0244H         PUBLIC        ac2
  X:0246H         PUBLIC        ac3
  X:0248H         PUBLIC        ac4
  X:024AH         PUBLIC        ac5
  X:024CH         PUBLIC        ac6
  D:00D0H         PUBLIC        PSW
  -------         PROC          L?0032
  -------         ENDPROC       L?0032
  -------         PROC          _DELAY
  X:0202H         SYMBOL        k
  -------         DO            
  X:0204H         SYMBOL        ll
  -------         ENDDO         
  C:3753H         LINE#         76
  C:375BH         LINE#         77
  C:375BH         LINE#         79
  C:3775H         LINE#         80
  C:378AH         LINE#         81
  -------         ENDPROC       _DELAY
  -------         PROC          I2C_DELAY
  -------         DO            
  D:0007H         SYMBOL        i
  -------         ENDDO         
  C:001EH         LINE#         93
  C:001EH         LINE#         94
  C:001EH         LINE#         95
  C:0020H         LINE#         96
  C:0020H         LINE#         97
  C:0020H         LINE#         98
  C:0022H         LINE#         99
  C:0022H         LINE#         100
  -------         ENDPROC       I2C_DELAY
  -------         PROC          DELAY5MS
  C:3C1CH         LINE#         127
  C:3C1CH         LINE#         128
  C:3C1CH         LINE#         129
  -------         ENDPROC       DELAY5MS
BL51 BANKED LINKER/LOCATER V6.22                                                      07/26/2017  18:44:54  PAGE 16


  -------         PROC          BMP085_START
  C:3BA3H         LINE#         137
  C:3BA3H         LINE#         138
  C:3BA3H         LINE#         139
  C:3BA5H         LINE#         140
  C:3BA7H         LINE#         141
  C:3BAAH         LINE#         142
  C:3BACH         LINE#         143
  C:3BAFH         LINE#         144
  C:3BB1H         LINE#         145
  -------         ENDPROC       BMP085_START
  -------         PROC          BMP085_STOP
  C:3C05H         LINE#         150
  C:3C05H         LINE#         151
  C:3C05H         LINE#         152
  C:3C07H         LINE#         153
  C:3C09H         LINE#         154
  C:3C0CH         LINE#         155
  C:3C0EH         LINE#         156
  -------         ENDPROC       BMP085_STOP
  -------         PROC          BMP085_SENDACK
  B:0020H.0       SYMBOL        ack
  C:3BDDH         LINE#         163
  C:3BDDH         LINE#         164
  C:3BDDH         LINE#         165
  C:3BE1H         LINE#         166
  C:3BE3H         LINE#         167
  C:3BE6H         LINE#         168
  C:3BE8H         LINE#         169
  -------         ENDPROC       BMP085_SENDACK
  -------         PROC          BMP085_RECVACK
  C:000EH         LINE#         175
  C:000EH         LINE#         176
  C:000EH         LINE#         177
  C:0010H         LINE#         178
  C:0013H         LINE#         179
  C:0015H         LINE#         180
  C:0017H         LINE#         181
  C:001AH         LINE#         183
  C:001AH         LINE#         184
  -------         ENDPROC       BMP085_RECVACK
  C:3A54H         SYMBOL        L?0031
  -------         PROC          L?0030
  -------         ENDPROC       L?0030
  C:3A54H         SYMBOL        L?0031
  -------         PROC          _BMP085_SENDBYTE
  D:0006H         SYMBOL        dat
  -------         DO            
  D:0005H         SYMBOL        i
  -------         ENDDO         
  C:3A59H         LINE#         189
  C:3A5BH         LINE#         190
  C:3A5BH         LINE#         193
  C:3A5DH         LINE#         194
  C:3A5DH         LINE#         195
  C:3A61H         LINE#         196
  C:3A63H         LINE#         197
BL51 BANKED LINKER/LOCATER V6.22                                                      07/26/2017  18:44:54  PAGE 17


  C:3A65H         LINE#         198
  C:3A68H         LINE#         199
  C:3A6AH         LINE#         200
  C:3A6DH         LINE#         201
  C:3A72H         LINE#         202
  -------         ENDPROC       _BMP085_SENDBYTE
  -------         PROC          BMP085_RECVBYTE
  -------         DO            
  D:0005H         SYMBOL        i
  D:0006H         SYMBOL        dat
  -------         ENDDO         
  C:3A75H         LINE#         208
  C:3A75H         LINE#         209
  C:3A75H         LINE#         211
  C:3A77H         LINE#         213
  C:3A79H         LINE#         214
  C:3A7AH         LINE#         215
  C:3A7AH         LINE#         216
  C:3A7EH         LINE#         217
  C:3A80H         LINE#         218
  C:3A83H         LINE#         219
  C:3A89H         LINE#         220
  C:3A8BH         LINE#         221
  C:3A8EH         LINE#         222
  C:3A93H         LINE#         223
  C:3A95H         LINE#         224
  -------         ENDPROC       BMP085_RECVBYTE
  -------         PROC          _MULTIPLE_READ
  D:0004H         SYMBOL        ST_Address
  -------         DO            
  X:0202H         SYMBOL        msb
  X:0203H         SYMBOL        lsb
  D:0006H         SYMBOL        _data
  -------         ENDDO         
  C:37CCH         LINE#         255
  C:37CEH         LINE#         256
  C:37CEH         LINE#         259
  C:37CEH         LINE#         260
  C:37D1H         LINE#         261
  C:37D6H         LINE#         262
  C:37D9H         LINE#         263
  C:37DEH         LINE#         265
  C:37E6H         LINE#         266
  C:37EBH         LINE#         267
  C:37F1H         LINE#         268
  C:37F6H         LINE#         270
  C:37F9H         LINE#         271
  C:37FCH         LINE#         272
  C:3801H         LINE#         273
  C:3806H         LINE#         274
  C:3806H         LINE#         275
  -------         ENDPROC       _MULTIPLE_READ
  -------         PROC          BMP085READTEMP
  C:3AD4H         LINE#         278
  C:3AD4H         LINE#         279
  C:3AD4H         LINE#         280
  C:3AD4H         LINE#         281
BL51 BANKED LINKER/LOCATER V6.22                                                      07/26/2017  18:44:54  PAGE 18


  C:3AD7H         LINE#         282
  C:3ADCH         LINE#         283
  C:3ADEH         LINE#         284
  C:3ADEH         LINE#         285
  C:3AE1H         LINE#         287
  C:3AECH         LINE#         288
  -------         ENDPROC       BMP085READTEMP
  -------         PROC          BMP085READPRESSURE
  -------         DO            
  D:0004H         SYMBOL        pressure
  -------         ENDDO         
  C:3AB6H         LINE#         290
  C:3AB6H         LINE#         291
  C:3AB6H         LINE#         292
  C:3ABEH         LINE#         294
  C:3ABEH         LINE#         295
  C:3AC1H         LINE#         296
  C:3AC6H         LINE#         297
  C:3AC8H         LINE#         298
  C:3AC8H         LINE#         299
  C:3ACBH         LINE#         301
  C:3AD0H         LINE#         302
  C:3AD3H         LINE#         304
  C:3AD3H         LINE#         306
  -------         ENDPROC       BMP085READPRESSURE
  -------         PROC          INIT_BMP085
  C:3070H         LINE#         311
  C:3070H         LINE#         312
  C:3070H         LINE#         313
  C:307DH         LINE#         314
  C:308AH         LINE#         315
  C:3097H         LINE#         316
  C:30A4H         LINE#         317
  C:30B1H         LINE#         318
  C:30BEH         LINE#         319
  C:30CBH         LINE#         320
  C:30D8H         LINE#         321
  C:30E5H         LINE#         322
  C:30F2H         LINE#         323
  C:30FFH         LINE#         324
  -------         ENDPROC       INIT_BMP085
  -------         PROC          BMP085CONVERT
  -------         DO            
  X:01D2H         SYMBOL        ut
  X:01D6H         SYMBOL        up
  X:01DAH         SYMBOL        x1
  X:01DEH         SYMBOL        x2
  X:01E2H         SYMBOL        b5
  X:01E6H         SYMBOL        b6
  X:01EAH         SYMBOL        x3
  X:01EEH         SYMBOL        b3
  X:01F2H         SYMBOL        p
  X:01F6H         SYMBOL        b4
  X:01FAH         SYMBOL        b7
  D:0004H         SYMBOL        temperature
  X:01FEH         SYMBOL        pressure
  -------         ENDDO         
BL51 BANKED LINKER/LOCATER V6.22                                                      07/26/2017  18:44:54  PAGE 19


  C:1176H         LINE#         328
  C:1176H         LINE#         329
  C:1176H         LINE#         337
  C:117FH         LINE#         338
  C:1188H         LINE#         339
  C:1191H         LINE#         340
  C:119AH         LINE#         342
  C:11D8H         LINE#         343
  C:1228H         LINE#         344
  C:1254H         LINE#         345
  C:1272H         LINE#         346
  C:1278H         LINE#         349
  C:1298H         LINE#         350
  C:12D9H         LINE#         351
  C:1303H         LINE#         352
  C:132FH         LINE#         353
  C:137AH         LINE#         354
  C:13A4H         LINE#         355
  C:13ECH         LINE#         356
  C:142AH         LINE#         357
  C:1463H         LINE#         358
  C:14B2H         LINE#         359
  C:14CCH         LINE#         360
  C:14F1H         LINE#         362
  C:151DH         LINE#         363
  C:155CH         LINE#         364
  C:157FH         LINE#         365
  C:15A3H         LINE#         366
  -------         ENDPROC       BMP085CONVERT
  -------         ENDMOD        BMP180

  -------         MODULE        DELAY_12M
  C:0000H         SYMBOL        _ICE_DUMMY_
  D:0090H         PUBLIC        P1
  D:00B0H         PUBLIC        P3
  D:00A8H         PUBLIC        IE
  D:00B8H         PUBLIC        IP
  C:3B02H         PUBLIC        _DelayMs_small
  C:38DCH         PUBLIC        _DelayMs
  D:0098H         PUBLIC        SCON
  D:0088H         PUBLIC        TCON
  C:3AEDH         PUBLIC        _DelayUs2x
  D:00C8H         PUBLIC        T2CON
  D:00D0H         PUBLIC        PSW
  -------         PROC          _DELAYUS2X
  D:0007H         SYMBOL        t
  -------         DO            
  D:0004H         SYMBOL        i
  -------         ENDDO         
  C:3AEDH         LINE#         13
  C:3AEDH         LINE#         14
  C:3AEDH         LINE#         16
  C:3AF1H         LINE#         17
  C:3AF1H         LINE#         18
  C:3AF8H         LINE#         19
  C:3AFDH         LINE#         20
  C:3B01H         LINE#         21
BL51 BANKED LINKER/LOCATER V6.22                                                      07/26/2017  18:44:54  PAGE 20


  -------         ENDPROC       _DELAYUS2X
  -------         PROC          _DELAYMS_SMALL
  D:0006H         SYMBOL        t
  C:3B02H         LINE#         77
  C:3B04H         LINE#         78
  C:3B04H         LINE#         79
  C:3B0AH         LINE#         80
  C:3B0AH         LINE#         82
  C:3B0FH         LINE#         83
  C:3B14H         LINE#         84
  C:3B16H         LINE#         85
  -------         ENDPROC       _DELAYMS_SMALL
  -------         PROC          _DELAYMS
  D:0002H         SYMBOL        t
  -------         DO            
  X:0204H         SYMBOL        i
  D:0003H         SYMBOL        j
  -------         ENDDO         
  C:38DCH         LINE#         88
  C:38E0H         LINE#         89
  C:38E0H         LINE#         92
  C:38ECH         LINE#         93
  C:38F9H         LINE#         95
  C:3903H         LINE#         96
  C:3903H         LINE#         97
  C:3908H         LINE#         98
  C:390AH         LINE#         100
  -------         ENDPROC       _DELAYMS
  -------         ENDMOD        DELAY_12M

  -------         MODULE        EEPROM
  C:0000H         SYMBOL        _ICE_DUMMY_
  -------         ENDMOD        EEPROM

  -------         MODULE        MAIN
  C:0000H         SYMBOL        _ICE_DUMMY_
  X:0000H         PUBLIC        ta62readdata_state
  D:0080H         PUBLIC        P0
  X:0002H         PUBLIC        ta1comrecv_state
  D:0090H         PUBLIC        P1
  X:0004H         PUBLIC        M5
  D:00A0H         PUBLIC        P2
  D:00B0H         PUBLIC        P3
  I:000DH         PUBLIC        g_ctrl_timer
  D:00C0H         PUBLIC        P4
  D:00C8H         PUBLIC        P5
  C:3807H         PUBLIC        _M12Pwm_t_default
  B:00A8H.7       PUBLIC        EA
  D:00E8H         PUBLIC        P6
  D:00F8H         PUBLIC        P7
  C:3507H         PUBLIC        UART_SER
  C:0C85H         PUBLIC        _ta3postcmd
  C:3639H         PUBLIC        _M5Runtime_t_default
  X:0011H         PUBLIC        ta1comrecv_bufp
  D:00BAH         PUBLIC        P_SW2
  X:0014H         PUBLIC        ta3postcmd_state
  D:00A8H         PUBLIC        IE
BL51 BANKED LINKER/LOCATER V6.22                                                      07/26/2017  18:44:54  PAGE 21


  C:3558H         PUBLIC        _ta71beeplong
  X:0016H         PUBLIC        ta71beeplong_state
  C:2E4FH         PUBLIC        tta_maxwidth
  C:2E51H         PUBLIC        ttb_maxwidth
  B:00A8H.4       PUBLIC        ES
  C:2E53H         PUBLIC        ttc_maxwidth
  D:00B8H         PUBLIC        IP
  C:2E55H         PUBLIC        ttd_maxwidth
  B:0098H.0       PUBLIC        RI
  B:0098H.1       PUBLIC        TI
  D:00D8H         PUBLIC        CCON
  C:0046H         PUBLIC        _M22ATbuf_t_default
  C:2F1BH         PUBLIC        _M1Conf_t_default
  C:25F2H         PUBLIC        main
  X:0018H         PUBLIC        M12
  X:0040H         PUBLIC        M22
  D:0099H         PUBLIC        SBUF
  D:0098H         PUBLIC        SCON
  X:009AH         PUBLIC        ta3postcmd_ch
  D:0089H         PUBLIC        TMOD
  D:0088H         PUBLIC        TCON
  X:009CH         PUBLIC        tta_p_ctrl_timer
  X:009FH         PUBLIC        ta3postcmd_speedall
  X:00A7H         PUBLIC        ttb_p_ctrl_timer
  X:00AAH         PUBLIC        ttc_p_ctrl_timer
  C:3970H         PUBLIC        UART2_SER
  X:00ADH         PUBLIC        ttd_p_ctrl_timer
  X:00B0H         PUBLIC        ta1comrecv_tm
  C:378BH         PUBLIC        timer0_routine
  D:00AFH         PUBLIC        IE2
  C:383DH         PUBLIC        timer1_routine
  X:00CBH         PUBLIC        MPU9250_data
  D:008EH         PUBLIC        AUXR
  C:3872H         PUBLIC        timer3_routine
  C:2E57H         PUBLIC        ta1comrecv_bufMax
  C:38A7H         PUBLIC        timer4_routine
  B:0080H.6       PUBLIC        OUTtta
  B:0080H.7       PUBLIC        OUTttb
  B:0090H.3       PUBLIC        OUTttc
  B:0090H.2       PUBLIC        OUTttd
  B:00A8H.1       PUBLIC        ET0
  C:2373H         PUBLIC        _tta
  B:0088H.5       PUBLIC        TF0
  B:00A8H.3       PUBLIC        ET1
  C:3B50H         PUBLIC        Timer0Init
  C:2852H         PUBLIC        _ttb
  B:0088H.7       PUBLIC        TF1
  C:3B61H         PUBLIC        Timer1Init
  C:296AH         PUBLIC        _ttc
  D:008CH         PUBLIC        TH0
  C:2A82H         PUBLIC        _ttd
  D:008DH         PUBLIC        TH1
  X:00FBH         PUBLIC        flag2
  C:3BEBH         PUBLIC        Timer3Init
  B:0090H.6       PUBLIC        BEEP1
  D:00D6H         PUBLIC        T2H
  C:3BF8H         PUBLIC        Timer4Init
BL51 BANKED LINKER/LOCATER V6.22                                                      07/26/2017  18:44:54  PAGE 22


  X:00FCH         PUBLIC        tta_state
  D:00D4H         PUBLIC        T3H
  X:00FEH         PUBLIC        ttb_state
  D:00D2H         PUBLIC        T4H
  D:008AH         PUBLIC        TL0
  X:0100H         PUBLIC        ttc_state
  D:008BH         PUBLIC        TL1
  X:0102H         PUBLIC        ttd_state
  D:00D7H         PUBLIC        T2L
  X:0104H         PUBLIC        ta71beeplong_tm
  D:00D5H         PUBLIC        T3L
  I:000FH         PUBLIC        g_p_ctrl_timer
  D:00D3H         PUBLIC        T4L
  B:0088H.4       PUBLIC        TR0
  B:0088H.6       PUBLIC        TR1
  D:00D1H         PUBLIC        T4T3M
  X:011FH         PUBLIC        ta1comrecv_bufidx
  C:3B3DH         PUBLIC        Uart1Init
  D:009AH         PUBLIC        S2CON
  C:3B83H         PUBLIC        Uart2Init
  X:0120H         PUBLIC        tta_ctrl_timer
  X:0122H         PUBLIC        ttb_ctrl_timer
  X:0124H         PUBLIC        ta1comrecv_1stgetinput_flag
  X:0125H         PUBLIC        ttc_ctrl_timer
  X:0127H         PUBLIC        ta3postcmd_check
  X:0129H         PUBLIC        ttd_ctrl_timer
  C:1A83H         PUBLIC        _ta4tk
  X:012BH         PUBLIC        ta4tk_state
  X:012DH         PUBLIC        printbuf
  X:0164H         PUBLIC        tta_phightime
  X:0167H         PUBLIC        ttb_phightime
  X:016AH         PUBLIC        ttc_phightime
  X:016DH         PUBLIC        ttd_phightime
  X:0170H         PUBLIC        ta1comrecv_tempc
  C:24C0H         PUBLIC        _ta62readdata
  D:00D0H         PUBLIC        PSW
  C:2724H         PUBLIC        _ta1comrecv
  X:0171H         PUBLIC        ta3postcmd_speed
  X:0173H         PUBLIC        M1
  -------         PROC          _M1CONF_T_DEFAULT
  X:01CFH         SYMBOL        t
  C:2F1BH         LINE#         66
  C:2F26H         LINE#         67
  C:2F26H         LINE#         68
  C:2F3AH         LINE#         69
  C:2F4CH         LINE#         70
  C:2F5CH         LINE#         71
  C:2F75H         LINE#         72
  C:2F8AH         LINE#         73
  C:2F94H         LINE#         74
  C:2F9FH         LINE#         75
  C:2FAFH         LINE#         76
  -------         ENDPROC       _M1CONF_T_DEFAULT
  -------         PROC          _M5RUNTIME_T_DEFAULT
  D:0001H         SYMBOL        t
  C:3639H         LINE#         82
  C:3639H         LINE#         83
BL51 BANKED LINKER/LOCATER V6.22                                                      07/26/2017  18:44:54  PAGE 23


  C:3639H         LINE#         84
  C:363DH         LINE#         85
  C:3643H         LINE#         86
  C:364AH         LINE#         87
  C:3654H         LINE#         88
  C:365BH         LINE#         89
  C:3662H         LINE#         90
  C:3669H         LINE#         91
  C:3670H         LINE#         92
  C:3677H         LINE#         93
  -------         ENDPROC       _M5RUNTIME_T_DEFAULT
  -------         PROC          _M12PWM_T_DEFAULT
  D:0001H         SYMBOL        t
  C:3807H         LINE#         99
  C:3807H         LINE#         100
  C:3807H         LINE#         101
  C:380BH         LINE#         102
  C:3811H         LINE#         103
  C:381CH         LINE#         104
  C:3827H         LINE#         105
  C:3832H         LINE#         106
  -------         ENDPROC       _M12PWM_T_DEFAULT
  -------         PROC          _M22ATBUF_T_DEFAULT
  X:01CFH         SYMBOL        t
  C:0046H         LINE#         112
  C:0051H         LINE#         113
  C:0051H         LINE#         114
  C:0060H         LINE#         115
  C:0072H         LINE#         116
  C:0082H         LINE#         117
  -------         ENDPROC       _M22ATBUF_T_DEFAULT
  -------         PROC          _TA4TK
  X:01B1H         SYMBOL        pstate
  -------         DO            
  C:1B3FH         SYMBOL        LL_1
  C:1B51H         SYMBOL        LL_2
  C:1B63H         SYMBOL        LL_3
  C:1B75H         SYMBOL        LL_4
  C:1B87H         SYMBOL        LL_5
  C:1B99H         SYMBOL        LL_6
  C:1BABH         SYMBOL        LL_7
  C:1BBDH         SYMBOL        LL_8
  C:1BCFH         SYMBOL        LL_9
  C:1BE1H         SYMBOL        LL_10
  C:1BF3H         SYMBOL        LL_11
  C:1C05H         SYMBOL        LL_12
  C:1C17H         SYMBOL        LL_13
  C:1C29H         SYMBOL        LL_14
  C:1C3BH         SYMBOL        LL_15
  C:1C4DH         SYMBOL        LL_16
  C:1C5FH         SYMBOL        LL_17
  C:1C71H         SYMBOL        LL_18
  C:1C83H         SYMBOL        LL_19
  C:1C95H         SYMBOL        LL_20
  C:1CA7H         SYMBOL        LL_21
  C:1CB9H         SYMBOL        LL_22
  C:1CCBH         SYMBOL        LL_23
BL51 BANKED LINKER/LOCATER V6.22                                                      07/26/2017  18:44:54  PAGE 24


  C:1CDDH         SYMBOL        LL_24
  C:1CEFH         SYMBOL        LL_25
  C:1D01H         SYMBOL        LL_26
  C:1D13H         SYMBOL        LL_27
  C:1D25H         SYMBOL        LL_28
  C:1D37H         SYMBOL        LL_29
  C:1D49H         SYMBOL        LL_30
  C:1D5BH         SYMBOL        LL_31
  C:1D6DH         SYMBOL        LL_32
  C:1D7EH         SYMBOL        LL_33
  C:1D8FH         SYMBOL        LL_34
  C:1DA0H         SYMBOL        LL_35
  C:1DB1H         SYMBOL        LL_36
  C:1DC2H         SYMBOL        LL_37
  C:1DD3H         SYMBOL        LL_38
  C:1DE4H         SYMBOL        LL_39
  C:1DF6H         SYMBOL        LL_40
  -------         ENDDO         
  C:1A83H         LINE#         70
  C:1A8EH         LINE#         71
  C:1A8EH         LINE#         73
  C:1B2BH         LINE#         74
  C:1B2BH         LINE#         75
  C:1B2DH         LINE#         76
  C:1B2DH         LINE#         77
  C:1B2DH         LINE#         78
  C:1B2DH         LINE#         79
  C:1B2DH         LINE#         80
  C:1B2DH         LINE#         81
  C:1B2DH         LINE#         82
  C:1B2DH         LINE#         83
  C:1B2DH         LINE#         84
  C:1B2DH         LINE#         85
  C:1B2DH         LINE#         86
  C:1B2DH         LINE#         87
  C:1B2DH         LINE#         88
  C:1B2DH         LINE#         89
  C:1B2DH         LINE#         90
  C:1B2DH         LINE#         91
  C:1B2DH         LINE#         92
  C:1B2DH         LINE#         93
  C:1B2DH         LINE#         94
  C:1B2DH         LINE#         95
  C:1B2DH         LINE#         96
  C:1B2DH         LINE#         97
  C:1B2DH         LINE#         98
  C:1B2DH         LINE#         99
  C:1B2DH         LINE#         100
  C:1B2DH         LINE#         101
  C:1B2DH         LINE#         102
  C:1B2DH         LINE#         103
  C:1B2DH         LINE#         104
  C:1B2DH         LINE#         105
  C:1B2DH         LINE#         106
  C:1B2DH         LINE#         107
  C:1B2DH         LINE#         108
  C:1B2DH         LINE#         109
BL51 BANKED LINKER/LOCATER V6.22                                                      07/26/2017  18:44:54  PAGE 25


  C:1B2DH         LINE#         110
  C:1B2DH         LINE#         111
  C:1B2DH         LINE#         112
  C:1B2DH         LINE#         113
  C:1B2DH         LINE#         114
  C:1B2DH         LINE#         115
  C:1B2DH         LINE#         118
  C:1B2DH         LINE#         119
  C:1B2DH         LINE#         121
  C:1B3FH         LINE#         123
  C:1B3FH         LINE#         124
  C:1B51H         LINE#         126
  C:1B51H         LINE#         127
  C:1B63H         LINE#         129
  C:1B63H         LINE#         130
  C:1B75H         LINE#         132
  C:1B75H         LINE#         133
  C:1B87H         LINE#         135
  C:1B87H         LINE#         136
  C:1B99H         LINE#         138
  C:1B99H         LINE#         139
  C:1BABH         LINE#         141
  C:1BABH         LINE#         142
  C:1BBDH         LINE#         144
  C:1BBDH         LINE#         145
  C:1BCFH         LINE#         147
  C:1BCFH         LINE#         148
  C:1BE1H         LINE#         150
  C:1BE1H         LINE#         151
  C:1BF3H         LINE#         153
  C:1BF3H         LINE#         154
  C:1C05H         LINE#         156
  C:1C05H         LINE#         157
  C:1C17H         LINE#         159
  C:1C17H         LINE#         160
  C:1C29H         LINE#         162
  C:1C29H         LINE#         163
  C:1C3BH         LINE#         165
  C:1C3BH         LINE#         166
  C:1C4DH         LINE#         168
  C:1C4DH         LINE#         169
  C:1C5FH         LINE#         171
  C:1C5FH         LINE#         172
  C:1C71H         LINE#         174
  C:1C71H         LINE#         175
  C:1C83H         LINE#         177
  C:1C83H         LINE#         178
  C:1C95H         LINE#         180
  C:1C95H         LINE#         181
  C:1CA7H         LINE#         183
  C:1CA7H         LINE#         184
  C:1CB9H         LINE#         186
  C:1CB9H         LINE#         187
  C:1CCBH         LINE#         189
  C:1CCBH         LINE#         190
  C:1CDDH         LINE#         192
  C:1CDDH         LINE#         193
BL51 BANKED LINKER/LOCATER V6.22                                                      07/26/2017  18:44:54  PAGE 26


  C:1CEFH         LINE#         195
  C:1CEFH         LINE#         196
  C:1D01H         LINE#         198
  C:1D01H         LINE#         199
  C:1D13H         LINE#         201
  C:1D13H         LINE#         202
  C:1D25H         LINE#         204
  C:1D25H         LINE#         205
  C:1D37H         LINE#         207
  C:1D37H         LINE#         208
  C:1D49H         LINE#         210
  C:1D49H         LINE#         211
  C:1D5BH         LINE#         213
  C:1D5BH         LINE#         214
  C:1D6DH         LINE#         216
  C:1D6DH         LINE#         217
  C:1D7EH         LINE#         219
  C:1D7EH         LINE#         220
  C:1D8FH         LINE#         222
  C:1D8FH         LINE#         223
  C:1DA0H         LINE#         225
  C:1DA0H         LINE#         226
  C:1DB1H         LINE#         228
  C:1DB1H         LINE#         229
  C:1DC2H         LINE#         231
  C:1DC2H         LINE#         232
  C:1DD3H         LINE#         234
  C:1DD3H         LINE#         235
  C:1DE4H         LINE#         237
  C:1DE4H         LINE#         238
  C:1DF6H         LINE#         240
  C:1DF6H         LINE#         242
  C:1DFCH         LINE#         243
  -------         ENDPROC       _TA4TK
  -------         PROC          _TTA
  X:01AEH         SYMBOL        pstate
  -------         DO            
  C:243EH         SYMBOL        LL_1
  C:24BBH         SYMBOL        LL_2
  -------         ENDDO         
  C:2373H         LINE#         98
  C:237EH         LINE#         99
  C:237EH         LINE#         101
  C:2392H         LINE#         102
  C:2392H         LINE#         103
  C:2395H         LINE#         104
  C:2395H         LINE#         105
  C:2395H         LINE#         108
  C:23A3H         LINE#         110
  C:23B1H         LINE#         112
  C:23EAH         LINE#         115
  C:23EAH         LINE#         116
  C:23EAH         LINE#         145
  C:23EAH         LINE#         146
  C:23EAH         LINE#         147
  C:2423H         LINE#         148
  C:2429H         LINE#         149
BL51 BANKED LINKER/LOCATER V6.22                                                      07/26/2017  18:44:54  PAGE 27


  C:242DH         LINE#         151
  C:243EH         LINE#         153
  C:243EH         LINE#         155
  C:2440H         LINE#         157
  C:2449H         LINE#         159
  C:2449H         LINE#         162
  C:2449H         LINE#         163
  C:2449H         LINE#         164
  C:2475H         LINE#         165
  C:247BH         LINE#         166
  C:247FH         LINE#         170
  C:24A9H         LINE#         172
  C:24BBH         LINE#         174
  C:24BBH         LINE#         176
  C:24BDH         LINE#         177
  C:24BDH         LINE#         178
  -------         ENDPROC       _TTA
  -------         PROC          _TTB
  X:01BCH         SYMBOL        pstate
  -------         DO            
  C:291BH         SYMBOL        LL_1
  C:2965H         SYMBOL        LL_2
  -------         ENDDO         
  C:2852H         LINE#         66
  C:285DH         LINE#         67
  C:285DH         LINE#         69
  C:286FH         LINE#         70
  C:286FH         LINE#         71
  C:2872H         LINE#         72
  C:2872H         LINE#         73
  C:2872H         LINE#         76
  C:2880H         LINE#         78
  C:288EH         LINE#         80
  C:28C7H         LINE#         83
  C:28C7H         LINE#         84
  C:28C7H         LINE#         85
  C:28C7H         LINE#         86
  C:28C7H         LINE#         87
  C:2900H         LINE#         88
  C:2906H         LINE#         89
  C:290AH         LINE#         92
  C:291BH         LINE#         94
  C:291BH         LINE#         96
  C:291DH         LINE#         97
  C:291DH         LINE#         100
  C:291DH         LINE#         101
  C:291DH         LINE#         102
  C:2949H         LINE#         103
  C:294FH         LINE#         104
  C:2953H         LINE#         107
  C:2965H         LINE#         109
  C:2965H         LINE#         111
  C:2967H         LINE#         112
  C:2967H         LINE#         114
  -------         ENDPROC       _TTB
  -------         PROC          _TTC
  X:01BFH         SYMBOL        pstate
BL51 BANKED LINKER/LOCATER V6.22                                                      07/26/2017  18:44:54  PAGE 28


  -------         DO            
  C:2A33H         SYMBOL        LL_1
  C:2A7DH         SYMBOL        LL_2
  -------         ENDDO         
  C:296AH         LINE#         68
  C:2975H         LINE#         69
  C:2975H         LINE#         71
  C:2987H         LINE#         72
  C:2987H         LINE#         73
  C:298AH         LINE#         74
  C:298AH         LINE#         75
  C:298AH         LINE#         78
  C:2998H         LINE#         80
  C:29A6H         LINE#         82
  C:29DFH         LINE#         85
  C:29DFH         LINE#         86
  C:29DFH         LINE#         87
  C:29DFH         LINE#         88
  C:29DFH         LINE#         89
  C:2A18H         LINE#         90
  C:2A1EH         LINE#         91
  C:2A22H         LINE#         94
  C:2A33H         LINE#         96
  C:2A33H         LINE#         98
  C:2A35H         LINE#         99
  C:2A35H         LINE#         102
  C:2A35H         LINE#         103
  C:2A35H         LINE#         104
  C:2A61H         LINE#         105
  C:2A67H         LINE#         106
  C:2A6BH         LINE#         111
  C:2A7DH         LINE#         113
  C:2A7DH         LINE#         115
  C:2A7FH         LINE#         116
  C:2A7FH         LINE#         118
  -------         ENDPROC       _TTC
  -------         PROC          _TTD
  X:01C2H         SYMBOL        pstate
  -------         DO            
  C:2B4BH         SYMBOL        LL_1
  C:2B95H         SYMBOL        LL_2
  -------         ENDDO         
  C:2A82H         LINE#         68
  C:2A8DH         LINE#         69
  C:2A8DH         LINE#         71
  C:2A9FH         LINE#         72
  C:2A9FH         LINE#         73
  C:2AA2H         LINE#         74
  C:2AA2H         LINE#         75
  C:2AA2H         LINE#         78
  C:2AB0H         LINE#         80
  C:2ABEH         LINE#         82
  C:2AF7H         LINE#         85
  C:2AF7H         LINE#         86
  C:2AF7H         LINE#         87
  C:2AF7H         LINE#         88
  C:2AF7H         LINE#         89
BL51 BANKED LINKER/LOCATER V6.22                                                      07/26/2017  18:44:54  PAGE 29


  C:2B30H         LINE#         90
  C:2B36H         LINE#         91
  C:2B3AH         LINE#         94
  C:2B4BH         LINE#         96
  C:2B4BH         LINE#         98
  C:2B4DH         LINE#         99
  C:2B4DH         LINE#         102
  C:2B4DH         LINE#         103
  C:2B4DH         LINE#         104
  C:2B79H         LINE#         105
  C:2B7FH         LINE#         106
  C:2B83H         LINE#         111
  C:2B95H         LINE#         113
  C:2B95H         LINE#         115
  C:2B97H         LINE#         116
  C:2B97H         LINE#         118
  -------         ENDPROC       _TTD
  -------         PROC          _TA1COMRECV
  X:01C5H         SYMBOL        pstate
  -------         DO            
  C:2764H         SYMBOL        LL_1
  C:2781H         SYMBOL        LL_2
  C:27D1H         SYMBOL        LL_3
  C:2747H         SYMBOL        LLL_10
  C:2769H         SYMBOL        LLL_5
  C:27AEH         SYMBOL        LLL_8
  C:281EH         SYMBOL        LLL_9
  -------         ENDDO         
  C:2724H         LINE#         113
  C:272FH         LINE#         114
  C:272FH         LINE#         116
  C:2745H         LINE#         117
  C:2745H         LINE#         118
  C:2747H         LINE#         119
  C:2747H         LINE#         120
  C:2747H         LINE#         121
  C:2747H         LINE#         123
  C:2747H         LINE#         124
  C:2747H         LINE#         126
  C:2747H         LINE#         127
  C:274DH         LINE#         128
  C:274DH         LINE#         129
  C:2750H         LINE#         130
  C:2752H         LINE#         132
  C:2752H         LINE#         133
  C:2763H         LINE#         135
  C:2763H         LINE#         137
  C:2769H         LINE#         138
  C:2769H         LINE#         140
  C:2770H         LINE#         141
  C:2770H         LINE#         143
  C:2770H         LINE#         147
  C:2770H         LINE#         148
  C:2781H         LINE#         150
  C:2781H         LINE#         151
  C:2787H         LINE#         152
  C:278BH         LINE#         153
BL51 BANKED LINKER/LOCATER V6.22                                                      07/26/2017  18:44:54  PAGE 30


  C:278BH         LINE#         155
  C:278BH         LINE#         159
  C:278BH         LINE#         163
  C:2799H         LINE#         164
  C:279EH         LINE#         165
  C:27ACH         LINE#         166
  C:27AEH         LINE#         167
  C:27BFH         LINE#         174
  C:27D1H         LINE#         176
  C:27D1H         LINE#         177
  C:27D7H         LINE#         180
  C:27DDH         LINE#         181
  C:27DDH         LINE#         182
  C:27DDH         LINE#         183
  C:27DDH         LINE#         186
  C:27EFH         LINE#         187
  C:27EFH         LINE#         188
  C:27EFH         LINE#         189
  C:27EFH         LINE#         191
  C:27F8H         LINE#         192
  C:27F8H         LINE#         193
  C:27F8H         LINE#         194
  C:27F8H         LINE#         196
  C:27F8H         LINE#         197
  C:27F8H         LINE#         198
  C:280CH         LINE#         199
  C:2812H         LINE#         200
  C:281CH         LINE#         202
  C:281EH         LINE#         203
  C:281EH         LINE#         205
  C:281EH         LINE#         207
  C:2827H         LINE#         208
  C:2827H         LINE#         209
  C:2839H         LINE#         210
  C:2849H         LINE#         211
  C:284FH         LINE#         212
  C:284FH         LINE#         214
  -------         ENDPROC       _TA1COMRECV
  -------         PROC          _TA3POSTCMD
  X:01CFH         SYMBOL        pstate
  -------         DO            
  C:117CH         SYMBOL        LL_1
  C:115CH         SYMBOL        LLL_15
  -------         ENDDO         
  C:0C85H         LINE#         287
  C:0C90H         LINE#         288
  C:0C90H         LINE#         290
  C:0C96H         LINE#         291
  C:0C96H         LINE#         292
  C:0C96H         LINE#         293
  C:0C96H         LINE#         295
  C:0C96H         LINE#         296
  C:0C96H         LINE#         297
  C:0C9FH         LINE#         298
  C:0C9FH         LINE#         304
  C:0CA2H         LINE#         305
  C:0CB0H         LINE#         306
BL51 BANKED LINKER/LOCATER V6.22                                                      07/26/2017  18:44:54  PAGE 31


  C:0CC6H         LINE#         307
  C:0CC6H         LINE#         308
  C:0CCFH         LINE#         309
  C:0CDAH         LINE#         310
  C:0CE3H         LINE#         312
  C:0CF2H         LINE#         313
  C:0CF2H         LINE#         314
  C:0CF8H         LINE#         316
  C:0CFBH         LINE#         317
  C:0CFBH         LINE#         319
  C:0D04H         LINE#         320
  C:0D17H         LINE#         321
  C:0D17H         LINE#         322
  C:0D1DH         LINE#         324
  C:0D20H         LINE#         325
  C:0D20H         LINE#         327
  C:0D2BH         LINE#         329
  C:0D3FH         LINE#         330
  C:0D3FH         LINE#         331
  C:0D45H         LINE#         333
  C:0D48H         LINE#         334
  C:0D48H         LINE#         336
  C:0D51H         LINE#         337
  C:0D64H         LINE#         338
  C:0D64H         LINE#         339
  C:0D6AH         LINE#         341
  C:0D6DH         LINE#         342
  C:0D6DH         LINE#         344
  C:0D78H         LINE#         349
  C:0D84H         LINE#         350
  C:0D84H         LINE#         351
  C:0D8EH         LINE#         352
  C:0D8EH         LINE#         353
  C:0D90H         LINE#         354
  C:0D9CH         LINE#         355
  C:0D9CH         LINE#         356
  C:0DA6H         LINE#         357
  C:0DA6H         LINE#         358
  C:0DA8H         LINE#         359
  C:0DB4H         LINE#         360
  C:0DB4H         LINE#         361
  C:0DBEH         LINE#         362
  C:0DBEH         LINE#         363
  C:0DC0H         LINE#         364
  C:0DCCH         LINE#         365
  C:0DCCH         LINE#         366
  C:0DDBH         LINE#         367
  C:0E05H         LINE#         368
  C:0E05H         LINE#         371
  C:0E0BH         LINE#         373
  C:0E0EH         LINE#         375
  C:0E0EH         LINE#         377
  C:0E0EH         LINE#         378
  C:0E11H         LINE#         379
  C:0E11H         LINE#         391
  C:0E14H         LINE#         392
  C:0E22H         LINE#         393
BL51 BANKED LINKER/LOCATER V6.22                                                      07/26/2017  18:44:54  PAGE 32


  C:0E38H         LINE#         394
  C:0E38H         LINE#         395
  C:0E3FH         LINE#         396
  C:0E3FH         LINE#         397
  C:0E62H         LINE#         399
  C:0E82H         LINE#         400
  C:0E82H         LINE#         401
  C:0E88H         LINE#         403
  C:0E8BH         LINE#         404
  C:0E8BH         LINE#         406
  C:0E97H         LINE#         407
  C:0E97H         LINE#         408
  C:0EA0H         LINE#         409
  C:0EB3H         LINE#         410
  C:0EB3H         LINE#         411
  C:0EB9H         LINE#         413
  C:0EBCH         LINE#         414
  C:0EBCH         LINE#         415
  C:0EBCH         LINE#         417
  C:0EDCH         LINE#         419
  C:0EE5H         LINE#         420
  C:0EF8H         LINE#         421
  C:0EF8H         LINE#         422
  C:0EFEH         LINE#         424
  C:0F01H         LINE#         425
  C:0F01H         LINE#         427
  C:0F0CH         LINE#         432
  C:0F1BH         LINE#         433
  C:0F2AH         LINE#         434
  C:0F39H         LINE#         435
  C:0F48H         LINE#         437
  C:0F72H         LINE#         440
  C:0F78H         LINE#         442
  C:0F7BH         LINE#         444
  C:0F7BH         LINE#         446
  C:0F7BH         LINE#         447
  C:0F7EH         LINE#         448
  C:0F7EH         LINE#         455
  C:0F81H         LINE#         456
  C:0F8FH         LINE#         457
  C:0FA5H         LINE#         458
  C:0FA5H         LINE#         459
  C:0FB0H         LINE#         461
  C:0FB8H         LINE#         462
  C:0FB8H         LINE#         463
  C:0FBEH         LINE#         465
  C:0FC1H         LINE#         466
  C:0FC1H         LINE#         469
  C:0FCAH         LINE#         470
  C:0FDDH         LINE#         471
  C:0FDDH         LINE#         472
  C:0FE3H         LINE#         474
  C:0FE6H         LINE#         475
  C:0FE6H         LINE#         477
  C:0FF1H         LINE#         482
  C:109CH         LINE#         486
  C:10A2H         LINE#         490
BL51 BANKED LINKER/LOCATER V6.22                                                      07/26/2017  18:44:54  PAGE 33


  C:10A5H         LINE#         492
  C:10A5H         LINE#         494
  C:10A5H         LINE#         495
  C:10A8H         LINE#         496
  C:10A8H         LINE#         503
  C:10ABH         LINE#         504
  C:10B9H         LINE#         505
  C:10CFH         LINE#         506
  C:10CFH         LINE#         507
  C:10DAH         LINE#         510
  C:10E3H         LINE#         511
  C:10F6H         LINE#         512
  C:10F6H         LINE#         513
  C:10FCH         LINE#         515
  C:10FEH         LINE#         516
  C:10FEH         LINE#         518
  C:1109H         LINE#         523
  C:1148H         LINE#         525
  C:114EH         LINE#         529
  C:1150H         LINE#         531
  C:1150H         LINE#         533
  C:1150H         LINE#         534
  C:1153H         LINE#         535
  C:1153H         LINE#         542
  C:115CH         LINE#         544
  C:115CH         LINE#         545
  C:115CH         LINE#         546
  C:115CH         LINE#         548
  C:1162H         LINE#         549
  C:1162H         LINE#         550
  C:1164H         LINE#         551
  C:1164H         LINE#         552
  -------         ENDPROC       _TA3POSTCMD
  -------         PROC          _TA62READDATA
  X:01CFH         SYMBOL        pstate
  -------         DO            
  C:2539H         SYMBOL        LL_1
  C:258BH         SYMBOL        LL_2
  C:25DDH         SYMBOL        LL_3
  C:25F5H         SYMBOL        LL_4
  -------         ENDDO         
  C:24C0H         LINE#         74
  C:24CBH         LINE#         75
[...]
  C:3BB7H         LINE#         193
  C:3BB9H         LINE#         194
  C:3BB9H         LINE#         195
  C:3BB9H         LINE#         196
  C:3BBCH         LINE#         197
  C:3BBEH         LINE#         198
  -------         ENDPROC       I2C_STOP
  -------         PROC          I2C_NOACK
  C:0003H         LINE#         226
  C:0003H         LINE#         227
  C:0003H         LINE#         228
  C:0003H         LINE#         229
  C:0003H         LINE#         230
  C:0003H         LINE#         231
  C:0003H         LINE#         232
  C:0003H         LINE#         233
  C:0006H         LINE#         234
  C:0008H         LINE#         235
  -------         ENDPROC       I2C_NOACK
  -------         PROC          L?0075
  -------         ENDPROC       L?0075
  -------         PROC          I2C_WAITACK
  C:002BH         LINE#         244
  C:002BH         LINE#         245
  C:002BH         LINE#         246
  C:002BH         LINE#         247
  C:002BH         LINE#         248
  C:002BH         LINE#         249
  C:002BH         LINE#         250
  C:002BH         LINE#         251
  C:002EH         LINE#         252
  C:0031H         LINE#         253
BL51 BANKED LINKER/LOCATER V6.22                                                      07/26/2017  18:44:54  PAGE 41


  C:0031H         LINE#         254
  C:0033H         LINE#         255
  C:0036H         LINE#         256
  C:0039H         LINE#         257
  C:0039H         LINE#         258
  C:003BH         LINE#         259
  C:003EH         LINE#         260
  C:0040H         LINE#         261
  -------         ENDPROC       I2C_WAITACK
  -------         PROC          _I2C_SENDBYTE
  D:0006H         SYMBOL        SendByte
  -------         DO            
  D:0005H         SYMBOL        i
  -------         ENDDO         
  C:3A0DH         LINE#         269
  C:3A0FH         LINE#         270
  C:3A0FH         LINE#         271
  C:3A11H         LINE#         272
  C:3A17H         LINE#         273
  C:3A17H         LINE#         274
  C:3A19H         LINE#         275
  C:3A1CH         LINE#         276
  C:3A20H         LINE#         277
  C:3A24H         LINE#         279
  C:3A26H         LINE#         280
  C:3A2AH         LINE#         281
  C:3A2AH         LINE#         282
  C:3A2AH         LINE#         283
  C:3A2DH         LINE#         284
  C:3A2FH         LINE#         285
  C:3A31H         LINE#         286
  -------         ENDPROC       _I2C_SENDBYTE
  -------         PROC          I2C_RADEBYTE
  -------         DO            
  D:0006H         SYMBOL        i
  D:0005H         SYMBOL        ReceiveByte
  -------         ENDDO         
  C:3A32H         LINE#         294
  C:3A32H         LINE#         295
  C:3A32H         LINE#         296
  C:3A34H         LINE#         297
  C:3A36H         LINE#         299
  C:3A38H         LINE#         300
  C:3A3EH         LINE#         301
  C:3A3EH         LINE#         302
  C:3A42H         LINE#         303
  C:3A44H         LINE#         304
  C:3A44H         LINE#         305
  C:3A44H         LINE#         306
  C:3A47H         LINE#         307
  C:3A4AH         LINE#         308
  C:3A4AH         LINE#         309
  C:3A4DH         LINE#         310
  C:3A4DH         LINE#         311
  C:3A4FH         LINE#         312
  C:3A51H         LINE#         313
  C:3A53H         LINE#         314
BL51 BANKED LINKER/LOCATER V6.22                                                      07/26/2017  18:44:54  PAGE 42


  -------         ENDPROC       I2C_RADEBYTE
  -------         PROC          _SINGLE_WRITE
  D:0006H         SYMBOL        SlaveAddress
  D:0004H         SYMBOL        REG_Address
  D:0003H         SYMBOL        REG_data
  C:3940H         LINE#         318
  C:3944H         LINE#         319
  C:3944H         LINE#         320
  C:394CH         LINE#         321
  C:3951H         LINE#         322
  C:395CH         LINE#         323
  C:395CH         LINE#         324
  C:395FH         LINE#         325
  C:3964H         LINE#         326
  C:3967H         LINE#         327
  C:396AH         LINE#         328
  C:396DH         LINE#         329
  C:396FH         LINE#         330
  -------         ENDPROC       _SINGLE_WRITE
  -------         PROC          _SINGLE_READ
  D:0004H         SYMBOL        SlaveAddress
  D:0003H         SYMBOL        REG_Address
  -------         DO            
  D:0006H         SYMBOL        REG_data
  -------         ENDDO         
  C:3706H         LINE#         333
  C:370AH         LINE#         334
  C:370AH         LINE#         335
  C:3712H         LINE#         336
  C:3712H         LINE#         337
  C:3718H         LINE#         338
  C:3718H         LINE#         339
  C:371BH         LINE#         341
  C:3721H         LINE#         342
  C:3721H         LINE#         343
  C:3726H         LINE#         344
  C:3729H         LINE#         345
  C:372CH         LINE#         346
  C:3732H         LINE#         347
  C:3735H         LINE#         349
  C:373AH         LINE#         350
  C:373DH         LINE#         351
  C:3740H         LINE#         352
  C:3746H         LINE#         353
  C:3748H         LINE#         355
  -------         ENDPROC       _SINGLE_READ
  -------         PROC          INIT_MPU9250
  C:35A5H         LINE#         361
  C:35A5H         LINE#         362
  C:35A5H         LINE#         364
  C:35B6H         LINE#         365
  C:35BFH         LINE#         366
  C:35C4H         LINE#         375
  C:35CCH         LINE#         376
  C:35D5H         LINE#         377
  C:35DEH         LINE#         378
  C:35E7H         LINE#         379
BL51 BANKED LINKER/LOCATER V6.22                                                      07/26/2017  18:44:54  PAGE 43


  -------         ENDPROC       INIT_MPU9250
  -------         PROC          READ_MPU9250_ACCEL
  C:2049H         LINE#         387
  C:2049H         LINE#         388
  C:2049H         LINE#         390
  C:205EH         LINE#         391
  C:2073H         LINE#         392
  C:2087H         LINE#         394
  C:20A6H         LINE#         395
  C:20D0H         LINE#         397
  C:20E5H         LINE#         398
  C:20FAH         LINE#         399
  C:210EH         LINE#         401
  C:2132H         LINE#         402
  C:215CH         LINE#         404
  C:216EH         LINE#         405
  C:2180H         LINE#         406
  C:2194H         LINE#         408
  C:21B6H         LINE#         409
  C:21E0H         LINE#         411
  -------         ENDPROC       READ_MPU9250_ACCEL
  -------         PROC          READ_MPU9250_GYRO
  C:1DFFH         LINE#         414
  C:1DFFH         LINE#         415
  C:1DFFH         LINE#         417
  C:1E14H         LINE#         418
  C:1E29H         LINE#         419
  C:1E3DH         LINE#         421
  C:1E5CH         LINE#         422
  C:1E87H         LINE#         424
  C:1E9CH         LINE#         425
  C:1EB1H         LINE#         426
  C:1EC5H         LINE#         428
  C:1EE9H         LINE#         429
  C:1F14H         LINE#         431
  C:1F29H         LINE#         432
  C:1F3EH         LINE#         433
  C:1F52H         LINE#         435
  C:1F74H         LINE#         436
  C:1F9FH         LINE#         441
  C:1FB4H         LINE#         442
  C:1FC9H         LINE#         443
  C:1FDDH         LINE#         445
  C:2001H         LINE#         446
  C:2048H         LINE#         447
  -------         ENDPROC       READ_MPU9250_GYRO
  -------         PROC          READ_MPU9250_MAG
  C:21E1H         LINE#         450
  C:21E1H         LINE#         451
  C:21E1H         LINE#         452
  C:21EAH         LINE#         453
  C:21EDH         LINE#         454
  C:21F6H         LINE#         455
  C:21F9H         LINE#         456
  C:220EH         LINE#         457
  C:2223H         LINE#         458
  C:2237H         LINE#         459
BL51 BANKED LINKER/LOCATER V6.22                                                      07/26/2017  18:44:54  PAGE 44


  C:2256H         LINE#         460
  C:2276H         LINE#         462
  C:228BH         LINE#         463
  C:22A0H         LINE#         464
  C:22B4H         LINE#         465
  C:22D8H         LINE#         466
  C:22F8H         LINE#         468
  C:230AH         LINE#         469
  C:231CH         LINE#         470
  C:2330H         LINE#         471
  C:2352H         LINE#         472
  C:2372H         LINE#         473
  -------         ENDPROC       READ_MPU9250_MAG
  -------         ENDMOD        MPU9250IICA

  -------         MODULE        UNIQ_ID
  C:0000H         SYMBOL        _ICE_DUMMY_
  D:0080H         PUBLIC        P0
  D:0090H         PUBLIC        P1
  D:00A0H         PUBLIC        P2
  D:00B0H         PUBLIC        P3
  D:00C0H         PUBLIC        P4
  D:00C8H         PUBLIC        P5
  D:00E8H         PUBLIC        P6
  D:00F8H         PUBLIC        P7
  D:00A8H         PUBLIC        IE
  D:00B8H         PUBLIC        IP
  D:00D8H         PUBLIC        CCON
  D:0098H         PUBLIC        SCON
  D:0088H         PUBLIC        TCON
  D:00D0H         PUBLIC        PSW
  -------         ENDMOD        UNIQ_ID

  -------         MODULE        STC12_ADC
  C:0000H         SYMBOL        _ICE_DUMMY_
  D:0090H         PUBLIC        P1
  D:00B0H         PUBLIC        P3
  D:00A8H         PUBLIC        IE
  D:00BDH         PUBLIC        ADC_RES
  D:00B8H         PUBLIC        IP
  D:00BCH         PUBLIC        ADC_CONTR
  D:0098H         PUBLIC        SCON
  D:0088H         PUBLIC        TCON
  D:00BEH         PUBLIC        ADC_LOW2
  D:009DH         PUBLIC        P1ASF
  C:3B93H         PUBLIC        _InitADC
  D:00C8H         PUBLIC        T2CON
  C:39E7H         PUBLIC        _GetADCResult
  D:00D0H         PUBLIC        PSW
  -------         PROC          _INITADC
  D:0007H         SYMBOL        ch_map
  C:3B93H         LINE#         32
  C:3B93H         LINE#         33
  C:3B93H         LINE#         34
  C:3B95H         LINE#         35
  C:3B98H         LINE#         36
  C:3B9AH         LINE#         37
BL51 BANKED LINKER/LOCATER V6.22                                                      07/26/2017  18:44:54  PAGE 45


  C:3B9DH         LINE#         38
  -------         ENDPROC       _INITADC
  -------         PROC          _GETADCRESULT
  D:0007H         SYMBOL        ch
  -------         DO            
  D:0006H         SYMBOL        j
  -------         ENDDO         
  C:39E7H         LINE#         46
  C:39E7H         LINE#         47
  C:39E7H         LINE#         50
  C:39ECH         LINE#         53
  C:39EEH         LINE#         54
  C:39F0H         LINE#         56
  C:39F5H         LINE#         58
  C:39F8H         LINE#         60
  C:39FCH         LINE#         61
  C:3A07H         LINE#         62
  C:3A0CH         LINE#         64
  C:3A0CH         LINE#         65
  -------         ENDPROC       _GETADCRESULT
  -------         ENDMOD        STC12_ADC

  -------         MODULE        ?C?FPADD
  C:00ADH         PUBLIC        ?C?FPADD
  C:00A9H         PUBLIC        ?C?FPSUB
  -------         ENDMOD        ?C?FPADD

  -------         MODULE        ?C?FPDIV
  C:01A1H         PUBLIC        ?C?FPDIV
  -------         ENDMOD        ?C?FPDIV

  -------         MODULE        ?C?FCAST
  C:0248H         PUBLIC        ?C?FCASTC
  C:0243H         PUBLIC        ?C?FCASTI
  C:023EH         PUBLIC        ?C?FCASTL
  -------         ENDMOD        ?C?FCAST

  -------         MODULE        PRINTF
  X:01D2H         PUBLIC        ?_PRINTF?BYTE
  X:01D2H         PUBLIC        ?_SPRINTF?BYTE
  C:166BH         PUBLIC        _PRINTF
  C:1665H         PUBLIC        _SPRINTF
  -------         ENDMOD        PRINTF

  -------         MODULE        ?C?FPROUND
  C:02C6H         PUBLIC        ?C?FPROUND
  -------         ENDMOD        ?C?FPROUND

  -------         MODULE        ?C?FPCONVERT
  C:0303H         PUBLIC        ?C?FPCONVERT
  -------         ENDMOD        ?C?FPCONVERT

  -------         MODULE        ?C?FPMUL
  C:0408H         PUBLIC        ?C?FPMUL
  -------         ENDMOD        ?C?FPMUL

  -------         MODULE        ?C?FTNPWR
BL51 BANKED LINKER/LOCATER V6.22                                                      07/26/2017  18:44:54  PAGE 46


  C:053EH         PUBLIC        ?C?FTNPWR
  -------         ENDMOD        ?C?FTNPWR

  -------         MODULE        ?C?COPY
  C:064EH         PUBLIC        ?C?COPY
  -------         ENDMOD        ?C?COPY

  -------         MODULE        ?C?CLDPTR
  C:0674H         PUBLIC        ?C?CLDPTR
  -------         ENDMOD        ?C?CLDPTR

  -------         MODULE        ?C?CLDOPTR
  C:068DH         PUBLIC        ?C?CLDOPTR
  -------         ENDMOD        ?C?CLDOPTR

  -------         MODULE        ?C?CILDOPTR
  C:06BAH         PUBLIC        ?C?CILDOPTR
  -------         ENDMOD        ?C?CILDOPTR

  -------         MODULE        ?C?CSTPTR
  C:06EDH         PUBLIC        ?C?CSTPTR
  -------         ENDMOD        ?C?CSTPTR

  -------         MODULE        ?C?CSTOPTR
  C:06FFH         PUBLIC        ?C?CSTOPTR
  -------         ENDMOD        ?C?CSTOPTR

  -------         MODULE        ?C?UIDIV
  C:0721H         PUBLIC        ?C?UIDIV
  -------         ENDMOD        ?C?UIDIV

  -------         MODULE        ?C?ILDPTR
  C:0776H         PUBLIC        ?C?ILDPTR
  -------         ENDMOD        ?C?ILDPTR

  -------         MODULE        ?C?ILDOPTR
  C:07A1H         PUBLIC        ?C?ILDOPTR
  -------         ENDMOD        ?C?ILDOPTR

  -------         MODULE        ?C?IILDOPTR
  C:07D9H         PUBLIC        ?C?IILDOPTR
  -------         ENDMOD        ?C?IILDOPTR

  -------         MODULE        ?C?ISTPTR
  C:0826H         PUBLIC        ?C?ISTPTR
  -------         ENDMOD        ?C?ISTPTR

  -------         MODULE        ?C?ISTOPTR
  C:0845H         PUBLIC        ?C?ISTOPTR
  -------         ENDMOD        ?C?ISTOPTR

  -------         MODULE        ?C?LMUL
  C:0872H         PUBLIC        ?C?LMUL
  -------         ENDMOD        ?C?LMUL

  -------         MODULE        ?C?ULDIV
  C:08FDH         PUBLIC        ?C?ULDIV
BL51 BANKED LINKER/LOCATER V6.22                                                      07/26/2017  18:44:54  PAGE 47


  -------         ENDMOD        ?C?ULDIV

  -------         MODULE        ?C?SLDIV
  C:36C2H         PUBLIC        ?C?SLDIV
  -------         ENDMOD        ?C?SLDIV

  -------         MODULE        ?C?LNEG
  C:098FH         PUBLIC        ?C?LNEG
  -------         ENDMOD        ?C?LNEG

  -------         MODULE        ?C?ULCMP
  C:099DH         PUBLIC        ?C?ULCMP
  -------         ENDMOD        ?C?ULCMP

  -------         MODULE        ?C?ULSHR
  C:09AEH         PUBLIC        ?C?ULSHR
  -------         ENDMOD        ?C?ULSHR

  -------         MODULE        ?C?SLSHR
  C:09C1H         PUBLIC        ?C?SLSHR
  -------         ENDMOD        ?C?SLSHR

  -------         MODULE        ?C?LSHL
  C:09D5H         PUBLIC        ?C?LSHL
  -------         ENDMOD        ?C?LSHL

  -------         MODULE        ?C?LLDPTR
  C:09E8H         PUBLIC        ?C?LLDPTR
  -------         ENDMOD        ?C?LLDPTR

  -------         MODULE        ?C?LLDOPTR
  C:0A08H         PUBLIC        ?C?LLDOPTR
  -------         ENDMOD        ?C?LLDOPTR

  -------         MODULE        ?C?LSTPTR
  C:0A38H         PUBLIC        ?C?LSTPTR
  -------         ENDMOD        ?C?LSTPTR

  -------         MODULE        ?C?LSTOPTR
  C:0A52H         PUBLIC        ?C?LSTOPTR
  -------         ENDMOD        ?C?LSTOPTR

  -------         MODULE        ?C?LSTXDATA
  C:0A76H         PUBLIC        ?C?LSTXDATA
  -------         ENDMOD        ?C?LSTXDATA

  -------         MODULE        ?C?LSTKXDATA
  C:0A82H         PUBLIC        ?C?LSTKXDATA
  -------         ENDMOD        ?C?LSTKXDATA

  -------         MODULE        ?C?LSTKOPTR
  C:0AB3H         PUBLIC        ?C?LSTKOPTR
  -------         ENDMOD        ?C?LSTKOPTR

  -------         MODULE        ?C?PLDIXDATA
  C:0AD7H         PUBLIC        ?C?PLDIXDATA
  -------         ENDMOD        ?C?PLDIXDATA
BL51 BANKED LINKER/LOCATER V6.22                                                      07/26/2017  18:44:54  PAGE 48



  -------         MODULE        ?C?PSTXDATA
  C:0AEEH         PUBLIC        ?C?PSTXDATA
  -------         ENDMOD        ?C?PSTXDATA

  -------         MODULE        ?C?PLDPTR
  C:0AF7H         PUBLIC        ?C?PLDPTR
  -------         ENDMOD        ?C?PLDPTR

  -------         MODULE        ?C?PSTPTR
  C:0B17H         PUBLIC        ?C?PSTPTR
  -------         ENDMOD        ?C?PSTPTR

  -------         MODULE        ?C?CCASE
  C:0B66H         PUBLIC        ?C?CCASE
  -------         ENDMOD        ?C?CCASE

  -------         MODULE        PUTCHAR
  C:39C0H         PUBLIC        _PUTCHAR
  -------         ENDMOD        PUTCHAR

  -------         MODULE        ?C?MEMSET
  C:0B8CH         PUBLIC        ?C?MEMSET
  -------         ENDMOD        ?C?MEMSET

  -------         MODULE        ?C?IILDX
  C:0BB8H         PUBLIC        ?C?IILDX
  -------         ENDMOD        ?C?IILDX

  -------         MODULE        ?C?LLDIDATA
  C:0BCEH         PUBLIC        ?C?LLDIDATA
  -------         ENDMOD        ?C?LLDIDATA

  -------         MODULE        ?C?LLDXDATA
  C:0BDAH         PUBLIC        ?C?LLDXDATA
  -------         ENDMOD        ?C?LLDXDATA

  -------         MODULE        ?C?LLDPDATA
  C:0BE6H         PUBLIC        ?C?LLDPDATA
  -------         ENDMOD        ?C?LLDPDATA

  -------         MODULE        ?C?LLDCODE
  C:0BF2H         PUBLIC        ?C?LLDCODE
  -------         ENDMOD        ?C?LLDCODE

  -------         MODULE        ?C?LSTIDATA
  C:0C02H         PUBLIC        ?C?LSTIDATA
  -------         ENDMOD        ?C?LSTIDATA

  -------         MODULE        ?C?LSTPDATA
  C:0C0EH         PUBLIC        ?C?LSTPDATA
  -------         ENDMOD        ?C?LSTPDATA

  -------         MODULE        ?C?LSTKIDATA
  C:0C1AH         PUBLIC        ?C?LSTKIDATA
  -------         ENDMOD        ?C?LSTKIDATA

BL51 BANKED LINKER/LOCATER V6.22                                                      07/26/2017  18:44:54  PAGE 49


  -------         MODULE        ?C?LSTKPDATA
  C:0C33H         PUBLIC        ?C?LSTKPDATA
  -------         ENDMOD        ?C?LSTKPDATA

  -------         MODULE        ?C?PLDIDATA
  C:0C4CH         PUBLIC        ?C?PLDIDATA
  -------         ENDMOD        ?C?PLDIDATA

  -------         MODULE        ?C?PSTIDATA
  C:0C55H         PUBLIC        ?C?PSTIDATA
  -------         ENDMOD        ?C?PSTIDATA

  -------         MODULE        ?C?PLDXDATA
  C:0C5EH         PUBLIC        ?C?PLDXDATA
  -------         ENDMOD        ?C?PLDXDATA

  -------         MODULE        ?C?PLDPDATA
  C:0C67H         PUBLIC        ?C?PLDPDATA
  -------         ENDMOD        ?C?PLDPDATA

  -------         MODULE        ?C?PSTPDATA
  C:0C70H         PUBLIC        ?C?PSTPDATA
  -------         ENDMOD        ?C?PSTPDATA

  -------         MODULE        ?C?PLDCODE
  C:0C79H         PUBLIC        ?C?PLDCODE
  -------         ENDMOD        ?C?PLDCODE

*** WARNING L16: UNCALLED SEGMENT, IGNORED FOR OVERLAY PROCESS
    SEGMENT: ?PR?_COM2SENDU8SS?A_COMFUNC

*** WARNING L16: UNCALLED SEGMENT, IGNORED FOR OVERLAY PROCESS
    SEGMENT: ?PR?_INITADC?STC12_ADC

*** WARNING L16: UNCALLED SEGMENT, IGNORED FOR OVERLAY PROCESS
    SEGMENT: ?PR?_GETADCRESULT?STC12_ADC

Program Size: data=18.1 xdata=615 code=15395
LINK/LOCATE RUN COMPLETE.  3 WARNING(S),  0 ERROR(S)
